Component: ARM Compiler 5.05 update 1 (build 106) Tool: armlink [4d0efa]

==============================================================================

Section Cross References

    startup_stm32f103xe.o(STACK) refers (Special) to heapauxi.o(.text) for __use_two_region_memory
    startup_stm32f103xe.o(HEAP) refers (Special) to heapauxi.o(.text) for __use_two_region_memory
    startup_stm32f103xe.o(RESET) refers (Special) to heapauxi.o(.text) for __use_two_region_memory
    startup_stm32f103xe.o(RESET) refers to startup_stm32f103xe.o(STACK) for __initial_sp
    startup_stm32f103xe.o(RESET) refers to startup_stm32f103xe.o(.text) for Reset_Handler
    startup_stm32f103xe.o(RESET) refers to stm32f1xx_it.o(i.NMI_Handler) for NMI_Handler
    startup_stm32f103xe.o(RESET) refers to stm32f1xx_it.o(i.HardFault_Handler) for HardFault_Handler
    startup_stm32f103xe.o(RESET) refers to stm32f1xx_it.o(i.MemManage_Handler) for MemManage_Handler
    startup_stm32f103xe.o(RESET) refers to stm32f1xx_it.o(i.BusFault_Handler) for BusFault_Handler
    startup_stm32f103xe.o(RESET) refers to stm32f1xx_it.o(i.UsageFault_Handler) for UsageFault_Handler
    startup_stm32f103xe.o(RESET) refers to stm32f1xx_it.o(i.SVC_Handler) for SVC_Handler
    startup_stm32f103xe.o(RESET) refers to stm32f1xx_it.o(i.DebugMon_Handler) for DebugMon_Handler
    startup_stm32f103xe.o(RESET) refers to gtim.o(i.TIM3_IRQHandler) for TIM3_IRQHandler
    startup_stm32f103xe.o(RESET) refers to usart.o(i.USART1_IRQHandler) for USART1_IRQHandler
    startup_stm32f103xe.o(RESET) refers to atk_mw8266d_uart.o(i.USART3_IRQHandler) for USART3_IRQHandler
    startup_stm32f103xe.o(.text) refers (Special) to heapauxi.o(.text) for __use_two_region_memory
    startup_stm32f103xe.o(.text) refers to system_stm32f1xx.o(i.SystemInit) for SystemInit
    startup_stm32f103xe.o(.text) refers to __main.o(!!!main) for __main
    startup_stm32f103xe.o(.text) refers to startup_stm32f103xe.o(HEAP) for Heap_Mem
    startup_stm32f103xe.o(.text) refers to startup_stm32f103xe.o(STACK) for Stack_Mem
    main.o(i.main) refers to stm32f1xx_hal.o(i.HAL_Init) for HAL_Init
    main.o(i.main) refers to sys.o(i.sys_stm32_clock_init) for sys_stm32_clock_init
    main.o(i.main) refers to delay.o(i.delay_init) for delay_init
    main.o(i.main) refers to usart.o(i.usart_init) for usart_init
    main.o(i.main) refers to led.o(i.led_init) for led_init
    main.o(i.main) refers to key.o(i.key_init) for key_init
    main.o(i.main) refers to lcd.o(i.lcd_init) for lcd_init
    main.o(i.main) refers to gtim.o(i.gtim_timx_pwm_chy_init) for gtim_timx_pwm_chy_init
    main.o(i.main) refers to main.o(i.show_mesg) for show_mesg
    main.o(i.main) refers to demo.o(i.demo_run) for demo_run
    main.o(i.show_mesg) refers to lcd.o(i.lcd_show_string) for lcd_show_string
    main.o(i.show_mesg) refers to __2printf.o(.text) for __2printf
    system_stm32f1xx.o(i.SystemCoreClockUpdate) refers to system_stm32f1xx.o(.data) for .data
    system_stm32f1xx.o(i.SystemCoreClockUpdate) refers to system_stm32f1xx.o(.constdata) for .constdata
    demo.o(i.demo_key0_fun) refers to atk_mw8266d_uart.o(i.atk_mw8266d_uart_printf) for atk_mw8266d_uart_printf
    demo.o(i.demo_key0_fun) refers to atk_mw8266d.o(i.atk_mw8266d_at_test) for atk_mw8266d_at_test
    demo.o(i.demo_key0_fun) refers to __2printf.o(.text) for __2printf
    demo.o(i.demo_key1_fun) refers to atk_mw8266d.o(i.atk_mw8266d_exit_unvarnished) for atk_mw8266d_exit_unvarnished
    demo.o(i.demo_key1_fun) refers to __2printf.o(.text) for __2printf
    demo.o(i.demo_key1_fun) refers to atk_mw8266d.o(i.atk_mw8266d_enter_unvarnished) for atk_mw8266d_enter_unvarnished
    demo.o(i.demo_run) refers to atk_mw8266d.o(i.atk_mw8266d_init) for atk_mw8266d_init
    demo.o(i.demo_run) refers to __2printf.o(.text) for __2printf
    demo.o(i.demo_run) refers to stm32f1xx_hal_gpio.o(i.HAL_GPIO_TogglePin) for HAL_GPIO_TogglePin
    demo.o(i.demo_run) refers to delay.o(i.delay_ms) for delay_ms
    demo.o(i.demo_run) refers to atk_mw8266d.o(i.atk_mw8266d_restore) for atk_mw8266d_restore
    demo.o(i.demo_run) refers to atk_mw8266d.o(i.atk_mw8266d_at_test) for atk_mw8266d_at_test
    demo.o(i.demo_run) refers to atk_mw8266d.o(i.atk_mw8266d_set_mode) for atk_mw8266d_set_mode
    demo.o(i.demo_run) refers to atk_mw8266d.o(i.atk_mw8266d_sw_reset) for atk_mw8266d_sw_reset
    demo.o(i.demo_run) refers to atk_mw8266d.o(i.atk_mw8266d_ate_config) for atk_mw8266d_ate_config
    demo.o(i.demo_run) refers to atk_mw8266d.o(i.atk_mw8266d_join_ap) for atk_mw8266d_join_ap
    demo.o(i.demo_run) refers to atk_mw8266d.o(i.atk_mw8266d_get_ip) for atk_mw8266d_get_ip
    demo.o(i.demo_run) refers to demo.o(i.demo_show_ip) for demo_show_ip
    demo.o(i.demo_run) refers to atk_mw8266d.o(i.atk_mw8266d_connect_tcp_server) for atk_mw8266d_connect_tcp_server
    demo.o(i.demo_run) refers to atk_mw8266d_uart.o(i.atk_mw8266d_uart_rx_restart) for atk_mw8266d_uart_rx_restart
[...]
    .data                                    0x20000080   Section       12  stm32f1xx_hal.o(.data)
    .data                                    0x2000008c   Section        1  key.o(.data)
    key_up                                   0x2000008c   Data           1  key.o(.data)
    .bss                                     0x20000090   Section       86  lcd.o(.bss)
    .bss                                     0x200000e8   Section      264  usart.o(.bss)
    .bss                                     0x200001f0   Section      260  atk_mw8266d_uart.o(.bss)
    g_uart_rx_frame                          0x200001f0   Data         130  atk_mw8266d_uart.o(.bss)
    g_uart_handle                            0x20000274   Data          64  atk_mw8266d_uart.o(.bss)
    g_uart_tx_buf                            0x200002b4   Data          64  atk_mw8266d_uart.o(.bss)
    .bss                                     0x200002f4   Section      144  gtim.o(.bss)
    .bss                                     0x20000384   Section       96  libspace.o(.bss)
    HEAP                                     0x200003e8   Section      512  startup_stm32f103xe.o(HEAP)
    Heap_Mem                                 0x200003e8   Data         512  startup_stm32f103xe.o(HEAP)
    STACK                                    0x200005e8   Section     1024  startup_stm32f103xe.o(STACK)
    Stack_Mem                                0x200005e8   Data        1024  startup_stm32f103xe.o(STACK)
    __initial_sp                             0x200009e8   Data           0  startup_stm32f103xe.o(STACK)

    Global Symbols

    Symbol Name                              Value     Ov Type        Size  Object(Section)

    BuildAttributes$$THM_ISAv4$P$D$K$B$S$PE$A:L22UL41UL21$X:L11$S22US41US21$IEEE1$IW$USESV6$~STKCKD$USESV7$~SHL$OTIME$ROPI$IEEEX$EBA8$UX$STANDARDLIB$REQ8$PRES8$EABIv2 0x00000000   Number         0  anon$$obj.o ABSOLUTE
    __ARM_use_no_argv                        0x00000000   Number         0  main.o ABSOLUTE
    _printf_flags                            0x00000000   Number         0  printf_stubs.o ABSOLUTE
    _printf_return_value                     0x00000000   Number         0  printf_stubs.o ABSOLUTE
    _printf_sizespec                         0x00000000   Number         0  printf_stubs.o ABSOLUTE
    _printf_widthprec                        0x00000000   Number         0  printf_stubs.o ABSOLUTE
    __ARM_exceptions_init                     - Undefined Weak Reference
    __alloca_initialize                       - Undefined Weak Reference
    __arm_preinit_                            - Undefined Weak Reference
    __cpp_initialize__aeabi_                  - Undefined Weak Reference
    __cxa_finalize                            - Undefined Weak Reference
    __sigvec_lookup                           - Undefined Weak Reference
    _atexit_init                              - Undefined Weak Reference
    _call_atexit_fns                          - Undefined Weak Reference
    _clock_init                               - Undefined Weak Reference
    _fp_trap_init                             - Undefined Weak Reference
    _fp_trap_shutdown                         - Undefined Weak Reference
    _get_lc_collate                           - Undefined Weak Reference
    _get_lc_monetary                          - Undefined Weak Reference
    _get_lc_time                              - Undefined Weak Reference
    _getenv_init                              - Undefined Weak Reference
    _handle_redirection                       - Undefined Weak Reference
    _init_alloc                               - Undefined Weak Reference
    _init_user_alloc                          - Undefined Weak Reference
    _initio                                   - Undefined Weak Reference
    _mutex_acquire                            - Undefined Weak Reference
    _mutex_release                            - Undefined Weak Reference
    _printf_mbtowc                            - Undefined Weak Reference
    _printf_wc                                - Undefined Weak Reference
    _rand_init                                - Undefined Weak Reference
    _signal_finish                            - Undefined Weak Reference
    _signal_init                              - Undefined Weak Reference
    _terminate_alloc                          - Undefined Weak Reference
    _terminate_user_alloc                     - Undefined Weak Reference
    _terminateio                              - Undefined Weak Reference
    __Vectors_Size                           0x00000130   Number         0  startup_stm32f103xe.o ABSOLUTE
    __Vectors                                0x08000000   Data           4  startup_stm32f103xe.o(RESET)
    __Vectors_End                            0x08000130   Data           0  startup_stm32f103xe.o(RESET)
    __main                                   0x08000131   Thumb Code     8  __main.o(!!!main)
    __scatterload                            0x08000139   Thumb Code     0  __scatter.o(!!!scatter)
    __scatterload_rt2                        0x08000139   Thumb Code    44  __scatter.o(!!!scatter)
    __scatterload_rt2_thumb_only             0x08000139   Thumb Code     0  __scatter.o(!!!scatter)
    __scatterload_null                       0x08000147   Thumb Code     0  __scatter.o(!!!scatter)
    __scatterload_copy                       0x0800016d   Thumb Code    26  __scatter_copy.o(!!handler_copy)
    __scatterload_zeroinit                   0x08000189   Thumb Code    28  __scatter_zi.o(!!handler_zi)
    _printf_n                                0x080001a5   Thumb Code     0  _printf_n.o(.ARM.Collect$$_printf_percent$$00000001)
    _printf_percent                          0x080001a5   Thumb Code     0  _printf_percent.o(.ARM.Collect$$_printf_percent$$00000000)
    _printf_p                                0x080001ab   Thumb Code     0  _printf_p.o(.ARM.Collect$$_printf_percent$$00000002)
    _printf_f                                0x080001b1   Thumb Code     0  _printf_f.o(.ARM.Collect$$_printf_percent$$00000003)
    _printf_e                                0x080001b7   Thumb Code     0  _printf_e.o(.ARM.Collect$$_printf_percent$$00000004)
    _printf_g                                0x080001bd   Thumb Code     0  _printf_g.o(.ARM.Collect$$_printf_percent$$00000005)
    _printf_a                                0x080001c3   Thumb Code     0  _printf_a.o(.ARM.Collect$$_printf_percent$$00000006)
    _printf_ll                               0x080001c9   Thumb Code     0  _printf_ll.o(.ARM.Collect$$_printf_percent$$00000007)
    _printf_i                                0x080001d3   Thumb Code     0  _printf_i.o(.ARM.Collect$$_printf_percent$$00000008)
    _printf_d                                0x080001d9   Thumb Code     0  _printf_d.o(.ARM.Collect$$_printf_percent$$00000009)
    _printf_u                                0x080001df   Thumb Code     0  _printf_u.o(.ARM.Collect$$_printf_percent$$0000000A)
    _printf_o                                0x080001e5   Thumb Code     0  _printf_o.o(.ARM.Collect$$_printf_percent$$0000000B)
    _printf_x                                0x080001eb   Thumb Code     0  _printf_x.o(.ARM.Collect$$_printf_percent$$0000000C)
    _printf_lli                              0x080001f1   Thumb Code     0  _printf_lli.o(.ARM.Collect$$_printf_percent$$0000000D)
    _printf_lld                              0x080001f7   Thumb Code     0  _printf_lld.o(.ARM.Collect$$_printf_percent$$0000000E)
    _printf_llu                              0x080001fd   Thumb Code     0  _printf_llu.o(.ARM.Collect$$_printf_percent$$0000000F)
    _printf_llo                              0x08000203   Thumb Code     0  _printf_llo.o(.ARM.Collect$$_printf_percent$$00000010)
    _printf_llx                              0x08000209   Thumb Code     0  _printf_llx.o(.ARM.Collect$$_printf_percent$$00000011)
    _printf_l                                0x0800020f   Thumb Code     0  _printf_l.o(.ARM.Collect$$_printf_percent$$00000012)
    _printf_c                                0x08000219   Thumb Code     0  _printf_c.o(.ARM.Collect$$_printf_percent$$00000013)
    _printf_s                                0x0800021f   Thumb Code     0  _printf_s.o(.ARM.Collect$$_printf_percent$$00000014)
    _printf_lc                               0x08000225   Thumb Code     0  _printf_lc.o(.ARM.Collect$$_printf_percent$$00000015)
    _printf_ls                               0x0800022b   Thumb Code     0  _printf_ls.o(.ARM.Collect$$_printf_percent$$00000016)
    _printf_percent_end                      0x08000231   Thumb Code     0  _printf_percent_end.o(.ARM.Collect$$_printf_percent$$00000017)
    __rt_lib_init                            0x08000235   Thumb Code     0  libinit.o(.ARM.Collect$$libinit$$00000000)
    __rt_lib_init_fp_1                       0x08000237   Thumb Code     0  libinit2.o(.ARM.Collect$$libinit$$00000002)
    __rt_lib_init_heap_1                     0x08000237   Thumb Code     0  libinit2.o(.ARM.Collect$$libinit$$0000000A)
    __rt_lib_init_lc_common                  0x08000237   Thumb Code     0  libinit2.o(.ARM.Collect$$libinit$$0000000F)
    __rt_lib_init_preinit_1                  0x08000237   Thumb Code     0  libinit2.o(.ARM.Collect$$libinit$$00000004)
    __rt_lib_init_rand_1                     0x08000237   Thumb Code     0  libinit2.o(.ARM.Collect$$libinit$$0000000E)
    __rt_lib_init_user_alloc_1               0x08000237   Thumb Code     0  libinit2.o(.ARM.Collect$$libinit$$0000000C)
    __rt_lib_init_lc_collate_1               0x0800023d   Thumb Code     0  libinit2.o(.ARM.Collect$$libinit$$00000011)
    __rt_lib_init_lc_ctype_2                 0x0800023d   Thumb Code     0  libinit2.o(.ARM.Collect$$libinit$$00000012)
    __rt_lib_init_lc_ctype_1                 0x08000249   Thumb Code     0  libinit2.o(.ARM.Collect$$libinit$$00000013)
    __rt_lib_init_lc_monetary_1              0x08000249   Thumb Code     0  libinit2.o(.ARM.Collect$$libinit$$00000015)
    __rt_lib_init_lc_numeric_2               0x08000249   Thumb Code     0  libinit2.o(.ARM.Collect$$libinit$$00000016)
    __rt_lib_init_alloca_1                   0x08000253   Thumb Code     0  libinit2.o(.ARM.Collect$$libinit$$0000002E)
    __rt_lib_init_argv_1                     0x08000253   Thumb Code     0  libinit2.o(.ARM.Collect$$libinit$$0000002C)
    __rt_lib_init_atexit_1                   0x08000253   Thumb Code     0  libinit2.o(.ARM.Collect$$libinit$$0000001B)
    __rt_lib_init_clock_1                    0x08000253   Thumb Code     0  libinit2.o(.ARM.Collect$$libinit$$00000021)
    __rt_lib_init_cpp_1                      0x08000253   Thumb Code     0  libinit2.o(.ARM.Collect$$libinit$$00000032)
    __rt_lib_init_exceptions_1               0x08000253   Thumb Code     0  libinit2.o(.ARM.Collect$$libinit$$00000030)
    __rt_lib_init_fp_trap_1                  0x08000253   Thumb Code     0  libinit2.o(.ARM.Collect$$libinit$$0000001F)
    __rt_lib_init_getenv_1                   0x08000253   Thumb Code     0  libinit2.o(.ARM.Collect$$libinit$$00000023)
    __rt_lib_init_lc_numeric_1               0x08000253   Thumb Code     0  libinit2.o(.ARM.Collect$$libinit$$00000017)
    __rt_lib_init_lc_time_1                  0x08000253   Thumb Code     0  libinit2.o(.ARM.Collect$$libinit$$00000019)
    __rt_lib_init_return                     0x08000253   Thumb Code     0  libinit2.o(.ARM.Collect$$libinit$$00000033)
    __rt_lib_init_signal_1                   0x08000253   Thumb Code     0  libinit2.o(.ARM.Collect$$libinit$$0000001D)
    __rt_lib_init_stdio_1                    0x08000253   Thumb Code     0  libinit2.o(.ARM.Collect$$libinit$$00000025)
    __rt_lib_shutdown                        0x08000255   Thumb Code     0  libshutdown.o(.ARM.Collect$$libshutdown$$00000000)
    __rt_lib_shutdown_fp_trap_1              0x08000257   Thumb Code     0  libshutdown2.o(.ARM.Collect$$libshutdown$$00000006)
    __rt_lib_shutdown_heap_1                 0x08000257   Thumb Code     0  libshutdown2.o(.ARM.Collect$$libshutdown$$0000000E)
    __rt_lib_shutdown_return                 0x08000257   Thumb Code     0  libshutdown2.o(.ARM.Collect$$libshutdown$$0000000F)
    __rt_lib_shutdown_signal_1               0x08000257   Thumb Code     0  libshutdown2.o(.ARM.Collect$$libshutdown$$00000009)
    __rt_lib_shutdown_stdio_1                0x08000257   Thumb Code     0  libshutdown2.o(.ARM.Collect$$libshutdown$$00000003)
    __rt_lib_shutdown_user_alloc_1           0x08000257   Thumb Code     0  libshutdown2.o(.ARM.Collect$$libshutdown$$0000000B)
    __rt_entry                               0x08000259   Thumb Code     0  __rtentry.o(.ARM.Collect$$rtentry$$00000000)
    __rt_entry_presh_1                       0x08000259   Thumb Code     0  __rtentry2.o(.ARM.Collect$$rtentry$$00000002)
    __rt_entry_sh                            0x08000259   Thumb Code     0  __rtentry4.o(.ARM.Collect$$rtentry$$00000004)
    __rt_entry_li                            0x0800025f   Thumb Code     0  __rtentry2.o(.ARM.Collect$$rtentry$$0000000A)
    __rt_entry_postsh_1                      0x0800025f   Thumb Code     0  __rtentry2.o(.ARM.Collect$$rtentry$$00000009)
    __rt_entry_main                          0x08000263   Thumb Code     0  __rtentry2.o(.ARM.Collect$$rtentry$$0000000D)
    __rt_entry_postli_1                      0x08000263   Thumb Code     0  __rtentry2.o(.ARM.Collect$$rtentry$$0000000C)
    __rt_exit                                0x0800026b   Thumb Code     0  rtexit.o(.ARM.Collect$$rtexit$$00000000)
    __rt_exit_ls                             0x0800026d   Thumb Code     0  rtexit2.o(.ARM.Collect$$rtexit$$00000003)
    __rt_exit_prels_1                        0x0800026d   Thumb Code     0  rtexit2.o(.ARM.Collect$$rtexit$$00000002)
    __rt_exit_exit                           0x08000271   Thumb Code     0  rtexit2.o(.ARM.Collect$$rtexit$$00000004)
    Reset_Handler                            0x08000279   Thumb Code     8  startup_stm32f103xe.o(.text)
    PendSV_Handler                           0x0800028f   Thumb Code     2  startup_stm32f103xe.o(.text)
    SysTick_Handler                          0x08000291   Thumb Code     2  startup_stm32f103xe.o(.text)
    ADC1_2_IRQHandler                        0x08000293   Thumb Code     0  startup_stm32f103xe.o(.text)
    ADC3_IRQHandler                          0x08000293   Thumb Code     0  startup_stm32f103xe.o(.text)
    CAN1_RX1_IRQHandler                      0x08000293   Thumb Code     0  startup_stm32f103xe.o(.text)
    CAN1_SCE_IRQHandler                      0x08000293   Thumb Code     0  startup_stm32f103xe.o(.text)
    DMA1_Channel1_IRQHandler                 0x08000293   Thumb Code     0  startup_stm32f103xe.o(.text)
    DMA1_Channel2_IRQHandler                 0x08000293   Thumb Code     0  startup_stm32f103xe.o(.text)
    DMA1_Channel3_IRQHandler                 0x08000293   Thumb Code     0  startup_stm32f103xe.o(.text)
    DMA1_Channel4_IRQHandler                 0x08000293   Thumb Code     0  startup_stm32f103xe.o(.text)
    DMA1_Channel5_IRQHandler                 0x08000293   Thumb Code     0  startup_stm32f103xe.o(.text)
    DMA1_Channel6_IRQHandler                 0x08000293   Thumb Code     0  startup_stm32f103xe.o(.text)
    DMA1_Channel7_IRQHandler                 0x08000293   Thumb Code     0  startup_stm32f103xe.o(.text)
    DMA2_Channel1_IRQHandler                 0x08000293   Thumb Code     0  startup_stm32f103xe.o(.text)
    DMA2_Channel2_IRQHandler                 0x08000293   Thumb Code     0  startup_stm32f103xe.o(.text)
    DMA2_Channel3_IRQHandler                 0x08000293   Thumb Code     0  startup_stm32f103xe.o(.text)
    DMA2_Channel4_5_IRQHandler               0x08000293   Thumb Code     0  startup_stm32f103xe.o(.text)
    EXTI0_IRQHandler                         0x08000293   Thumb Code     0  startup_stm32f103xe.o(.text)
    EXTI15_10_IRQHandler                     0x08000293   Thumb Code     0  startup_stm32f103xe.o(.text)
    EXTI1_IRQHandler                         0x08000293   Thumb Code     0  startup_stm32f103xe.o(.text)
    EXTI2_IRQHandler                         0x08000293   Thumb Code     0  startup_stm32f103xe.o(.text)
    EXTI3_IRQHandler                         0x08000293   Thumb Code     0  startup_stm32f103xe.o(.text)
    EXTI4_IRQHandler                         0x08000293   Thumb Code     0  startup_stm32f103xe.o(.text)
    EXTI9_5_IRQHandler                       0x08000293   Thumb Code     0  startup_stm32f103xe.o(.text)
    FLASH_IRQHandler                         0x08000293   Thumb Code     0  startup_stm32f103xe.o(.text)
    FSMC_IRQHandler                          0x08000293   Thumb Code     0  startup_stm32f103xe.o(.text)
    I2C1_ER_IRQHandler                       0x08000293   Thumb Code     0  startup_stm32f103xe.o(.text)
    I2C1_EV_IRQHandler                       0x08000293   Thumb Code     0  startup_stm32f103xe.o(.text)
    I2C2_ER_IRQHandler                       0x08000293   Thumb Code     0  startup_stm32f103xe.o(.text)
    I2C2_EV_IRQHandler                       0x08000293   Thumb Code     0  startup_stm32f103xe.o(.text)
    PVD_IRQHandler                           0x08000293   Thumb Code     0  startup_stm32f103xe.o(.text)
    RCC_IRQHandler                           0x08000293   Thumb Code     0  startup_stm32f103xe.o(.text)
    RTC_Alarm_IRQHandler                     0x08000293   Thumb Code     0  startup_stm32f103xe.o(.text)
    RTC_IRQHandler                           0x08000293   Thumb Code     0  startup_stm32f103xe.o(.text)
    SDIO_IRQHandler                          0x08000293   Thumb Code     0  startup_stm32f103xe.o(.text)
    SPI1_IRQHandler                          0x08000293   Thumb Code     0  startup_stm32f103xe.o(.text)
    SPI2_IRQHandler                          0x08000293   Thumb Code     0  startup_stm32f103xe.o(.text)
    SPI3_IRQHandler                          0x08000293   Thumb Code     0  startup_stm32f103xe.o(.text)
    TAMPER_IRQHandler                        0x08000293   Thumb Code     0  startup_stm32f103xe.o(.text)
    TIM1_BRK_IRQHandler                      0x08000293   Thumb Code     0  startup_stm32f103xe.o(.text)
    TIM1_CC_IRQHandler                       0x08000293   Thumb Code     0  startup_stm32f103xe.o(.text)
    TIM1_TRG_COM_IRQHandler                  0x08000293   Thumb Code     0  startup_stm32f103xe.o(.text)
    TIM1_UP_IRQHandler                       0x08000293   Thumb Code     0  startup_stm32f103xe.o(.text)
    TIM2_IRQHandler                          0x08000293   Thumb Code     0  startup_stm32f103xe.o(.text)
    TIM4_IRQHandler                          0x08000293   Thumb Code     0  startup_stm32f103xe.o(.text)
    TIM5_IRQHandler                          0x08000293   Thumb Code     0  startup_stm32f103xe.o(.text)
    TIM6_IRQHandler                          0x08000293   Thumb Code     0  startup_stm32f103xe.o(.text)
    TIM7_IRQHandler                          0x08000293   Thumb Code     0  startup_stm32f103xe.o(.text)
    TIM8_BRK_IRQHandler                      0x08000293   Thumb Code     0  startup_stm32f103xe.o(.text)
    TIM8_CC_IRQHandler                       0x08000293   Thumb Code     0  startup_stm32f103xe.o(.text)
    TIM8_TRG_COM_IRQHandler                  0x08000293   Thumb Code     0  startup_stm32f103xe.o(.text)
    TIM8_UP_IRQHandler                       0x08000293   Thumb Code     0  startup_stm32f103xe.o(.text)
    UART4_IRQHandler                         0x08000293   Thumb Code     0  startup_stm32f103xe.o(.text)
    UART5_IRQHandler                         0x08000293   Thumb Code     0  startup_stm32f103xe.o(.text)
    USART2_IRQHandler                        0x08000293   Thumb Code     0  startup_stm32f103xe.o(.text)
    USBWakeUp_IRQHandler                     0x08000293   Thumb Code     0  startup_stm32f103xe.o(.text)
    USB_HP_CAN1_TX_IRQHandler                0x08000293   Thumb Code     0  startup_stm32f103xe.o(.text)
    USB_LP_CAN1_RX0_IRQHandler               0x08000293   Thumb Code     0  startup_stm32f103xe.o(.text)
    WWDG_IRQHandler                          0x08000293   Thumb Code     0  startup_stm32f103xe.o(.text)
    __user_initial_stackheap                 0x08000295   Thumb Code     0  startup_stm32f103xe.o(.text)
    __use_no_semihosting                     0x080002b9   Thumb Code     2  use_no_semi_2.o(.text)
    vsprintf                                 0x080002bd   Thumb Code    32  vsprintf.o(.text)
    __2printf                                0x080002e1   Thumb Code    20  __2printf.o(.text)
    __2sprintf                               0x080002f9   Thumb Code    38  __2sprintf.o(.text)
    _printf_str                              0x08000325   Thumb Code    82  _printf_str.o(.text)
    _printf_int_dec                          0x08000379   Thumb Code   104  _printf_dec.o(.text)
    _printf_longlong_hex                     0x080003f1   Thumb Code    86  _printf_hex_int_ll_ptr.o(.text)
    _printf_int_hex                          0x08000447   Thumb Code    28  _printf_hex_int_ll_ptr.o(.text)
    _printf_ll_hex                           0x08000463   Thumb Code    12  _printf_hex_int_ll_ptr.o(.text)
    _printf_hex_ptr                          0x0800046f   Thumb Code    18  _printf_hex_int_ll_ptr.o(.text)
    __printf                                 0x08000485   Thumb Code   388  __printf_flags_ss_wp.o(.text)
    strstr                                   0x0800060d   Thumb Code    36  strstr.o(.text)
    strlen                                   0x08000631   Thumb Code    62  strlen.o(.text)
    __aeabi_memclr4                          0x0800066f   Thumb Code     0  rt_memclr_w.o(.text)
    __aeabi_memclr8                          0x0800066f   Thumb Code     0  rt_memclr_w.o(.text)
    __rt_memclr_w                            0x0800066f   Thumb Code    78  rt_memclr_w.o(.text)
    _memset_w                                0x08000673   Thumb Code     0  rt_memclr_w.o(.text)
    __use_two_region_memory                  0x080006bd   Thumb Code     2  heapauxi.o(.text)
    __rt_heap_escrow$2region                 0x080006bf   Thumb Code     2  heapauxi.o(.text)
    __rt_heap_expand$2region                 0x080006c1   Thumb Code     2  heapauxi.o(.text)
    __semihosting$guard                      0x080006c3   Thumb Code     0  use_no_semi.o(.text)
    __use_no_semihosting_swi                 0x080006c3   Thumb Code     2  use_no_semi.o(.text)
    __read_errno                             0x080006c5   Thumb Code    10  _rserrno.o(.text)
    __set_errno                              0x080006cf   Thumb Code    12  _rserrno.o(.text)
    _printf_pre_padding                      0x080006db   Thumb Code    44  _printf_pad.o(.text)
    _printf_post_padding                     0x08000707   Thumb Code    34  _printf_pad.o(.text)
    _printf_truncate_signed                  0x08000729   Thumb Code    18  _printf_truncate.o(.text)
    _printf_truncate_unsigned                0x0800073b   Thumb Code    18  _printf_truncate.o(.text)
    _printf_int_common                       0x0800074d   Thumb Code   178  _printf_intcommon.o(.text)
    _printf_charcount                        0x080007ff   Thumb Code    40  _printf_charcount.o(.text)
    _printf_char_common                      0x08000833   Thumb Code    32  _printf_char_common.o(.text)
    _sputc                                   0x08000859   Thumb Code    10  _sputc.o(.text)
    _printf_cs_common                        0x08000863   Thumb Code    20  _printf_char.o(.text)
    _printf_char                             0x08000877   Thumb Code    16  _printf_char.o(.text)
    _printf_string                           0x08000887   Thumb Code     8  _printf_char.o(.text)
    _printf_char_file                        0x08000891   Thumb Code    32  _printf_char_file.o(.text)
    _printf_wctomb                           0x080008b5   Thumb Code   182  _printf_wctomb.o(.text)
    _printf_longlong_dec                     0x08000971   Thumb Code   108  _printf_longlong_dec.o(.text)
    _printf_longlong_oct                     0x080009ed   Thumb Code    68  _printf_oct_int_ll.o(.text)
    _printf_int_oct                          0x08000a31   Thumb Code    24  _printf_oct_int_ll.o(.text)
    _printf_ll_oct                           0x08000a49   Thumb Code    12  _printf_oct_int_ll.o(.text)
    __aeabi_errno_addr                       0x08000a5d   Thumb Code     8  rt_errno_addr_intlibspace.o(.text)
    __errno$intlibspace                      0x08000a5d   Thumb Code     0  rt_errno_addr_intlibspace.o(.text)
    __rt_errno_addr$intlibspace              0x08000a5d   Thumb Code     0  rt_errno_addr_intlibspace.o(.text)
    _ll_udiv10                               0x08000a65   Thumb Code   138  lludiv10.o(.text)
    __lib_sel_fp_printf                      0x08000aef   Thumb Code     2  _printf_fp_dec.o(.text)
    _printf_fp_dec_real                      0x08000c9d   Thumb Code   620  _printf_fp_dec.o(.text)
    _printf_fp_hex_real                      0x08000f09   Thumb Code   754  _printf_fp_hex.o(.text)
    _printf_lcs_common                       0x08001205   Thumb Code    20  _printf_wchar.o(.text)
    _printf_wchar                            0x08001219   Thumb Code    16  _printf_wchar.o(.text)
    _printf_wstring                          0x08001229   Thumb Code     8  _printf_wchar.o(.text)
    ferror                                   0x08001231   Thumb Code     8  ferror.o(.text)
    _wcrtomb                                 0x08001239   Thumb Code    64  _wcrtomb.o(.text)
    __user_libspace                          0x08001279   Thumb Code     8  libspace.o(.text)
    __user_perproc_libspace                  0x08001279   Thumb Code     0  libspace.o(.text)
    __user_perthread_libspace                0x08001279   Thumb Code     0  libspace.o(.text)
    __user_setup_stackheap                   0x08001281   Thumb Code    74  sys_stackheap_outer.o(.text)
    __rt_ctype_table                         0x080012cd   Thumb Code    16  rt_ctype_table.o(.text)
    __rt_locale                              0x080012dd   Thumb Code     8  rt_locale_intlibspace.o(.text)
    _printf_fp_infnan                        0x080012e5   Thumb Code   112  _printf_fp_infnan.o(.text)
    _btod_etento                             0x08001365   Thumb Code   216  bigflt0.o(.text)
    exit                                     0x08001441   Thumb Code    12  exit.o(.text)
    strcmp                                   0x0800144d   Thumb Code   128  strcmpv7m.o(.text)
    _btod_d2e                                0x080014cd   Thumb Code    62  btod.o(CL$$btod_d2e)
    _d2e_denorm_low                          0x0800150b   Thumb Code    70  btod.o(CL$$btod_d2e_denorm_low)
    _d2e_norm_op1                            0x08001551   Thumb Code    96  btod.o(CL$$btod_d2e_norm_op1)
    __btod_div_common                        0x080015b1   Thumb Code   696  btod.o(CL$$btod_div_common)
    _e2e                                     0x080018e9   Thumb Code   198  btod.o(CL$$btod_e2e)
    _btod_ediv                               0x080019af   Thumb Code    40  btod.o(CL$$btod_ediv)
    _btod_emul                               0x080019d7   Thumb Code    40  btod.o(CL$$btod_emul)
    __btod_mult_common                       0x080019ff   Thumb Code   580  btod.o(CL$$btod_mult_common)
    BusFault_Handler                         0x08001c43   Thumb Code     2  stm32f1xx_it.o(i.BusFault_Handler)
    DebugMon_Handler                         0x08001c45   Thumb Code     2  stm32f1xx_it.o(i.DebugMon_Handler)
    FSMC_NORSRAM_Extended_Timing_Init        0x08001c49   Thumb Code    60  stm32f1xx_ll_fsmc.o(i.FSMC_NORSRAM_Extended_Timing_Init)
    FSMC_NORSRAM_Init                        0x08001c89   Thumb Code    98  stm32f1xx_ll_fsmc.o(i.FSMC_NORSRAM_Init)
    FSMC_NORSRAM_Timing_Init                 0x08001cf1   Thumb Code    62  stm32f1xx_ll_fsmc.o(i.FSMC_NORSRAM_Timing_Init)
    HAL_DMA_Abort_IT                         0x08001d31   Thumb Code   328  stm32f1xx_hal_dma.o(i.HAL_DMA_Abort_IT)
    HAL_GPIO_Init                            0x08001e81   Thumb Code   492  stm32f1xx_hal_gpio.o(i.HAL_GPIO_Init)
    HAL_GPIO_ReadPin                         0x08002095   Thumb Code    14  stm32f1xx_hal_gpio.o(i.HAL_GPIO_ReadPin)
    HAL_GPIO_TogglePin                       0x080020a3   Thumb Code    16  stm32f1xx_hal_gpio.o(i.HAL_GPIO_TogglePin)
    HAL_GPIO_WritePin                        0x080020b3   Thumb Code    14  stm32f1xx_hal_gpio.o(i.HAL_GPIO_WritePin)
    HAL_GetTick                              0x080020c1   Thumb Code     6  stm32f1xx_hal.o(i.HAL_GetTick)
    HAL_Init                                 0x080020cd   Thumb Code    32  stm32f1xx_hal.o(i.HAL_Init)
    HAL_InitTick                             0x080020f1   Thumb Code    58  stm32f1xx_hal.o(i.HAL_InitTick)
    HAL_MspInit                              0x08002135   Thumb Code     2  stm32f1xx_hal.o(i.HAL_MspInit)
    HAL_NVIC_EnableIRQ                       0x08002137   Thumb Code    26  stm32f1xx_hal_cortex.o(i.HAL_NVIC_EnableIRQ)
    HAL_NVIC_SetPriority                     0x08002151   Thumb Code    60  stm32f1xx_hal_cortex.o(i.HAL_NVIC_SetPriority)
    HAL_NVIC_SetPriorityGrouping             0x08002191   Thumb Code    26  stm32f1xx_hal_cortex.o(i.HAL_NVIC_SetPriorityGrouping)
    HAL_RCC_ClockConfig                      0x080021b5   Thumb Code   318  stm32f1xx_hal_rcc.o(i.HAL_RCC_ClockConfig)
    HAL_RCC_GetHCLKFreq                      0x08002309   Thumb Code     6  stm32f1xx_hal_rcc.o(i.HAL_RCC_GetHCLKFreq)
    HAL_RCC_GetPCLK1Freq                     0x08002315   Thumb Code    22  stm32f1xx_hal_rcc.o(i.HAL_RCC_GetPCLK1Freq)
    HAL_RCC_GetPCLK2Freq                     0x08002335   Thumb Code    22  stm32f1xx_hal_rcc.o(i.HAL_RCC_GetPCLK2Freq)
    HAL_RCC_GetSysClockFreq                  0x08002355   Thumb Code    82  stm32f1xx_hal_rcc.o(i.HAL_RCC_GetSysClockFreq)
    HAL_RCC_OscConfig                        0x080023c9   Thumb Code   882  stm32f1xx_hal_rcc.o(i.HAL_RCC_OscConfig)
    HAL_SRAM_Init                            0x0800274d   Thumb Code   102  stm32f1xx_hal_sram.o(i.HAL_SRAM_Init)
    HAL_SRAM_MspInit                         0x080027b5   Thumb Code    98  lcd.o(i.HAL_SRAM_MspInit)
    HAL_SYSTICK_CLKSourceConfig              0x08002825   Thumb Code    28  stm32f1xx_hal_cortex.o(i.HAL_SYSTICK_CLKSourceConfig)
    HAL_SYSTICK_Config                       0x08002841   Thumb Code    40  stm32f1xx_hal_cortex.o(i.HAL_SYSTICK_Config)
    HAL_TIM_PWM_ConfigChannel                0x08002869   Thumb Code   210  stm32f1xx_hal_tim.o(i.HAL_TIM_PWM_ConfigChannel)
    HAL_TIM_PWM_Init                         0x0800293b   Thumb Code    74  stm32f1xx_hal_tim.o(i.HAL_TIM_PWM_Init)
    HAL_TIM_PWM_MspInit                      0x08002985   Thumb Code    74  gtim.o(i.HAL_TIM_PWM_MspInit)
    HAL_TIM_PWM_Start                        0x080029dd   Thumb Code   178  stm32f1xx_hal_tim.o(i.HAL_TIM_PWM_Start)
    HAL_UART_ErrorCallback                   0x08002aa5   Thumb Code     2  stm32f1xx_hal_uart.o(i.HAL_UART_ErrorCallback)
    HAL_UART_IRQHandler                      0x08002aa9   Thumb Code   274  stm32f1xx_hal_uart.o(i.HAL_UART_IRQHandler)
    HAL_UART_Init                            0x08002bc1   Thumb Code   100  stm32f1xx_hal_uart.o(i.HAL_UART_Init)
    HAL_UART_MspInit                         0x08002c25   Thumb Code   254  usart.o(i.HAL_UART_MspInit)
    HAL_UART_Receive                         0x08002d39   Thumb Code   198  stm32f1xx_hal_uart.o(i.HAL_UART_Receive)
    HAL_UART_Receive_IT                      0x08002dff   Thumb Code    86  stm32f1xx_hal_uart.o(i.HAL_UART_Receive_IT)
    HAL_UART_RxCpltCallback                  0x08002e55   Thumb Code    80  usart.o(i.HAL_UART_RxCpltCallback)
    HAL_UART_Transmit                        0x08002eb1   Thumb Code   190  stm32f1xx_hal_uart.o(i.HAL_UART_Transmit)
    HAL_UART_TxCpltCallback                  0x08002f6f   Thumb Code     2  stm32f1xx_hal_uart.o(i.HAL_UART_TxCpltCallback)
    HardFault_Handler                        0x08002f71   Thumb Code     2  stm32f1xx_it.o(i.HardFault_Handler)
    MemManage_Handler                        0x08002f73   Thumb Code     2  stm32f1xx_it.o(i.MemManage_Handler)
    NMI_Handler                              0x08002f75   Thumb Code     2  stm32f1xx_it.o(i.NMI_Handler)
    SVC_Handler                              0x08002f9d   Thumb Code     2  stm32f1xx_it.o(i.SVC_Handler)
    SystemInit                               0x08002f9f   Thumb Code     2  system_stm32f1xx.o(i.SystemInit)
    TIM3_IRQHandler                          0x08002fa1   Thumb Code    32  gtim.o(i.TIM3_IRQHandler)
    TIM_Base_SetConfig                       0x08002fc9   Thumb Code   124  stm32f1xx_hal_tim.o(i.TIM_Base_SetConfig)
    TIM_CCxChannelCmd                        0x08003059   Thumb Code    26  stm32f1xx_hal_tim.o(i.TIM_CCxChannelCmd)
    TIM_OC2_SetConfig                        0x080030dd   Thumb Code   106  stm32f1xx_hal_tim.o(i.TIM_OC2_SetConfig)
    USART1_IRQHandler                        0x08003469   Thumb Code    24  usart.o(i.USART1_IRQHandler)
    USART3_IRQHandler                        0x08003489   Thumb Code   154  atk_mw8266d_uart.o(i.USART3_IRQHandler)
    UsageFault_Handler                       0x08003529   Thumb Code     2  stm32f1xx_it.o(i.UsageFault_Handler)
    __ARM_fpclassify                         0x0800352b   Thumb Code    40  fpclassify.o(i.__ARM_fpclassify)
    __kernel_poly                            0x08003573   Thumb Code   170  poly.o(i.__kernel_poly)
    __mathlib_dbl_infnan                     0x0800361d   Thumb Code     6  dunder.o(i.__mathlib_dbl_infnan)
    __mathlib_dbl_underflow                  0x08003625   Thumb Code    10  dunder.o(i.__mathlib_dbl_underflow)
    _is_digit                                0x08003635   Thumb Code    14  __printf_wp.o(i._is_digit)
    _sys_exit                                0x08003643   Thumb Code     2  usart.o(i._sys_exit)
    atan                                     0x08003645   Thumb Code   474  atan.o(i.atan)
    atk_mw8266d_at_test                      0x08003865   Thumb Code    36  atk_mw8266d.o(i.atk_mw8266d_at_test)
    atk_mw8266d_ate_config                   0x08003891   Thumb Code    46  atk_mw8266d.o(i.atk_mw8266d_ate_config)
    atk_mw8266d_connect_tcp_server           0x080038d5   Thumb Code    40  atk_mw8266d.o(i.atk_mw8266d_connect_tcp_server)
    atk_mw8266d_enter_unvarnished            0x08003921   Thumb Code    42  atk_mw8266d.o(i.atk_mw8266d_enter_unvarnished)
    atk_mw8266d_exit_unvarnished             0x08003971   Thumb Code     6  atk_mw8266d.o(i.atk_mw8266d_exit_unvarnished)
    atk_mw8266d_get_ip                       0x0800397d   Thumb Code    60  atk_mw8266d.o(i.atk_mw8266d_get_ip)
    atk_mw8266d_hw_reset                     0x08003a0d   Thumb Code    42  atk_mw8266d.o(i.atk_mw8266d_hw_reset)
    atk_mw8266d_init                         0x08003a3d   Thumb Code    32  atk_mw8266d.o(i.atk_mw8266d_init)
    atk_mw8266d_join_ap                      0x08003a5d   Thumb Code    40  atk_mw8266d.o(i.atk_mw8266d_join_ap)
    atk_mw8266d_restore                      0x08003aa5   Thumb Code    24  atk_mw8266d.o(i.atk_mw8266d_restore)
    atk_mw8266d_send_at_cmd                  0x08003ad1   Thumb Code    66  atk_mw8266d.o(i.atk_mw8266d_send_at_cmd)
    atk_mw8266d_set_mode                     0x08003b1d   Thumb Code    60  atk_mw8266d.o(i.atk_mw8266d_set_mode)
    atk_mw8266d_sw_reset                     0x08003b81   Thumb Code    24  atk_mw8266d.o(i.atk_mw8266d_sw_reset)
    atk_mw8266d_uart_init                    0x08003ba5   Thumb Code    30  atk_mw8266d_uart.o(i.atk_mw8266d_uart_init)
    atk_mw8266d_uart_printf                  0x08003bcd   Thumb Code    42  atk_mw8266d_uart.o(i.atk_mw8266d_uart_printf)
    atk_mw8266d_uart_rx_get_frame            0x08003bfd   Thumb Code    26  atk_mw8266d_uart.o(i.atk_mw8266d_uart_rx_get_frame)
    atk_mw8266d_uart_rx_restart              0x08003c1d   Thumb Code    16  atk_mw8266d_uart.o(i.atk_mw8266d_uart_rx_restart)
    delay_init                               0x08003c31   Thumb Code    26  delay.o(i.delay_init)
    delay_ms                                 0x08003c51   Thumb Code    54  delay.o(i.delay_ms)
    delay_us                                 0x08003c8d   Thumb Code    46  delay.o(i.delay_us)
    demo_run                                 0x08003dc1   Thumb Code   754  demo.o(i.demo_run)
    fputc                                    0x080043e1   Thumb Code    18  usart.o(i.fputc)
    gtim_timx_pwm_chy_init                   0x080043f9   Thumb Code    88  gtim.o(i.gtim_timx_pwm_chy_init)
    key_init                                 0x08004459   Thumb Code   120  key.o(i.key_init)
    key_scan                                 0x080044dd   Thumb Code   152  key.o(i.key_scan)
    lcd_clear                                0x08004581   Thumb Code    40  lcd.o(i.lcd_clear)
    lcd_display_dir                          0x080045b1   Thumb Code   238  lcd.o(i.lcd_display_dir)
    lcd_draw_point                           0x080046a5   Thumb Code    18  lcd.o(i.lcd_draw_point)
    lcd_ex_ili9341_reginit                   0x080046bd   Thumb Code   558  lcd.o(i.lcd_ex_ili9341_reginit)
    lcd_ex_ili9806_reginit                   0x080048eb   Thumb Code   834  lcd.o(i.lcd_ex_ili9806_reginit)
    lcd_ex_nt35310_reginit                   0x08004c2d   Thumb Code  3828  lcd.o(i.lcd_ex_nt35310_reginit)
    lcd_ex_nt35510_reginit                   0x08005b21   Thumb Code  3834  lcd.o(i.lcd_ex_nt35510_reginit)
    lcd_ex_ssd1963_reginit                   0x08006a1b   Thumb Code   368  lcd.o(i.lcd_ex_ssd1963_reginit)
    lcd_ex_st7789_reginit                    0x08006b8b   Thumb Code   426  lcd.o(i.lcd_ex_st7789_reginit)
    lcd_ex_st7796_reginit                    0x08006d35   Thumb Code   456  lcd.o(i.lcd_ex_st7796_reginit)
    lcd_fill                                 0x08006efd   Thumb Code    64  lcd.o(i.lcd_fill)
    lcd_init                                 0x08006f41   Thumb Code   788  lcd.o(i.lcd_init)
    lcd_scan_dir                             0x080072a9   Thumb Code   428  lcd.o(i.lcd_scan_dir)
    lcd_set_cursor                           0x08007459   Thumb Code   254  lcd.o(i.lcd_set_cursor)
    lcd_show_char                            0x0800755d   Thumb Code   212  lcd.o(i.lcd_show_char)
    lcd_show_num                             0x08007649   Thumb Code   124  lcd.o(i.lcd_show_num)
    lcd_show_string                          0x080076c5   Thumb Code    84  lcd.o(i.lcd_show_string)
    lcd_ssd_backlight_set                    0x08007719   Thumb Code    70  lcd.o(i.lcd_ssd_backlight_set)
    lcd_wr_data                              0x08007765   Thumb Code    18  lcd.o(i.lcd_wr_data)
    lcd_wr_regno                             0x0800777d   Thumb Code    18  lcd.o(i.lcd_wr_regno)
    lcd_write_ram_prepare                    0x08007795   Thumb Code    10  lcd.o(i.lcd_write_ram_prepare)
    lcd_write_reg                            0x080077a9   Thumb Code    10  lcd.o(i.lcd_write_reg)
    led_init                                 0x080077b9   Thumb Code    98  led.o(i.led_init)
    main                                     0x08007829   Thumb Code    62  main.o(i.main)
    show_mesg                                0x08007869   Thumb Code   172  main.o(i.show_mesg)
    sqrt                                     0x080079e5   Thumb Code    76  sqrt.o(i.sqrt)
    sys_stm32_clock_init                     0x08007a31   Thumb Code    68  sys.o(i.sys_stm32_clock_init)
    usart_init                               0x08007a75   Thumb Code    44  usart.o(i.usart_init)
    _get_lc_numeric                          0x08007aad   Thumb Code    44  lc_numeric_c.o(locale$$code)
    _get_lc_ctype                            0x08007ad9   Thumb Code    44  lc_ctype_c.o(locale$$code)
    __aeabi_d2f                              0x08007b05   Thumb Code     0  d2f.o(x$fpl$d2f)
    _d2f                                     0x08007b05   Thumb Code    98  d2f.o(x$fpl$d2f)
    __aeabi_dadd                             0x08007b69   Thumb Code     0  daddsub_clz.o(x$fpl$dadd)
    _dadd                                    0x08007b69   Thumb Code   332  daddsub_clz.o(x$fpl$dadd)
    __fpl_dcheck_NaN1                        0x08007cb9   Thumb Code    10  dcheck1.o(x$fpl$dcheck1)
    __fpl_dcmp_Inf                           0x08007cc9   Thumb Code    24  dcmpi.o(x$fpl$dcmpinf)
    __aeabi_ddiv                             0x08007ce1   Thumb Code     0  ddiv.o(x$fpl$ddiv)
    _ddiv                                    0x08007ce1   Thumb Code   552  ddiv.o(x$fpl$ddiv)
    __aeabi_d2iz                             0x08007f91   Thumb Code     0  dfix.o(x$fpl$dfix)
    _dfix                                    0x08007f91   Thumb Code    94  dfix.o(x$fpl$dfix)
    __aeabi_d2uiz                            0x08007ff1   Thumb Code     0  dfixu.o(x$fpl$dfixu)
    _dfixu                                   0x08007ff1   Thumb Code    90  dfixu.o(x$fpl$dfixu)
    __aeabi_i2d                              0x0800804b   Thumb Code     0  dflt_clz.o(x$fpl$dflt)
    _dflt                                    0x0800804b   Thumb Code    46  dflt_clz.o(x$fpl$dflt)
    __aeabi_ui2d                             0x08008079   Thumb Code     0  dflt_clz.o(x$fpl$dfltu)
    _dfltu                                   0x08008079   Thumb Code    38  dflt_clz.o(x$fpl$dfltu)
    __aeabi_cdcmple                          0x080080a1   Thumb Code     0  dleqf.o(x$fpl$dleqf)
    _dcmple                                  0x080080a1   Thumb Code   120  dleqf.o(x$fpl$dleqf)
    __fpl_dcmple_InfNaN                      0x08008103   Thumb Code     0  dleqf.o(x$fpl$dleqf)
    __aeabi_dmul                             0x08008119   Thumb Code     0  dmul.o(x$fpl$dmul)
    _dmul                                    0x08008119   Thumb Code   332  dmul.o(x$fpl$dmul)
    __fpl_dnaninf                            0x0800826d   Thumb Code   156  dnaninf.o(x$fpl$dnaninf)
    __fpl_dretinf                            0x08008309   Thumb Code    12  dretinf.o(x$fpl$dretinf)
    __aeabi_cdrcmple                         0x08008315   Thumb Code     0  drleqf.o(x$fpl$drleqf)
    _drcmple                                 0x08008315   Thumb Code   108  drleqf.o(x$fpl$drleqf)
    __aeabi_drsub                            0x08008381   Thumb Code     0  daddsub_clz.o(x$fpl$drsb)
    _drsb                                    0x08008381   Thumb Code    22  daddsub_clz.o(x$fpl$drsb)
    _dsqrt                                   0x08008399   Thumb Code   456  dsqrt_noumaal.o(x$fpl$dsqrt)
    __aeabi_dsub                             0x08008565   Thumb Code     0  daddsub_clz.o(x$fpl$dsub)
    _dsub                                    0x08008565   Thumb Code   464  daddsub_clz.o(x$fpl$dsub)
    __aeabi_f2d                              0x08008739   Thumb Code     0  f2d.o(x$fpl$f2d)
    _f2d                                     0x08008739   Thumb Code    86  f2d.o(x$fpl$f2d)
    __aeabi_fadd                             0x08008791   Thumb Code     0  faddsub_clz.o(x$fpl$fadd)
    _fadd                                    0x08008791   Thumb Code   196  faddsub_clz.o(x$fpl$fadd)
    __fpl_fcheck_NaN1                        0x08008855   Thumb Code     6  fcheck1.o(x$fpl$fcheck1)
    __aeabi_fdiv                             0x08008861   Thumb Code     0  fdiv.o(x$fpl$fdiv)
    _fdiv                                    0x08008861   Thumb Code   384  fdiv.o(x$fpl$fdiv)
    __aeabi_f2uiz                            0x080089e5   Thumb Code     0  ffixu.o(x$fpl$ffixu)
    _ffixu                                   0x080089e5   Thumb Code    62  ffixu.o(x$fpl$ffixu)
    __aeabi_fmul                             0x08008a25   Thumb Code     0  fmul.o(x$fpl$fmul)
    _fmul                                    0x08008a25   Thumb Code   258  fmul.o(x$fpl$fmul)
    __fpl_fnaninf                            0x08008b27   Thumb Code   140  fnaninf.o(x$fpl$fnaninf)
    __fpl_fretinf                            0x08008bb3   Thumb Code    10  fretinf.o(x$fpl$fretinf)
    __aeabi_frsub                            0x08008bbd   Thumb Code     0  faddsub_clz.o(x$fpl$frsb)
    _frsb                                    0x08008bbd   Thumb Code    20  faddsub_clz.o(x$fpl$frsb)
    __aeabi_fsub                             0x08008bd1   Thumb Code     0  faddsub_clz.o(x$fpl$fsub)
    _fsub                                    0x08008bd1   Thumb Code   234  faddsub_clz.o(x$fpl$fsub)
    _printf_fp_dec                           0x08008cbb   Thumb Code     4  printf1.o(x$fpl$printf1)
    _printf_fp_hex                           0x08008cbf   Thumb Code     4  printf2.o(x$fpl$printf2)
    __fpl_return_NaN                         0x08008cc3   Thumb Code   100  retnan.o(x$fpl$retnan)
    __ARM_scalbn                             0x08008d27   Thumb Code    92  scalbn.o(x$fpl$scalbn)
    __ARM_scalbnf                            0x08008d83   Thumb Code    76  scalbnf.o(x$fpl$scalbnf)
    __fpl_cmpreturn                          0x08008dcf   Thumb Code    48  trapv.o(x$fpl$trapveneer)
    AHBPrescTable                            0x08008dfe   Data          16  system_stm32f1xx.o(.constdata)
    __I$use$fp                               0x08008dfe   Number         0  usenofp.o(x$fpl$usenofp)
    APBPrescTable                            0x08008e0e   Data           8  system_stm32f1xx.o(.constdata)
    asc2_1206                                0x08008e16   Data        1140  lcd.o(.constdata)
    asc2_1608                                0x0800928a   Data        1520  lcd.o(.constdata)
    asc2_2412                                0x0800987a   Data        3420  lcd.o(.constdata)
    asc2_3216                                0x0800a5d6   Data        6080  lcd.o(.constdata)
    Region$$Table$$Base                      0x0800bf2c   Number         0  anon$$obj.o(Region$$Table)
    Region$$Table$$Limit                     0x0800bf4c   Number         0  anon$$obj.o(Region$$Table)
    __ctype                                  0x0800bf75   Data           0  lc_ctype_c.o(locale$$data)
    SystemCoreClock                          0x20000000   Data           4  system_stm32f1xx.o(.data)
    x1                                       0x20000008   Data           2  demo.o(.data)
    y1                                       0x2000000a   Data           2  demo.o(.data)
    k                                        0x2000000c   Data           4  demo.o(.data)
    Angle1                                   0x20000010   Data           4  demo.o(.data)
    Angle2                                   0x20000014   Data           4  demo.o(.data)
    rcc1                                     0x20000018   Data           4  demo.o(.data)
    rcc2                                     0x2000001c   Data           4  demo.o(.data)
    pi                                       0x20000020   Data           8  demo.o(.data)
    x0                                       0x20000028   Data           8  demo.o(.data)
    y0                                       0x20000030   Data           8  demo.o(.data)
    h                                        0x20000038   Data           8  demo.o(.data)
    x2                                       0x20000040   Data           8  demo.o(.data)
    y2                                       0x20000048   Data           8  demo.o(.data)
    result1                                  0x20000050   Data           8  demo.o(.data)
    result2                                  0x20000058   Data           8  demo.o(.data)
    receive                                  0x20000060   Data          18  demo.o(.data)
    g_back_color                             0x20000074   Data           4  lcd.o(.data)
    g_rx_buffer                              0x20000078   Data           1  usart.o(.data)
    g_usart_rx_sta                           0x2000007a   Data           2  usart.o(.data)
    __stdout                                 0x2000007c   Data           4  usart.o(.data)
    uwTickFreq                               0x20000080   Data           1  stm32f1xx_hal.o(.data)
    uwTickPrio                               0x20000084   Data           4  stm32f1xx_hal.o(.data)
    uwTick                                   0x20000088   Data           4  stm32f1xx_hal.o(.data)
    g_sram_handle                            0x20000090   Data          72  lcd.o(.bss)
    lcddev                                   0x200000d8   Data          14  lcd.o(.bss)
    g_usart_rx_buf                           0x200000e8   Data         200  usart.o(.bss)
    g_uart1_handle                           0x200001b0   Data          64  usart.o(.bss)
    g_timx_handle                            0x200002f4   Data          72  gtim.o(.bss)
    g_timx_pwm_chy_handle                    0x2000033c   Data          72  gtim.o(.bss)
    __libspace_start                         0x20000384   Data          96  libspace.o(.bss)
    __temporary_stack_top$libspace           0x200003e4   Data           0  libspace.o(.bss)



==============================================================================

Memory Map of the image

  Image Entry point : 0x08000131

  Load Region LR_IROM1 (Base: 0x08000000, Size: 0x0000c108, Max: 0x00080000, ABSOLUTE)

    Execution Region ER_IROM1 (Base: 0x08000000, Size: 0x0000c078, Max: 0x00080000, ABSOLUTE)

    Base Addr    Size         Type   Attr      Idx    E Section Name        Object

    0x08000000   0x00000130   Data   RO            3    RESET               startup_stm32f103xe.o
    0x08000130   0x00000008   Code   RO         3954  * !!!main             c_w.l(__main.o)
    0x08000138   0x00000034   Code   RO         4337    !!!scatter          c_w.l(__scatter.o)
    0x0800016c   0x0000001a   Code   RO         4339    !!handler_copy      c_w.l(__scatter_copy.o)
    0x08000186   0x00000002   PAD
    0x08000188   0x0000001c   Code   RO         4341    !!handler_zi        c_w.l(__scatter_zi.o)
    0x080001a4   0x00000000   Code   RO         3945    .ARM.Collect$$_printf_percent$$00000000  c_w.l(_printf_percent.o)
    0x080001a4   0x00000006   Code   RO         4057    .ARM.Collect$$_printf_percent$$00000001  c_w.l(_printf_n.o)
    0x080001aa   0x00000006   Code   RO         4058    .ARM.Collect$$_printf_percent$$00000002  c_w.l(_printf_p.o)
    0x080001b0   0x00000006   Code   RO         4062    .ARM.Collect$$_printf_percent$$00000003  c_w.l(_printf_f.o)
    0x080001b6   0x00000006   Code   RO         4063    .ARM.Collect$$_printf_percent$$00000004  c_w.l(_printf_e.o)
    0x080001bc   0x00000006   Code   RO         4064    .ARM.Collect$$_printf_percent$$00000005  c_w.l(_printf_g.o)
    0x080001c2   0x00000006   Code   RO         4065    .ARM.Collect$$_printf_percent$$00000006  c_w.l(_printf_a.o)
    0x080001c8   0x0000000a   Code   RO         4070    .ARM.Collect$$_printf_percent$$00000007  c_w.l(_printf_ll.o)
    0x080001d2   0x00000006   Code   RO         4060    .ARM.Collect$$_printf_percent$$00000008  c_w.l(_printf_i.o)
    0x080001d8   0x00000006   Code   RO         3944    .ARM.Collect$$_printf_percent$$00000009  c_w.l(_printf_d.o)
    0x080001de   0x00000006   Code   RO         4061    .ARM.Collect$$_printf_percent$$0000000A  c_w.l(_printf_u.o)
    0x080001e4   0x00000006   Code   RO         4059    .ARM.Collect$$_printf_percent$$0000000B  c_w.l(_printf_o.o)
    0x080001ea   0x00000006   Code   RO         3943    .ARM.Collect$$_printf_percent$$0000000C  c_w.l(_printf_x.o)
    0x080001f0   0x00000006   Code   RO         4067    .ARM.Collect$$_printf_percent$$0000000D  c_w.l(_printf_lli.o)
    0x080001f6   0x00000006   Code   RO         4068    .ARM.Collect$$_printf_percent$$0000000E  c_w.l(_printf_lld.o)
    0x080001fc   0x00000006   Code   RO         4069    .ARM.Collect$$_printf_percent$$0000000F  c_w.l(_printf_llu.o)
    0x08000202   0x00000006   Code   RO         4074    .ARM.Collect$$_printf_percent$$00000010  c_w.l(_printf_llo.o)
    0x08000208   0x00000006   Code   RO         4075    .ARM.Collect$$_printf_percent$$00000011  c_w.l(_printf_llx.o)
    0x0800020e   0x0000000a   Code   RO         4071    .ARM.Collect$$_printf_percent$$00000012  c_w.l(_printf_l.o)
    0x08000218   0x00000006   Code   RO         4056    .ARM.Collect$$_printf_percent$$00000013  c_w.l(_printf_c.o)
    0x0800021e   0x00000006   Code   RO         3942    .ARM.Collect$$_printf_percent$$00000014  c_w.l(_printf_s.o)
    0x08000224   0x00000006   Code   RO         4072    .ARM.Collect$$_printf_percent$$00000015  c_w.l(_printf_lc.o)
    0x0800022a   0x00000006   Code   RO         4073    .ARM.Collect$$_printf_percent$$00000016  c_w.l(_printf_ls.o)
    0x08000230   0x00000004   Code   RO         4066    .ARM.Collect$$_printf_percent$$00000017  c_w.l(_printf_percent_end.o)
    0x08000234   0x00000002   Code   RO         4211    .ARM.Collect$$libinit$$00000000  c_w.l(libinit.o)
    0x08000236   0x00000000   Code   RO         4224    .ARM.Collect$$libinit$$00000002  c_w.l(libinit2.o)
    0x08000236   0x00000000   Code   RO         4226    .ARM.Collect$$libinit$$00000004  c_w.l(libinit2.o)
    0x08000236   0x00000000   Code   RO         4229    .ARM.Collect$$libinit$$0000000A  c_w.l(libinit2.o)
    0x08000236   0x00000000   Code   RO         4231    .ARM.Collect$$libinit$$0000000C  c_w.l(libinit2.o)
    0x08000236   0x00000000   Code   RO         4233    .ARM.Collect$$libinit$$0000000E  c_w.l(libinit2.o)
    0x08000236   0x00000006   Code   RO         4234    .ARM.Collect$$libinit$$0000000F  c_w.l(libinit2.o)
    0x0800023c   0x00000000   Code   RO         4236    .ARM.Collect$$libinit$$00000011  c_w.l(libinit2.o)
    0x0800023c   0x0000000c   Code   RO         4237    .ARM.Collect$$libinit$$00000012  c_w.l(libinit2.o)
    0x08000248   0x00000000   Code   RO         4238    .ARM.Collect$$libinit$$00000013  c_w.l(libinit2.o)
    0x08000248   0x00000000   Code   RO         4240    .ARM.Collect$$libinit$$00000015  c_w.l(libinit2.o)
    0x08000248   0x0000000a   Code   RO         4241    .ARM.Collect$$libinit$$00000016  c_w.l(libinit2.o)
    0x08000252   0x00000000   Code   RO         4242    .ARM.Collect$$libinit$$00000017  c_w.l(libinit2.o)
    0x08000252   0x00000000   Code   RO         4244    .ARM.Collect$$libinit$$00000019  c_w.l(libinit2.o)
    0x08000252   0x00000000   Code   RO         4246    .ARM.Collect$$libinit$$0000001B  c_w.l(libinit2.o)
    0x08000252   0x00000000   Code   RO         4248    .ARM.Collect$$libinit$$0000001D  c_w.l(libinit2.o)
    0x08000252   0x00000000   Code   RO         4250    .ARM.Collect$$libinit$$0000001F  c_w.l(libinit2.o)
    0x08000252   0x00000000   Code   RO         4252    .ARM.Collect$$libinit$$00000021  c_w.l(libinit2.o)
    0x08000252   0x00000000   Code   RO         4254    .ARM.Collect$$libinit$$00000023  c_w.l(libinit2.o)
    0x08000252   0x00000000   Code   RO         4256    .ARM.Collect$$libinit$$00000025  c_w.l(libinit2.o)
    0x08000252   0x00000000   Code   RO         4260    .ARM.Collect$$libinit$$0000002C  c_w.l(libinit2.o)
    0x08000252   0x00000000   Code   RO         4262    .ARM.Collect$$libinit$$0000002E  c_w.l(libinit2.o)
    0x08000252   0x00000000   Code   RO         4264    .ARM.Collect$$libinit$$00000030  c_w.l(libinit2.o)
    0x08000252   0x00000000   Code   RO         4266    .ARM.Collect$$libinit$$00000032  c_w.l(libinit2.o)
    0x08000252   0x00000002   Code   RO         4267    .ARM.Collect$$libinit$$00000033  c_w.l(libinit2.o)
    0x08000254   0x00000002   Code   RO         4285    .ARM.Collect$$libshutdown$$00000000  c_w.l(libshutdown.o)
    0x08000256   0x00000000   Code   RO         4294    .ARM.Collect$$libshutdown$$00000003  c_w.l(libshutdown2.o)
    0x08000256   0x00000000   Code   RO         4297    .ARM.Collect$$libshutdown$$00000006  c_w.l(libshutdown2.o)
    0x08000256   0x00000000   Code   RO         4300    .ARM.Collect$$libshutdown$$00000009  c_w.l(libshutdown2.o)
    0x08000256   0x00000000   Code   RO         4302    .ARM.Collect$$libshutdown$$0000000B  c_w.l(libshutdown2.o)
    0x08000256   0x00000000   Code   RO         4305    .ARM.Collect$$libshutdown$$0000000E  c_w.l(libshutdown2.o)
    0x08000256   0x00000002   Code   RO         4306    .ARM.Collect$$libshutdown$$0000000F  c_w.l(libshutdown2.o)
    0x08000258   0x00000000   Code   RO         4026    .ARM.Collect$$rtentry$$00000000  c_w.l(__rtentry.o)
    0x08000258   0x00000000   Code   RO         4120    .ARM.Collect$$rtentry$$00000002  c_w.l(__rtentry2.o)
    0x08000258   0x00000006   Code   RO         4132    .ARM.Collect$$rtentry$$00000004  c_w.l(__rtentry4.o)
    0x0800025e   0x00000000   Code   RO         4122    .ARM.Collect$$rtentry$$00000009  c_w.l(__rtentry2.o)
    0x0800025e   0x00000004   Code   RO         4123    .ARM.Collect$$rtentry$$0000000A  c_w.l(__rtentry2.o)
    0x08000262   0x00000000   Code   RO         4125    .ARM.Collect$$rtentry$$0000000C  c_w.l(__rtentry2.o)
    0x08000262   0x00000008   Code   RO         4126    .ARM.Collect$$rtentry$$0000000D  c_w.l(__rtentry2.o)
    0x0800026a   0x00000002   Code   RO         4216    .ARM.Collect$$rtexit$$00000000  c_w.l(rtexit.o)
    0x0800026c   0x00000000   Code   RO         4269    .ARM.Collect$$rtexit$$00000002  c_w.l(rtexit2.o)
    0x0800026c   0x00000004   Code   RO         4270    .ARM.Collect$$rtexit$$00000003  c_w.l(rtexit2.o)
    0x08000270   0x00000006   Code   RO         4271    .ARM.Collect$$rtexit$$00000004  c_w.l(rtexit2.o)
    0x08000276   0x00000002   PAD
    0x08000278   0x00000040   Code   RO            4    .text               startup_stm32f103xe.o
    0x080002b8   0x00000002   Code   RO         3883    .text               c_w.l(use_no_semi_2.o)
    0x080002ba   0x00000002   PAD
    0x080002bc   0x00000024   Code   RO         3885    .text               c_w.l(vsprintf.o)
    0x080002e0   0x00000018   Code   RO         3887    .text               c_w.l(__2printf.o)
    0x080002f8   0x0000002c   Code   RO         3889    .text               c_w.l(__2sprintf.o)
    0x08000324   0x00000052   Code   RO         3897    .text               c_w.l(_printf_str.o)
    0x08000376   0x00000002   PAD
    0x08000378   0x00000078   Code   RO         3899    .text               c_w.l(_printf_dec.o)
    0x080003f0   0x00000094   Code   RO         3919    .text               c_w.l(_printf_hex_int_ll_ptr.o)
    0x08000484   0x00000188   Code   RO         3939    .text               c_w.l(__printf_flags_ss_wp.o)
    0x0800060c   0x00000024   Code   RO         3946    .text               c_w.l(strstr.o)
    0x08000630   0x0000003e   Code   RO         3948    .text               c_w.l(strlen.o)
    0x0800066e   0x0000004e   Code   RO         3950    .text               c_w.l(rt_memclr_w.o)
    0x080006bc   0x00000006   Code   RO         3952    .text               c_w.l(heapauxi.o)
    0x080006c2   0x00000002   Code   RO         4024    .text               c_w.l(use_no_semi.o)
    0x080006c4   0x00000016   Code   RO         4027    .text               c_w.l(_rserrno.o)
    0x080006da   0x0000004e   Code   RO         4029    .text               c_w.l(_printf_pad.o)
    0x08000728   0x00000024   Code   RO         4031    .text               c_w.l(_printf_truncate.o)
    0x0800074c   0x000000b2   Code   RO         4033    .text               c_w.l(_printf_intcommon.o)
    0x080007fe   0x00000028   Code   RO         4035    .text               c_w.l(_printf_charcount.o)
    0x08000826   0x00000002   PAD
    0x08000828   0x00000030   Code   RO         4037    .text               c_w.l(_printf_char_common.o)
    0x08000858   0x0000000a   Code   RO         4039    .text               c_w.l(_sputc.o)
    0x08000862   0x0000002c   Code   RO         4041    .text               c_w.l(_printf_char.o)
    0x0800088e   0x00000002   PAD
    0x08000890   0x00000024   Code   RO         4043    .text               c_w.l(_printf_char_file.o)
    0x080008b4   0x000000bc   Code   RO         4045    .text               c_w.l(_printf_wctomb.o)
    0x08000970   0x0000007c   Code   RO         4048    .text               c_w.l(_printf_longlong_dec.o)
    0x080009ec   0x00000070   Code   RO         4054    .text               c_w.l(_printf_oct_int_ll.o)
    0x08000a5c   0x00000008   Code   RO         4137    .text               c_w.l(rt_errno_addr_intlibspace.o)
    0x08000a64   0x0000008a   Code   RO         4139    .text               c_w.l(lludiv10.o)
    0x08000aee   0x0000041a   Code   RO         4141    .text               c_w.l(_printf_fp_dec.o)
    0x08000f08   0x000002fc   Code   RO         4143    .text               c_w.l(_printf_fp_hex.o)
    0x08001204   0x0000002c   Code   RO         4148    .text               c_w.l(_printf_wchar.o)
    0x08001230   0x00000008   Code   RO         4150    .text               c_w.l(ferror.o)
    0x08001238   0x00000040   Code   RO         4154    .text               c_w.l(_wcrtomb.o)
    0x08001278   0x00000008   Code   RO         4162    .text               c_w.l(libspace.o)
    0x08001280   0x0000004a   Code   RO         4165    .text               c_w.l(sys_stackheap_outer.o)
    0x080012ca   0x00000002   PAD
    0x080012cc   0x00000010   Code   RO         4167    .text               c_w.l(rt_ctype_table.o)
    0x080012dc   0x00000008   Code   RO         4172    .text               c_w.l(rt_locale_intlibspace.o)
    0x080012e4   0x00000080   Code   RO         4174    .text               c_w.l(_printf_fp_infnan.o)
    0x08001364   0x000000dc   Code   RO         4176    .text               c_w.l(bigflt0.o)
    0x08001440   0x0000000c   Code   RO         4204    .text               c_w.l(exit.o)
    0x0800144c   0x00000080   Code   RO         4221    .text               c_w.l(strcmpv7m.o)
    0x080014cc   0x0000003e   Code   RO         4179    CL$$btod_d2e        c_w.l(btod.o)
    0x0800150a   0x00000046   Code   RO         4181    CL$$btod_d2e_denorm_low  c_w.l(btod.o)
    0x08001550   0x00000060   Code   RO         4180    CL$$btod_d2e_norm_op1  c_w.l(btod.o)
    0x080015b0   0x00000338   Code   RO         4189    CL$$btod_div_common  c_w.l(btod.o)
    0x080018e8   0x000000c6   Code   RO         4186    CL$$btod_e2e        c_w.l(btod.o)
    0x080019ae   0x00000028   Code   RO         4183    CL$$btod_ediv       c_w.l(btod.o)
    0x080019d6   0x00000028   Code   RO         4182    CL$$btod_emul       c_w.l(btod.o)
    0x080019fe   0x00000244   Code   RO         4188    CL$$btod_mult_common  c_w.l(btod.o)
    0x08001c42   0x00000002   Code   RO          290    i.BusFault_Handler  stm32f1xx_it.o
    0x08001c44   0x00000002   Code   RO          291    i.DebugMon_Handler  stm32f1xx_it.o
    0x08001c46   0x00000002   PAD
    0x08001c48   0x00000040   Code   RO         2506    i.FSMC_NORSRAM_Extended_Timing_Init  stm32f1xx_ll_fsmc.o
    0x08001c88   0x00000068   Code   RO         2507    i.FSMC_NORSRAM_Init  stm32f1xx_ll_fsmc.o
    0x08001cf0   0x0000003e   Code   RO         2508    i.FSMC_NORSRAM_Timing_Init  stm32f1xx_ll_fsmc.o
    0x08001d2e   0x00000002   PAD
    0x08001d30   0x00000150   Code   RO         1303    i.HAL_DMA_Abort_IT  stm32f1xx_hal_dma.o
    0x08001e80   0x00000214   Code   RO         1399    i.HAL_GPIO_Init     stm32f1xx_hal_gpio.o
    0x08002094   0x0000000e   Code   RO         1401    i.HAL_GPIO_ReadPin  stm32f1xx_hal_gpio.o
    0x080020a2   0x00000010   Code   RO         1402    i.HAL_GPIO_TogglePin  stm32f1xx_hal_gpio.o
    0x080020b2   0x0000000e   Code   RO         1403    i.HAL_GPIO_WritePin  stm32f1xx_hal_gpio.o
    0x080020c0   0x0000000c   Code   RO         1021    i.HAL_GetTick       stm32f1xx_hal.o
    0x080020cc   0x00000024   Code   RO         1028    i.HAL_Init          stm32f1xx_hal.o
    0x080020f0   0x00000044   Code   RO         1029    i.HAL_InitTick      stm32f1xx_hal.o
    0x08002134   0x00000002   Code   RO         1031    i.HAL_MspInit       stm32f1xx_hal.o
    0x08002136   0x0000001a   Code   RO         1186    i.HAL_NVIC_EnableIRQ  stm32f1xx_hal_cortex.o
    0x08002150   0x00000040   Code   RO         1192    i.HAL_NVIC_SetPriority  stm32f1xx_hal_cortex.o
    0x08002190   0x00000024   Code   RO         1193    i.HAL_NVIC_SetPriorityGrouping  stm32f1xx_hal_cortex.o
    0x080021b4   0x00000154   Code   RO         1624    i.HAL_RCC_ClockConfig  stm32f1xx_hal_rcc.o
    0x08002308   0x0000000c   Code   RO         1629    i.HAL_RCC_GetHCLKFreq  stm32f1xx_hal_rcc.o
    0x08002314   0x00000020   Code   RO         1631    i.HAL_RCC_GetPCLK1Freq  stm32f1xx_hal_rcc.o
    0x08002334   0x00000020   Code   RO         1632    i.HAL_RCC_GetPCLK2Freq  stm32f1xx_hal_rcc.o
    0x08002354   0x00000074   Code   RO         1633    i.HAL_RCC_GetSysClockFreq  stm32f1xx_hal_rcc.o
    0x080023c8   0x00000384   Code   RO         1636    i.HAL_RCC_OscConfig  stm32f1xx_hal_rcc.o
    0x0800274c   0x00000066   Code   RO         2367    i.HAL_SRAM_Init     stm32f1xx_hal_sram.o
    0x080027b2   0x00000002   PAD
    0x080027b4   0x00000070   Code   RO          664    i.HAL_SRAM_MspInit  lcd.o
    0x08002824   0x0000001c   Code   RO         1195    i.HAL_SYSTICK_CLKSourceConfig  stm32f1xx_hal_cortex.o
    0x08002840   0x00000028   Code   RO         1197    i.HAL_SYSTICK_Config  stm32f1xx_hal_cortex.o
    0x08002868   0x000000d2   Code   RO         2698    i.HAL_TIM_PWM_ConfigChannel  stm32f1xx_hal_tim.o
    0x0800293a   0x0000004a   Code   RO         2701    i.HAL_TIM_PWM_Init  stm32f1xx_hal_tim.o
    0x08002984   0x00000058   Code   RO         3839    i.HAL_TIM_PWM_MspInit  gtim.o
    0x080029dc   0x000000c8   Code   RO         2706    i.HAL_TIM_PWM_Start  stm32f1xx_hal_tim.o
    0x08002aa4   0x00000002   Code   RO         1787    i.HAL_UART_ErrorCallback  stm32f1xx_hal_uart.o
    0x08002aa6   0x00000002   PAD
    0x08002aa8   0x00000118   Code   RO         1790    i.HAL_UART_IRQHandler  stm32f1xx_hal_uart.o
    0x08002bc0   0x00000064   Code   RO         1791    i.HAL_UART_Init     stm32f1xx_hal_uart.o
    0x08002c24   0x00000114   Code   RO          932    i.HAL_UART_MspInit  usart.o
    0x08002d38   0x000000c6   Code   RO         1794    i.HAL_UART_Receive  stm32f1xx_hal_uart.o
    0x08002dfe   0x00000056   Code   RO         1796    i.HAL_UART_Receive_IT  stm32f1xx_hal_uart.o
    0x08002e54   0x0000005c   Code   RO          933    i.HAL_UART_RxCpltCallback  usart.o
    0x08002eb0   0x000000be   Code   RO         1799    i.HAL_UART_Transmit  stm32f1xx_hal_uart.o
    0x08002f6e   0x00000002   Code   RO         1802    i.HAL_UART_TxCpltCallback  stm32f1xx_hal_uart.o
    0x08002f70   0x00000002   Code   RO          292    i.HardFault_Handler  stm32f1xx_it.o
    0x08002f72   0x00000002   Code   RO          293    i.MemManage_Handler  stm32f1xx_it.o
    0x08002f74   0x00000002   Code   RO          294    i.NMI_Handler       stm32f1xx_it.o
    0x08002f76   0x00000002   PAD
    0x08002f78   0x00000024   Code   RO         1637    i.RCC_Delay         stm32f1xx_hal_rcc.o
    0x08002f9c   0x00000002   Code   RO          295    i.SVC_Handler       stm32f1xx_it.o
    0x08002f9e   0x00000002   Code   RO          253    i.SystemInit        system_stm32f1xx.o
    0x08002fa0   0x00000028   Code   RO         3840    i.TIM3_IRQHandler   gtim.o
    0x08002fc8   0x00000090   Code   RO         2719    i.TIM_Base_SetConfig  stm32f1xx_hal_tim.o
    0x08003058   0x0000001a   Code   RO         2720    i.TIM_CCxChannelCmd  stm32f1xx_hal_tim.o
    0x08003072   0x00000002   PAD
    0x08003074   0x00000068   Code   RO         2732    i.TIM_OC1_SetConfig  stm32f1xx_hal_tim.o
    0x080030dc   0x00000074   Code   RO         2733    i.TIM_OC2_SetConfig  stm32f1xx_hal_tim.o
    0x08003150   0x00000070   Code   RO         2734    i.TIM_OC3_SetConfig  stm32f1xx_hal_tim.o
    0x080031c0   0x00000054   Code   RO         2735    i.TIM_OC4_SetConfig  stm32f1xx_hal_tim.o
    0x08003214   0x00000010   Code   RO         1804    i.UART_DMAAbortOnError  stm32f1xx_hal_uart.o
    0x08003224   0x0000001c   Code   RO         1814    i.UART_EndRxTransfer  stm32f1xx_hal_uart.o
    0x08003240   0x0000001a   Code   RO         1815    i.UART_EndTransmit_IT  stm32f1xx_hal_uart.o
    0x0800325a   0x00000092   Code   RO         1817    i.UART_Receive_IT   stm32f1xx_hal_uart.o
    0x080032ec   0x000000b8   Code   RO         1818    i.UART_SetConfig    stm32f1xx_hal_uart.o
    0x080033a4   0x0000005e   Code   RO         1819    i.UART_Transmit_IT  stm32f1xx_hal_uart.o
    0x08003402   0x00000064   Code   RO         1820    i.UART_WaitOnFlagUntilTimeout  stm32f1xx_hal_uart.o
    0x08003466   0x00000002   PAD
    0x08003468   0x00000020   Code   RO          934    i.USART1_IRQHandler  usart.o
    0x08003488   0x000000a0   Code   RO         3776    i.USART3_IRQHandler  atk_mw8266d_uart.o
    0x08003528   0x00000002   Code   RO          296    i.UsageFault_Handler  stm32f1xx_it.o
    0x0800352a   0x00000028   Code   RO         4115    i.__ARM_fpclassify  m_ws.l(fpclassify.o)
    0x08003552   0x00000020   Code   RO         1199    i.__NVIC_SetPriority  stm32f1xx_hal_cortex.o
    0x08003572   0x000000aa   Code   RO         4117    i.__kernel_poly     m_ws.l(poly.o)
    0x0800361c   0x00000006   Code   RO         4102    i.__mathlib_dbl_infnan  m_ws.l(dunder.o)
    0x08003622   0x00000002   PAD
    0x08003624   0x00000010   Code   RO         4107    i.__mathlib_dbl_underflow  m_ws.l(dunder.o)
    0x08003634   0x0000000e   Code   RO         3932    i._is_digit         c_w.l(__printf_wp.o)
    0x08003642   0x00000002   Code   RO          936    i._sys_exit         usart.o
    0x08003644   0x00000220   Code   RO         4007    i.atan              m_ws.l(atan.o)
    0x08003864   0x0000002c   Code   RO         3663    i.atk_mw8266d_at_test  atk_mw8266d.o
    0x08003890   0x00000044   Code   RO         3664    i.atk_mw8266d_ate_config  atk_mw8266d.o
    0x080038d4   0x0000004c   Code   RO         3666    i.atk_mw8266d_connect_tcp_server  atk_mw8266d.o
    0x08003920   0x00000050   Code   RO         3668    i.atk_mw8266d_enter_unvarnished  atk_mw8266d.o
    0x08003970   0x0000000c   Code   RO         3669    i.atk_mw8266d_exit_unvarnished  atk_mw8266d.o
    0x0800397c   0x00000054   Code   RO         3670    i.atk_mw8266d_get_ip  atk_mw8266d.o
    0x080039d0   0x0000003c   Code   RO         3671    i.atk_mw8266d_hw_init  atk_mw8266d.o
    0x08003a0c   0x00000030   Code   RO         3672    i.atk_mw8266d_hw_reset  atk_mw8266d.o
    0x08003a3c   0x00000020   Code   RO         3673    i.atk_mw8266d_init  atk_mw8266d.o
    0x08003a5c   0x00000048   Code   RO         3674    i.atk_mw8266d_join_ap  atk_mw8266d.o
    0x08003aa4   0x0000002c   Code   RO         3675    i.atk_mw8266d_restore  atk_mw8266d.o
    0x08003ad0   0x0000004c   Code   RO         3676    i.atk_mw8266d_send_at_cmd  atk_mw8266d.o
    0x08003b1c   0x00000064   Code   RO         3677    i.atk_mw8266d_set_mode  atk_mw8266d.o
    0x08003b80   0x00000024   Code   RO         3678    i.atk_mw8266d_sw_reset  atk_mw8266d.o
    0x08003ba4   0x00000028   Code   RO         3777    i.atk_mw8266d_uart_init  atk_mw8266d_uart.o
    0x08003bcc   0x00000030   Code   RO         3778    i.atk_mw8266d_uart_printf  atk_mw8266d_uart.o
    0x08003bfc   0x00000020   Code   RO         3779    i.atk_mw8266d_uart_rx_get_frame  atk_mw8266d_uart.o
    0x08003c1c   0x00000014   Code   RO         3781    i.atk_mw8266d_uart_rx_restart  atk_mw8266d_uart.o
    0x08003c30   0x00000020   Code   RO          548    i.delay_init        delay.o
    0x08003c50   0x0000003c   Code   RO          549    i.delay_ms          delay.o
    0x08003c8c   0x00000034   Code   RO          550    i.delay_us          delay.o
    0x08003cc0   0x0000007c   Code   RO          481    i.demo_key0_fun     demo.o
    0x08003d3c   0x00000084   Code   RO          482    i.demo_key1_fun     demo.o
    0x08003dc0   0x000003c4   Code   RO          483    i.demo_run          demo.o
    0x08004184   0x00000030   Code   RO          484    i.demo_show_ip      demo.o
    0x080041b4   0x0000022c   Code   RO          485    i.demo_upload_data  demo.o
    0x080043e0   0x00000018   Code   RO          938    i.fputc             usart.o
    0x080043f8   0x00000060   Code   RO         3842    i.gtim_timx_pwm_chy_init  gtim.o
    0x08004458   0x00000084   Code   RO         3632    i.key_init          key.o
    0x080044dc   0x000000a4   Code   RO         3633    i.key_scan          key.o
    0x08004580   0x00000030   Code   RO          665    i.lcd_clear         lcd.o
    0x080045b0   0x000000f4   Code   RO          667    i.lcd_display_dir   lcd.o
    0x080046a4   0x00000018   Code   RO          673    i.lcd_draw_point    lcd.o
    0x080046bc   0x0000022e   Code   RO          675    i.lcd_ex_ili9341_reginit  lcd.o
    0x080048ea   0x00000342   Code   RO          676    i.lcd_ex_ili9806_reginit  lcd.o
    0x08004c2c   0x00000ef4   Code   RO          677    i.lcd_ex_nt35310_reginit  lcd.o
    0x08005b20   0x00000efa   Code   RO          678    i.lcd_ex_nt35510_reginit  lcd.o
    0x08006a1a   0x00000170   Code   RO          679    i.lcd_ex_ssd1963_reginit  lcd.o
    0x08006b8a   0x000001aa   Code   RO          680    i.lcd_ex_st7789_reginit  lcd.o
    0x08006d34   0x000001c8   Code   RO          681    i.lcd_ex_st7796_reginit  lcd.o
    0x08006efc   0x00000044   Code   RO          682    i.lcd_fill          lcd.o
    0x08006f40   0x00000338   Code   RO          684    i.lcd_init          lcd.o
    0x08007278   0x00000008   Code   RO          685    i.lcd_opt_delay     lcd.o
    0x08007280   0x00000010   Code   RO          686    i.lcd_pow           lcd.o
    0x08007290   0x00000018   Code   RO          687    i.lcd_rd_data       lcd.o
    0x080072a8   0x000001b0   Code   RO          689    i.lcd_scan_dir      lcd.o
    0x08007458   0x00000104   Code   RO          690    i.lcd_set_cursor    lcd.o
    0x0800755c   0x000000ec   Code   RO          692    i.lcd_show_char     lcd.o
    0x08007648   0x0000007c   Code   RO          693    i.lcd_show_num      lcd.o
    0x080076c4   0x00000054   Code   RO          694    i.lcd_show_string   lcd.o
    0x08007718   0x0000004c   Code   RO          696    i.lcd_ssd_backlight_set  lcd.o
    0x08007764   0x00000018   Code   RO          697    i.lcd_wr_data       lcd.o
    0x0800777c   0x00000018   Code   RO          698    i.lcd_wr_regno      lcd.o
    0x08007794   0x00000014   Code   RO          699    i.lcd_write_ram_prepare  lcd.o
    0x080077a8   0x00000010   Code   RO          700    i.lcd_write_reg     lcd.o
    0x080077b8   0x00000070   Code   RO         3608    i.led_init          led.o
    0x08007828   0x0000003e   Code   RO           13    i.main              main.o
    0x08007866   0x00000002   PAD
    0x08007868   0x0000017c   Code   RO           14    i.show_mesg         main.o
    0x080079e4   0x0000004c   Code   RO         4017    i.sqrt              m_ws.l(sqrt.o)
    0x08007a30   0x00000044   Code   RO          597    i.sys_stm32_clock_init  sys.o
    0x08007a74   0x00000038   Code   RO          939    i.usart_init        usart.o
    0x08007aac   0x0000002c   Code   RO         4202    locale$$code        c_w.l(lc_numeric_c.o)
    0x08007ad8   0x0000002c   Code   RO         4219    locale$$code        c_w.l(lc_ctype_c.o)
    0x08007b04   0x00000062   Code   RO         3956    x$fpl$d2f           fz_ws.l(d2f.o)
    0x08007b66   0x00000002   PAD
    0x08007b68   0x00000150   Code   RO         3958    x$fpl$dadd          fz_ws.l(daddsub_clz.o)
    0x08007cb8   0x00000010   Code   RO         4156    x$fpl$dcheck1       fz_ws.l(dcheck1.o)
    0x08007cc8   0x00000018   Code   RO         4158    x$fpl$dcmpinf       fz_ws.l(dcmpi.o)
    0x08007ce0   0x000002b0   Code   RO         3965    x$fpl$ddiv          fz_ws.l(ddiv.o)
    0x08007f90   0x0000005e   Code   RO         3968    x$fpl$dfix          fz_ws.l(dfix.o)
    0x08007fee   0x00000002   PAD
    0x08007ff0   0x0000005a   Code   RO         3972    x$fpl$dfixu         fz_ws.l(dfixu.o)
    0x0800804a   0x0000002e   Code   RO         3977    x$fpl$dflt          fz_ws.l(dflt_clz.o)
    0x08008078   0x00000026   Code   RO         3976    x$fpl$dfltu         fz_ws.l(dflt_clz.o)
    0x0800809e   0x00000002   PAD
    0x080080a0   0x00000078   Code   RO         4076    x$fpl$dleqf         fz_ws.l(dleqf.o)
    0x08008118   0x00000154   Code   RO         3982    x$fpl$dmul          fz_ws.l(dmul.o)
    0x0800826c   0x0000009c   Code   RO         4078    x$fpl$dnaninf       fz_ws.l(dnaninf.o)
    0x08008308   0x0000000c   Code   RO         4080    x$fpl$dretinf       fz_ws.l(dretinf.o)
    0x08008314   0x0000006c   Code   RO         3984    x$fpl$drleqf        fz_ws.l(drleqf.o)
    0x08008380   0x00000016   Code   RO         3959    x$fpl$drsb          fz_ws.l(daddsub_clz.o)
    0x08008396   0x00000002   PAD
    0x08008398   0x000001cc   Code   RO         4082    x$fpl$dsqrt         fz_ws.l(dsqrt_noumaal.o)
    0x08008564   0x000001d4   Code   RO         3960    x$fpl$dsub          fz_ws.l(daddsub_clz.o)
    0x08008738   0x00000056   Code   RO         3986    x$fpl$f2d           fz_ws.l(f2d.o)
    0x0800878e   0x00000002   PAD
    0x08008790   0x000000c4   Code   RO         3988    x$fpl$fadd          fz_ws.l(faddsub_clz.o)
    0x08008854   0x0000000c   Code   RO         4084    x$fpl$fcheck1       fz_ws.l(fcheck1.o)
    0x08008860   0x00000184   Code   RO         3995    x$fpl$fdiv          fz_ws.l(fdiv.o)
    0x080089e4   0x0000003e   Code   RO         3998    x$fpl$ffixu         fz_ws.l(ffixu.o)
    0x08008a22   0x00000002   PAD
    0x08008a24   0x00000102   Code   RO         4002    x$fpl$fmul          fz_ws.l(fmul.o)
    0x08008b26   0x0000008c   Code   RO         4086    x$fpl$fnaninf       fz_ws.l(fnaninf.o)
    0x08008bb2   0x0000000a   Code   RO         4088    x$fpl$fretinf       fz_ws.l(fretinf.o)
    0x08008bbc   0x00000014   Code   RO         3989    x$fpl$frsb          fz_ws.l(faddsub_clz.o)
    0x08008bd0   0x000000ea   Code   RO         3990    x$fpl$fsub          fz_ws.l(faddsub_clz.o)
    0x08008cba   0x00000004   Code   RO         4090    x$fpl$printf1       fz_ws.l(printf1.o)
    0x08008cbe   0x00000004   Code   RO         4092    x$fpl$printf2       fz_ws.l(printf2.o)
    0x08008cc2   0x00000064   Code   RO         4160    x$fpl$retnan        fz_ws.l(retnan.o)
    0x08008d26   0x0000005c   Code   RO         4098    x$fpl$scalbn        fz_ws.l(scalbn.o)
    0x08008d82   0x0000004c   Code   RO         4004    x$fpl$scalbnf       fz_ws.l(scalbnf.o)
    0x08008dce   0x00000030   Code   RO         4214    x$fpl$trapveneer    fz_ws.l(trapv.o)
    0x08008dfe   0x00000000   Code   RO         4100    x$fpl$usenofp       fz_ws.l(usenofp.o)
    0x08008dfe   0x00000010   Data   RO          254    .constdata          system_stm32f1xx.o
    0x08008e0e   0x00000008   Data   RO          255    .constdata          system_stm32f1xx.o
    0x08008e16   0x00002f80   Data   RO          703    .constdata          lcd.o
    0x0800bd96   0x00000028   Data   RO         3920    .constdata          c_w.l(_printf_hex_int_ll_ptr.o)
    0x0800bdbe   0x00000011   Data   RO         3940    .constdata          c_w.l(__printf_flags_ss_wp.o)
    0x0800bdcf   0x00000001   PAD
    0x0800bdd0   0x00000098   Data   RO         4008    .constdata          m_ws.l(atan.o)
    0x0800be68   0x00000008   Data   RO         4046    .constdata          c_w.l(_printf_wctomb.o)
    0x0800be70   0x00000026   Data   RO         4144    .constdata          c_w.l(_printf_fp_hex.o)
    0x0800be96   0x00000002   PAD
    0x0800be98   0x00000094   Data   RO         4177    .constdata          c_w.l(bigflt0.o)
    0x0800bf2c   0x00000020   Data   RO         4335    Region$$Table       anon$$obj.o
    0x0800bf4c   0x0000001c   Data   RO         4201    locale$$data        c_w.l(lc_numeric_c.o)
    0x0800bf68   0x00000110   Data   RO         4218    locale$$data        c_w.l(lc_ctype_c.o)


    Execution Region RW_IRAM1 (Base: 0x20000000, Size: 0x000009e8, Max: 0x00010000, ABSOLUTE)

    Base Addr    Size         Type   Attr      Idx    E Section Name        Object

    0x20000000   0x00000004   Data   RW          256    .data               system_stm32f1xx.o
    0x20000004   0x00000004   PAD
    0x20000008   0x0000006a   Data   RW          486    .data               demo.o
    0x20000072   0x00000002   Data   RW          551    .data               delay.o
    0x20000074   0x00000004   Data   RW          705    .data               lcd.o
    0x20000078   0x00000004   Data   RW          941    .data               usart.o
    0x2000007c   0x00000004   Data   RW          942    .data               usart.o
    0x20000080   0x0000000c   Data   RW         1035    .data               stm32f1xx_hal.o
    0x2000008c   0x00000001   Data   RW         3634    .data               key.o
    0x2000008d   0x00000003   PAD
    0x20000090   0x00000056   Zero   RW          702    .bss                lcd.o
    0x200000e6   0x00000002   PAD
    0x200000e8   0x00000108   Zero   RW          940    .bss                usart.o
    0x200001f0   0x00000104   Zero   RW         3782    .bss                atk_mw8266d_uart.o
    0x200002f4   0x00000090   Zero   RW         3843    .bss                gtim.o
    0x20000384   0x00000060   Zero   RW         4163    .bss                c_w.l(libspace.o)
    0x200003e4   0x00000004   PAD
    0x200003e8   0x00000200   Zero   RW            2    HEAP                startup_stm32f103xe.o
    0x200005e8   0x00000400   Zero   RW            1    STACK               startup_stm32f103xe.o


==============================================================================

Image component sizes


      Code (inc. data)   RO Data    RW Data    ZI Data      Debug   Object Name

       832        264          0          0          0       9974   atk_mw8266d.o
       300         32          0          0        260       4504   atk_mw8266d_uart.o
       144         18          0          2          0       1991   delay.o
      1824        398          0        106          0       5408   demo.o
       224         30          0          0        144       2551   gtim.o
       296         24          0          1          0       1710   key.o
     12968        162      12160          4         86      26821   lcd.o
       112         14          0          0          0        947   led.o
       442        208          0          0          0     496171   main.o
        64         26        304          0       1536        948   startup_stm32f103xe.o
       118         20          0         12          0       6057   stm32f1xx_hal.o
       226         14          0          0          0      29793   stm32f1xx_hal_cortex.o
       336          8          0          0          0       1259   stm32f1xx_hal_dma.o
       576         40          0          0          0       4220   stm32f1xx_hal_gpio.o
      1468        106          0          0          0       6828   stm32f1xx_hal_rcc.o
       102          0          0          0          0       1236   stm32f1xx_hal_sram.o
      1070         78          0          0          0       7600   stm32f1xx_hal_tim.o
      1452         12          0          0          0      11314   stm32f1xx_hal_uart.o
        14          0          0          0          0       3127   stm32f1xx_it.o
       230         10          0          0          0       4007   stm32f1xx_ll_fsmc.o
        68          0          0          0          0        719   sys.o
         2          0         24          4          0       1399   system_stm32f1xx.o
       482         60          0          8        264       5765   usart.o

    ----------------------------------------------------------------------
     23366       1524      12520        144       2292     634349   Object Totals
         0          0         32          0          0          0   (incl. Generated)
        16          0          0          7          2          0   (incl. Padding)

    ----------------------------------------------------------------------

      Code (inc. data)   RO Data    RW Data    ZI Data      Debug   Library Member Name

        24          4          0          0          0         84   __2printf.o
        44          6          0          0          0         84   __2sprintf.o
         8          0          0          0          0         68   __main.o
       392          4         17          0          0         92   __printf_flags_ss_wp.o
        14          0          0          0          0         68   __printf_wp.o
         0          0          0          0          0          0   __rtentry.o
        12          0          0          0          0          0   __rtentry2.o
         6          0          0          0          0          0   __rtentry4.o
        52          8          0          0          0          0   __scatter.o
        26          0          0          0          0          0   __scatter_copy.o
        28          0          0          0          0          0   __scatter_zi.o
         6          0          0          0          0          0   _printf_a.o
         6          0          0          0          0          0   _printf_c.o
        44          0          0          0          0        108   _printf_char.o
        48          6          0          0          0         96   _printf_char_common.o
        36          4          0          0          0         80   _printf_char_file.o
        40          0          0          0          0         68   _printf_charcount.o
         6          0          0          0          0          0   _printf_d.o
       120         16          0          0          0         92   _printf_dec.o
         6          0          0          0          0          0   _printf_e.o
         6          0          0          0          0          0   _printf_f.o
      1050          0          0          0          0        216   _printf_fp_dec.o
       764         10         38          0          0        100   _printf_fp_hex.o
       128         16          0          0          0         84   _printf_fp_infnan.o
         6          0          0          0          0          0   _printf_g.o
       148          4         40          0          0        160   _printf_hex_int_ll_ptr.o
         6          0          0          0          0          0   _printf_i.o
       178          0          0          0          0         88   _printf_intcommon.o
        10          0          0          0          0          0   _printf_l.o
         6          0          0          0          0          0   _printf_lc.o
        10          0          0          0          0          0   _printf_ll.o
         6          0          0          0          0          0   _printf_lld.o
         6          0          0          0          0          0   _printf_lli.o
         6          0          0          0          0          0   _printf_llo.o
         6          0          0          0          0          0   _printf_llu.o
         6          0          0          0          0          0   _printf_llx.o
       124         16          0          0          0         92   _printf_longlong_dec.o
         6          0          0          0          0          0   _printf_ls.o
         6          0          0          0          0          0   _printf_n.o
         6          0          0          0          0          0   _printf_o.o
       112          8          0          0          0        124   _printf_oct_int_ll.o
         6          0          0          0          0          0   _printf_p.o
        78          0          0          0          0        108   _printf_pad.o
         0          0          0          0          0          0   _printf_percent.o
         4          0          0          0          0          0   _printf_percent_end.o
         6          0          0          0          0          0   _printf_s.o
        82          0          0          0          0         80   _printf_str.o
        36          0          0          0          0         84   _printf_truncate.o
         6          0          0          0          0          0   _printf_u.o
        44          0          0          0          0        108   _printf_wchar.o
       188          6          8          0          0         92   _printf_wctomb.o
         6          0          0          0          0          0   _printf_x.o
        22          0          0          0          0        100   _rserrno.o
        10          0          0          0          0         68   _sputc.o
        64          0          0          0          0         92   _wcrtomb.o
       220          4        148          0          0         96   bigflt0.o
      1910        128          0          0          0        672   btod.o
        12          0          0          0          0         72   exit.o
         8          0          0          0          0         68   ferror.o
         6          0          0          0          0        152   heapauxi.o
        44         10        272          0          0         76   lc_ctype_c.o
        44         10         28          0          0         76   lc_numeric_c.o
         2          0          0          0          0          0   libinit.o
        30          0          0          0          0          0   libinit2.o
         2          0          0          0          0          0   libshutdown.o
         2          0          0          0          0          0   libshutdown2.o
         8          4          0          0         96         68   libspace.o
       138          0          0          0          0         80   lludiv10.o
        16          4          0          0          0         76   rt_ctype_table.o
         8          4          0          0          0         68   rt_errno_addr_intlibspace.o
         8          4          0          0          0         68   rt_locale_intlibspace.o
        78          0          0          0          0         80   rt_memclr_w.o
         2          0          0          0          0          0   rtexit.o
        10          0          0          0          0          0   rtexit2.o
       128          0          0          0          0         68   strcmpv7m.o
        62          0          0          0          0         76   strlen.o
        36          0          0          0          0         80   strstr.o
        74          0          0          0          0         80   sys_stackheap_outer.o
         2          0          0          0          0         68   use_no_semi.o
         2          0          0          0          0         68   use_no_semi_2.o
        36          4          0          0          0         76   vsprintf.o
        98          4          0          0          0         92   d2f.o
       826         16          0          0          0        348   daddsub_clz.o
        16          4          0          0          0         68   dcheck1.o
        24          0          0          0          0         68   dcmpi.o
       688        140          0          0          0        208   ddiv.o
        94          4          0          0          0         92   dfix.o
        90          4          0          0          0         92   dfixu.o
        84          0          0          0          0        136   dflt_clz.o
       120          4          0          0          0         92   dleqf.o
       340         12          0          0          0        104   dmul.o
       156          4          0          0          0         92   dnaninf.o
        12          0          0          0          0         68   dretinf.o
       108          0          0          0          0         80   drleqf.o
       460         56          0          0          0        120   dsqrt_noumaal.o
        86          4          0          0          0         84   f2d.o
       450          8          0          0          0        236   faddsub_clz.o
        12          4          0          0          0         68   fcheck1.o
       388         76          0          0          0         96   fdiv.o
        62          4          0          0          0         84   ffixu.o
       258          4          0          0          0         84   fmul.o
       140          4          0          0          0         84   fnaninf.o
        10          0          0          0          0         68   fretinf.o
         4          0          0          0          0         68   printf1.o
         4          0          0          0          0         68   printf2.o
       100          0          0          0          0         68   retnan.o
        92          0          0          0          0         68   scalbn.o
        76          0          0          0          0         68   scalbnf.o
        48          0          0          0          0         68   trapv.o
         0          0          0          0          0          0   usenofp.o
       544         70        152          0          0        124   atan.o
        22          6          0          0          0        136   dunder.o
        40          0          0          0          0         68   fpclassify.o
       170          0          0          0          0         96   poly.o
        76          0          0          0          0         84   sqrt.o

    ----------------------------------------------------------------------
     12680        708        706          0        100       7984   Library Totals
        28          0          3          0          4          0   (incl. Padding)

    ----------------------------------------------------------------------

      Code (inc. data)   RO Data    RW Data    ZI Data      Debug   Library Name

      6954        280        551          0         96       4604   c_w.l
      4846        352          0          0          0       2872   fz_ws.l
       852         76        152          0          0        508   m_ws.l

    ----------------------------------------------------------------------
     12680        708        706          0        100       7984   Library Totals

    ----------------------------------------------------------------------

==============================================================================


      Code (inc. data)   RO Data    RW Data    ZI Data      Debug   

     36046       2232      13226        144       2392     631565   Grand Totals
     36046       2232      13226        144       2392     631565   ELF Image Totals
     36046       2232      13226        144          0          0   ROM Totals

==============================================================================

    Total RO  Size (Code + RO Data)                49272 (  48.12kB)
    Total RW  Size (RW Data + ZI Data)              2536 (   2.48kB)
    Total ROM Size (Code + RO Data + RW Data)      49416 (  48.26kB)

==============================================================================

