Added Component: Designator=C15(C 0402_L)
Added Component: Designator=C16(C 0402_L)
Added Component: Designator=E1(CD A(3216))
Add component (AddParameter): Name = "BOM√˚≥∆"; Value = "Ã˘∆¨Ó„µÁ»›"; VariantName = "[No Variations]"
Added Component: Designator=E2(CD A(3216))
Add component (AddParameter): Name = "BOM√˚≥∆"; Value = "Ã˘∆¨Ó„µÁ»›"; VariantName = "[No Variations]"
Added Component: Designator=U3(SOT23-5N)
Added Pin To Net: NetName=5V Pin=C15-2
Added Pin To Net: NetName=3V3 Pin=C16-2
Added Pin To Net: NetName=5V Pin=E1-1
Added Pin To Net: NetName=3V3 Pin=E2-1
Added Pin To Net: NetName=5V Pin=U3-1
Added Pin To Net: NetName=5V Pin=U3-3
Added Pin To Net: NetName=3V3 Pin=U3-5
Add Net: Net with name "GND" already exists
Added Member To Class: ClassName=U_01-PWR Member=Component C15 0.1uF
Added Member To Class: ClassName=U_01-PWR Member=Component C16 0.1uF
Added Member To Class: ClassName=U_01-PWR Member=Component E1 10uF
Added Member To Class: ClassName=U_01-PWR Member=Component E2 10uF
Added Member To Class: ClassName=U_01-PWR Member=Component U3 RT9013-33
