Component: ARM Compiler 5.05 update 1 (build 106) Tool: armlink [4d0efa]

==============================================================================

Section Cross References

    startup_stm32f411xe.o(RESET) refers to startup_stm32f411xe.o(STACK) for __initial_sp
    startup_stm32f411xe.o(RESET) refers to startup_stm32f411xe.o(.text) for Reset_Handler
    startup_stm32f411xe.o(RESET) refers to stm32f4xx_it.o(i.NMI_Handler) for NMI_Handler
    startup_stm32f411xe.o(RESET) refers to stm32f4xx_it.o(i.HardFault_Handler) for HardFault_Handler
    startup_stm32f411xe.o(RESET) refers to stm32f4xx_it.o(i.MemManage_Handler) for MemManage_Handler
    startup_stm32f411xe.o(RESET) refers to stm32f4xx_it.o(i.BusFault_Handler) for BusFault_Handler
    startup_stm32f411xe.o(RESET) refers to stm32f4xx_it.o(i.UsageFault_Handler) for UsageFault_Handler
    startup_stm32f411xe.o(RESET) refers to stm32f4xx_it.o(i.SVC_Handler) for SVC_Handler
    startup_stm32f411xe.o(RESET) refers to stm32f4xx_it.o(i.DebugMon_Handler) for DebugMon_Handler
    startup_stm32f411xe.o(RESET) refers to stm32f4xx_it.o(i.PendSV_Handler) for PendSV_Handler
    startup_stm32f411xe.o(RESET) refers to stm32f4xx_it.o(i.SysTick_Handler) for SysTick_Handler
    startup_stm32f411xe.o(RESET) refers to stm32f4xx_it.o(i.DMA1_Stream5_IRQHandler) for DMA1_Stream5_IRQHandler
    startup_stm32f411xe.o(RESET) refers to stm32f4xx_it.o(i.TIM1_UP_TIM10_IRQHandler) for TIM1_UP_TIM10_IRQHandler
    startup_stm32f411xe.o(RESET) refers to stm32f4xx_it.o(i.TIM2_IRQHandler) for TIM2_IRQHandler
    startup_stm32f411xe.o(RESET) refers to stm32f4xx_it.o(i.USART1_IRQHandler) for USART1_IRQHandler
    startup_stm32f411xe.o(RESET) refers to stm32f4xx_it.o(i.USART2_IRQHandler) for USART2_IRQHandler
    startup_stm32f411xe.o(RESET) refers to stm32f4xx_it.o(i.DMA2_Stream1_IRQHandler) for DMA2_Stream1_IRQHandler
    startup_stm32f411xe.o(RESET) refers to stm32f4xx_it.o(i.DMA2_Stream2_IRQHandler) for DMA2_Stream2_IRQHandler
    startup_stm32f411xe.o(RESET) refers to stm32f4xx_it.o(i.USART6_IRQHandler) for USART6_IRQHandler
    startup_stm32f411xe.o(.text) refers to system_stm32f4xx.o(i.SystemInit) for SystemInit
    startup_stm32f411xe.o(.text) refers to entry.o(.ARM.Collect$$$$00000000) for __main
    main.o(i.Enter_MaintenanceMode) refers to dht11.o(i.DHT11_ReadData) for DHT11_ReadData
    main.o(i.Enter_MaintenanceMode) refers to tcs34725.o(i.TCS34725_Get_RGBData) for TCS34725_Get_RGBData
    main.o(i.Enter_MaintenanceMode) refers to vl6180x.o(i.VL6180X_GetID) for VL6180X_GetID
    main.o(i.Enter_MaintenanceMode) refers to stm32f4xx_hal_gpio.o(i.HAL_GPIO_WritePin) for HAL_GPIO_WritePin
    main.o(i.Enter_MaintenanceMode) refers to stm32f4xx_hal_tim.o(i.HAL_TIM_Base_Start) for HAL_TIM_Base_Start
    main.o(i.Enter_MaintenanceMode) refers to printf1.o(i.__0printf$1) for __2printf
    main.o(i.Enter_MaintenanceMode) refers to delay.o(i.Delay_ms) for Delay_ms
    main.o(i.Enter_MaintenanceMode) refers to strlen.o(.text) for strlen
    main.o(i.Enter_MaintenanceMode) refers to tim.o(.bss) for htim2
    main.o(i.Enter_MaintenanceMode) refers to stm32f4xx_it.o(.bss) for Rxbuf
    main.o(i.Show_MaintenanceInformation) refers to oled.o(i.OLED_Clear) for OLED_Clear
    main.o(i.Show_MaintenanceInformation) refers to oled.o(i.OLED_ShowString) for OLED_ShowString
    main.o(i.Show_MaintenanceInformation) refers to oled.o(i.OLED_ShowNum) for OLED_ShowNum
    main.o(i.SystemClock_Config) refers to memseta.o(.text) for __aeabi_memclr4
    main.o(i.SystemClock_Config) refers to stm32f4xx_hal_rcc.o(i.HAL_RCC_OscConfig) for HAL_RCC_OscConfig
    main.o(i.SystemClock_Config) refers to stm32f4xx_hal_rcc.o(i.HAL_RCC_ClockConfig) for HAL_RCC_ClockConfig
    main.o(i.fgetc) refers to stm32f4xx_hal_uart.o(i.HAL_UART_Receive) for HAL_UART_Receive
    main.o(i.fgetc) refers to usart.o(.bss) for huart1
    main.o(i.fputc) refers to stm32f4xx_hal_uart.o(i.HAL_UART_Transmit) for HAL_UART_Transmit
    main.o(i.fputc) refers to usart.o(.bss) for huart1
    main.o(i.main) refers to stm32f4xx_hal.o(i.HAL_Init) for HAL_Init
    main.o(i.main) refers to main.o(i.SystemClock_Config) for SystemClock_Config
    main.o(i.main) refers to gpio.o(i.MX_GPIO_Init) for MX_GPIO_Init
    main.o(i.main) refers to dma.o(i.MX_DMA_Init) for MX_DMA_Init
    main.o(i.main) refers to i2c.o(i.MX_I2C3_Init) for MX_I2C3_Init
    main.o(i.main) refers to tim.o(i.MX_TIM1_Init) for MX_TIM1_Init
    main.o(i.main) refers to usart.o(i.MX_USART1_UART_Init) for MX_USART1_UART_Init
    main.o(i.main) refers to usart.o(i.MX_USART2_UART_Init) for MX_USART2_UART_Init
    main.o(i.main) refers to tim.o(i.MX_TIM2_Init) for MX_TIM2_Init
    main.o(i.main) refers to spi.o(i.MX_SPI1_Init) for MX_SPI1_Init
    main.o(i.main) refers to usart.o(i.MX_USART6_UART_Init) for MX_USART6_UART_Init
    main.o(i.main) refers to oled.o(i.OLED_Init) for OLED_Init
    main.o(i.main) refers to key.o(i.Key_Init) for Key_Init
[...]
    ../clib/microlib/init/entry.s            0x00000000   Number         0  entry5.o ABSOLUTE
    ../clib/microlib/init/entry.s            0x00000000   Number         0  entry2.o ABSOLUTE
    ../clib/microlib/init/entry.s            0x00000000   Number         0  entry11b.o ABSOLUTE
    ../clib/microlib/init/entry.s            0x00000000   Number         0  entry.o ABSOLUTE
    ../clib/microlib/init/entry.s            0x00000000   Number         0  entry11a.o ABSOLUTE
    ../clib/microlib/init/entry.s            0x00000000   Number         0  entry10b.o ABSOLUTE
    ../clib/microlib/init/entry.s            0x00000000   Number         0  entry10a.o ABSOLUTE
    ../clib/microlib/init/entry.s            0x00000000   Number         0  entry9b.o ABSOLUTE
    ../clib/microlib/init/entry.s            0x00000000   Number         0  entry9a.o ABSOLUTE
    ../clib/microlib/init/entry.s            0x00000000   Number         0  entry8b.o ABSOLUTE
    ../clib/microlib/init/entry.s            0x00000000   Number         0  entry8a.o ABSOLUTE
    ../clib/microlib/init/entry.s            0x00000000   Number         0  entry7b.o ABSOLUTE
    ../clib/microlib/longlong.c              0x00000000   Number         0  llushr.o ABSOLUTE
    ../clib/microlib/longlong.c              0x00000000   Number         0  llshl.o ABSOLUTE
    ../clib/microlib/longlong.c              0x00000000   Number         0  llsshr.o ABSOLUTE
    ../clib/microlib/printf/printf.c         0x00000000   Number         0  printf2.o ABSOLUTE
    ../clib/microlib/printf/printf.c         0x00000000   Number         0  printf5.o ABSOLUTE
    ../clib/microlib/printf/printf.c         0x00000000   Number         0  printf6.o ABSOLUTE
    ../clib/microlib/printf/printf.c         0x00000000   Number         0  printf3.o ABSOLUTE
    ../clib/microlib/printf/printf.c         0x00000000   Number         0  printf4.o ABSOLUTE
    ../clib/microlib/printf/printf.c         0x00000000   Number         0  printf8.o ABSOLUTE
    ../clib/microlib/printf/printf.c         0x00000000   Number         0  printf1.o ABSOLUTE
    ../clib/microlib/printf/printf.c         0x00000000   Number         0  printf7.o ABSOLUTE
    ../clib/microlib/printf/printf.c         0x00000000   Number         0  printf0.o ABSOLUTE
    ../clib/microlib/printf/printf.c         0x00000000   Number         0  printfb.o ABSOLUTE
    ../clib/microlib/printf/printf.c         0x00000000   Number         0  printfa.o ABSOLUTE
    ../clib/microlib/printf/stubs.s          0x00000000   Number         0  stubs.o ABSOLUTE
    ../clib/microlib/stdio/streams.c         0x00000000   Number         0  stdout.o ABSOLUTE
    ../clib/microlib/string/memset.c         0x00000000   Number         0  memseta.o ABSOLUTE
    ../clib/microlib/string/strlen.c         0x00000000   Number         0  strlen.o ABSOLUTE
    ../clib/microlib/string/strstr.c         0x00000000   Number         0  strstr.o ABSOLUTE
    ../clib/microlib/stubs.s                 0x00000000   Number         0  iusefp.o ABSOLUTE
    ../fplib/microlib/fpadd.c                0x00000000   Number         0  dadd.o ABSOLUTE
    ../fplib/microlib/fpdiv.c                0x00000000   Number         0  ddiv.o ABSOLUTE
    ../fplib/microlib/fpepilogue.c           0x00000000   Number         0  depilogue.o ABSOLUTE
    ../fplib/microlib/fpfix.c                0x00000000   Number         0  dfixui.o ABSOLUTE
    ../fplib/microlib/fpfix.c                0x00000000   Number         0  dfixul.o ABSOLUTE
    ../fplib/microlib/fpflt.c                0x00000000   Number         0  dfltui.o ABSOLUTE
    ../fplib/microlib/fpmul.c                0x00000000   Number         0  dmul.o ABSOLUTE
    ../fplib/microlib/fpneg.c                0x00000000   Number         0  dneg.o ABSOLUTE
    ..\Core\Src\dma.c                        0x00000000   Number         0  dma.o ABSOLUTE
    ..\Core\Src\gpio.c                       0x00000000   Number         0  gpio.o ABSOLUTE
    ..\Core\Src\i2c.c                        0x00000000   Number         0  i2c.o ABSOLUTE
    ..\Core\Src\main.c                       0x00000000   Number         0  main.o ABSOLUTE
    ..\Core\Src\spi.c                        0x00000000   Number         0  spi.o ABSOLUTE
    ..\Core\Src\stm32f4xx_hal_msp.c          0x00000000   Number         0  stm32f4xx_hal_msp.o ABSOLUTE
    ..\Core\Src\stm32f4xx_it.c               0x00000000   Number         0  stm32f4xx_it.o ABSOLUTE
    ..\Core\Src\system_stm32f4xx.c           0x00000000   Number         0  system_stm32f4xx.o ABSOLUTE
    ..\Core\Src\tim.c                        0x00000000   Number         0  tim.o ABSOLUTE
    ..\Core\Src\usart.c                      0x00000000   Number         0  usart.o ABSOLUTE
    ..\Drivers\STM32F4xx_HAL_Driver\Src\stm32f4xx_hal.c 0x00000000   Number         0  stm32f4xx_hal.o ABSOLUTE
    ..\Drivers\STM32F4xx_HAL_Driver\Src\stm32f4xx_hal_cortex.c 0x00000000   Number         0  stm32f4xx_hal_cortex.o ABSOLUTE
    ..\Drivers\STM32F4xx_HAL_Driver\Src\stm32f4xx_hal_dma.c 0x00000000   Number         0  stm32f4xx_hal_dma.o ABSOLUTE
    ..\Drivers\STM32F4xx_HAL_Driver\Src\stm32f4xx_hal_dma_ex.c 0x00000000   Number         0  stm32f4xx_hal_dma_ex.o ABSOLUTE
    ..\Drivers\STM32F4xx_HAL_Driver\Src\stm32f4xx_hal_exti.c 0x00000000   Number         0  stm32f4xx_hal_exti.o ABSOLUTE
    ..\Drivers\STM32F4xx_HAL_Driver\Src\stm32f4xx_hal_flash.c 0x00000000   Number         0  stm32f4xx_hal_flash.o ABSOLUTE
    ..\Drivers\STM32F4xx_HAL_Driver\Src\stm32f4xx_hal_flash_ex.c 0x00000000   Number         0  stm32f4xx_hal_flash_ex.o ABSOLUTE
    ..\Drivers\STM32F4xx_HAL_Driver\Src\stm32f4xx_hal_flash_ramfunc.c 0x00000000   Number         0  stm32f4xx_hal_flash_ramfunc.o ABSOLUTE
    ..\Drivers\STM32F4xx_HAL_Driver\Src\stm32f4xx_hal_gpio.c 0x00000000   Number         0  stm32f4xx_hal_gpio.o ABSOLUTE
    ..\Drivers\STM32F4xx_HAL_Driver\Src\stm32f4xx_hal_i2c.c 0x00000000   Number         0  stm32f4xx_hal_i2c.o ABSOLUTE
    ..\Drivers\STM32F4xx_HAL_Driver\Src\stm32f4xx_hal_i2c_ex.c 0x00000000   Number         0  stm32f4xx_hal_i2c_ex.o ABSOLUTE
    ..\Drivers\STM32F4xx_HAL_Driver\Src\stm32f4xx_hal_pwr.c 0x00000000   Number         0  stm32f4xx_hal_pwr.o ABSOLUTE
    ..\Drivers\STM32F4xx_HAL_Driver\Src\stm32f4xx_hal_pwr_ex.c 0x00000000   Number         0  stm32f4xx_hal_pwr_ex.o ABSOLUTE
    ..\Drivers\STM32F4xx_HAL_Driver\Src\stm32f4xx_hal_rcc.c 0x00000000   Number         0  stm32f4xx_hal_rcc.o ABSOLUTE
    ..\Drivers\STM32F4xx_HAL_Driver\Src\stm32f4xx_hal_rcc_ex.c 0x00000000   Number         0  stm32f4xx_hal_rcc_ex.o ABSOLUTE
    ..\Drivers\STM32F4xx_HAL_Driver\Src\stm32f4xx_hal_spi.c 0x00000000   Number         0  stm32f4xx_hal_spi.o ABSOLUTE
    ..\Drivers\STM32F4xx_HAL_Driver\Src\stm32f4xx_hal_tim.c 0x00000000   Number         0  stm32f4xx_hal_tim.o ABSOLUTE
    ..\Drivers\STM32F4xx_HAL_Driver\Src\stm32f4xx_hal_tim_ex.c 0x00000000   Number         0  stm32f4xx_hal_tim_ex.o ABSOLUTE
    ..\Drivers\STM32F4xx_HAL_Driver\Src\stm32f4xx_hal_uart.c 0x00000000   Number         0  stm32f4xx_hal_uart.o ABSOLUTE
    ..\Hardware\DHT11.c                      0x00000000   Number         0  dht11.o ABSOLUTE
    ..\Hardware\Delay.c                      0x00000000   Number         0  delay.o ABSOLUTE
    ..\Hardware\L610.c                       0x00000000   Number         0  l610.o ABSOLUTE
    ..\Hardware\LED.c                        0x00000000   Number         0  led.o ABSOLUTE
    ..\Hardware\My_I2C.c                     0x00000000   Number         0  my_i2c.o ABSOLUTE
    ..\Hardware\OLED.c                       0x00000000   Number         0  oled.o ABSOLUTE
    ..\Hardware\TCS34725.c                   0x00000000   Number         0  tcs34725.o ABSOLUTE
    ..\Hardware\VL6180X.c                    0x00000000   Number         0  vl6180x.o ABSOLUTE
    ..\Hardware\key.c                        0x00000000   Number         0  key.o ABSOLUTE
    ..\\Hardware\\DHT11.c                    0x00000000   Number         0  dht11.o ABSOLUTE
    ..\\Hardware\\Delay.c                    0x00000000   Number         0  delay.o ABSOLUTE
    ..\\Hardware\\L610.c                     0x00000000   Number         0  l610.o ABSOLUTE
    ..\\Hardware\\LED.c                      0x00000000   Number         0  led.o ABSOLUTE
    ..\\Hardware\\My_I2C.c                   0x00000000   Number         0  my_i2c.o ABSOLUTE
    ..\\Hardware\\OLED.c                     0x00000000   Number         0  oled.o ABSOLUTE
    ..\\Hardware\\TCS34725.c                 0x00000000   Number         0  tcs34725.o ABSOLUTE
    ..\\Hardware\\VL6180X.c                  0x00000000   Number         0  vl6180x.o ABSOLUTE
    ..\\Hardware\\key.c                      0x00000000   Number         0  key.o ABSOLUTE
    cdrcmple.s                               0x00000000   Number         0  cdrcmple.o ABSOLUTE
    dc.s                                     0x00000000   Number         0  dc.o ABSOLUTE
    handlers.s                               0x00000000   Number         0  handlers.o ABSOLUTE
    init.s                                   0x00000000   Number         0  init.o ABSOLUTE
    startup_stm32f411xe.s                    0x00000000   Number         0  startup_stm32f411xe.o ABSOLUTE
    RESET                                    0x08000000   Section      408  startup_stm32f411xe.o(RESET)
    .ARM.Collect$$$$00000000                 0x08000198   Section        0  entry.o(.ARM.Collect$$$$00000000)
    .ARM.Collect$$$$00000001                 0x08000198   Section        4  entry2.o(.ARM.Collect$$$$00000001)
    .ARM.Collect$$$$00000004                 0x0800019c   Section        4  entry5.o(.ARM.Collect$$$$00000004)
    .ARM.Collect$$$$00000008                 0x080001a0   Section        0  entry7b.o(.ARM.Collect$$$$00000008)
    .ARM.Collect$$$$0000000A                 0x080001a0   Section        0  entry8b.o(.ARM.Collect$$$$0000000A)
    .ARM.Collect$$$$0000000B                 0x080001a0   Section        8  entry9a.o(.ARM.Collect$$$$0000000B)
    .ARM.Collect$$$$0000000D                 0x080001a8   Section        0  entry10a.o(.ARM.Collect$$$$0000000D)
    .ARM.Collect$$$$0000000F                 0x080001a8   Section        0  entry11a.o(.ARM.Collect$$$$0000000F)
    .ARM.Collect$$$$00002712                 0x080001a8   Section        4  entry2.o(.ARM.Collect$$$$00002712)
    __lit__00000000                          0x080001a8   Data           4  entry2.o(.ARM.Collect$$$$00002712)
    .text                                    0x080001ac   Section       36  startup_stm32f411xe.o(.text)
    $v0                                      0x080001ac   Number         0  startup_stm32f411xe.o(.text)
    .text                                    0x080001d0   Section        0  uldiv.o(.text)
    .text                                    0x08000232   Section        0  memseta.o(.text)
    .text                                    0x08000256   Section        0  strstr.o(.text)
    .text                                    0x0800027a   Section        0  strlen.o(.text)
    .text                                    0x08000288   Section        0  uidiv.o(.text)
    .text                                    0x080002b4   Section        0  llshl.o(.text)
    .text                                    0x080002d2   Section        0  llushr.o(.text)
    .text                                    0x080002f4   Section       36  init.o(.text)
    i.BusFault_Handler                       0x08000318   Section        0  stm32f4xx_it.o(i.BusFault_Handler)
    i.Clear_Buffer                           0x0800031c   Section        0  l610.o(i.Clear_Buffer)
    i.DHT11_Ack                              0x0800033c   Section        0  dht11.o(i.DHT11_Ack)
    i.DHT11_Init                             0x08000384   Section        0  dht11.o(i.DHT11_Init)
    i.DHT11_R_SDA                            0x080003c4   Section        0  dht11.o(i.DHT11_R_SDA)
    i.DHT11_ReadBit                          0x080003d4   Section        0  dht11.o(i.DHT11_ReadBit)
    i.DHT11_ReadByte                         0x0800041a   Section        0  dht11.o(i.DHT11_ReadByte)
    i.DHT11_ReadData                         0x08000434   Section        0  dht11.o(i.DHT11_ReadData)
    i.DHT11_Rst                              0x08000484   Section        0  dht11.o(i.DHT11_Rst)
    i.DHT11_W_SDA                            0x080004a4   Section        0  dht11.o(i.DHT11_W_SDA)
    i.DMA1_Stream5_IRQHandler                0x080004b4   Section        0  stm32f4xx_it.o(i.DMA1_Stream5_IRQHandler)
    i.DMA2_Stream1_IRQHandler                0x080004c0   Section        0  stm32f4xx_it.o(i.DMA2_Stream1_IRQHandler)
    i.DMA2_Stream2_IRQHandler                0x080004cc   Section        0  stm32f4xx_it.o(i.DMA2_Stream2_IRQHandler)
    i.DMA_CalcBaseAndBitshift                0x080004d8   Section        0  stm32f4xx_hal_dma.o(i.DMA_CalcBaseAndBitshift)
    DMA_CalcBaseAndBitshift                  0x080004d9   Thumb Code    34  stm32f4xx_hal_dma.o(i.DMA_CalcBaseAndBitshift)
    i.DMA_CheckFifoParam                     0x08000500   Section        0  stm32f4xx_hal_dma.o(i.DMA_CheckFifoParam)
    DMA_CheckFifoParam                       0x08000501   Thumb Code    84  stm32f4xx_hal_dma.o(i.DMA_CheckFifoParam)
    i.DMA_SetConfig                          0x08000554   Section        0  stm32f4xx_hal_dma.o(i.DMA_SetConfig)
    DMA_SetConfig                            0x08000555   Thumb Code    40  stm32f4xx_hal_dma.o(i.DMA_SetConfig)
    i.DebugMon_Handler                       0x0800057c   Section        0  stm32f4xx_it.o(i.DebugMon_Handler)
    i.Delay_ms                               0x0800057e   Section        0  delay.o(i.Delay_ms)
    i.Delay_s                                0x08000594   Section        0  delay.o(i.Delay_s)
    i.Delay_us                               0x080005aa   Section        0  delay.o(i.Delay_us)
    i.Enter_MaintenanceMode                  0x080005c8   Section        0  main.o(i.Enter_MaintenanceMode)
    i.Error_Handler                          0x080006e8   Section        0  main.o(i.Error_Handler)
    i.HAL_DMA_Abort                          0x080006ec   Section        0  stm32f4xx_hal_dma.o(i.HAL_DMA_Abort)
    i.HAL_DMA_Abort_IT                       0x0800077e   Section        0  stm32f4xx_hal_dma.o(i.HAL_DMA_Abort_IT)
    i.HAL_DMA_IRQHandler                     0x080007a4   Section        0  stm32f4xx_hal_dma.o(i.HAL_DMA_IRQHandler)
    i.HAL_DMA_Init                           0x08000944   Section        0  stm32f4xx_hal_dma.o(i.HAL_DMA_Init)
    i.HAL_DMA_Start_IT                       0x08000a18   Section        0  stm32f4xx_hal_dma.o(i.HAL_DMA_Start_IT)
    i.HAL_Delay                              0x08000a88   Section        0  stm32f4xx_hal.o(i.HAL_Delay)
    i.HAL_GPIO_Init                          0x08000aac   Section        0  stm32f4xx_hal_gpio.o(i.HAL_GPIO_Init)
    i.HAL_GPIO_ReadPin                       0x08000c8c   Section        0  stm32f4xx_hal_gpio.o(i.HAL_GPIO_ReadPin)
    i.HAL_GPIO_WritePin                      0x08000c96   Section        0  stm32f4xx_hal_gpio.o(i.HAL_GPIO_WritePin)
    i.HAL_GetTick                            0x08000ca0   Section        0  stm32f4xx_hal.o(i.HAL_GetTick)
    i.HAL_I2C_Init                           0x08000cac   Section        0  stm32f4xx_hal_i2c.o(i.HAL_I2C_Init)
    i.HAL_I2C_Mem_Read                       0x08000e34   Section        0  stm32f4xx_hal_i2c.o(i.HAL_I2C_Mem_Read)
    i.HAL_I2C_Mem_Write                      0x08001038   Section        0  stm32f4xx_hal_i2c.o(i.HAL_I2C_Mem_Write)
    i.HAL_I2C_MspInit                        0x08001168   Section        0  i2c.o(i.HAL_I2C_MspInit)
    i.HAL_IncTick                            0x080011fc   Section        0  stm32f4xx_hal.o(i.HAL_IncTick)
    i.HAL_Init                               0x0800120c   Section        0  stm32f4xx_hal.o(i.HAL_Init)
    i.HAL_InitTick                           0x08001240   Section        0  stm32f4xx_hal.o(i.HAL_InitTick)
    i.HAL_MspInit                            0x08001280   Section        0  stm32f4xx_hal_msp.o(i.HAL_MspInit)
    i.HAL_NVIC_EnableIRQ                     0x080012b4   Section        0  stm32f4xx_hal_cortex.o(i.HAL_NVIC_EnableIRQ)
    i.HAL_NVIC_SetPriority                   0x080012d0   Section        0  stm32f4xx_hal_cortex.o(i.HAL_NVIC_SetPriority)
    i.HAL_NVIC_SetPriorityGrouping           0x08001310   Section        0  stm32f4xx_hal_cortex.o(i.HAL_NVIC_SetPriorityGrouping)
    i.HAL_RCC_ClockConfig                    0x08001334   Section        0  stm32f4xx_hal_rcc.o(i.HAL_RCC_ClockConfig)
    i.HAL_RCC_GetPCLK1Freq                   0x08001468   Section        0  stm32f4xx_hal_rcc.o(i.HAL_RCC_GetPCLK1Freq)
    i.HAL_RCC_GetPCLK2Freq                   0x08001488   Section        0  stm32f4xx_hal_rcc.o(i.HAL_RCC_GetPCLK2Freq)
    i.HAL_RCC_GetSysClockFreq                0x080014a8   Section        0  stm32f4xx_hal_rcc.o(i.HAL_RCC_GetSysClockFreq)
    i.HAL_RCC_OscConfig                      0x08001508   Section        0  stm32f4xx_hal_rcc.o(i.HAL_RCC_OscConfig)
    i.HAL_SPI_Init                           0x08001874   Section        0  stm32f4xx_hal_spi.o(i.HAL_SPI_Init)
    i.HAL_SPI_MspInit                        0x08001930   Section        0  spi.o(i.HAL_SPI_MspInit)
    i.HAL_SPI_Transmit                       0x08001998   Section        0  stm32f4xx_hal_spi.o(i.HAL_SPI_Transmit)
    i.HAL_SYSTICK_Config                     0x08001afe   Section        0  stm32f4xx_hal_cortex.o(i.HAL_SYSTICK_Config)
    i.HAL_TIMEx_BreakCallback                0x08001b26   Section        0  stm32f4xx_hal_tim_ex.o(i.HAL_TIMEx_BreakCallback)
    i.HAL_TIMEx_CommutCallback               0x08001b28   Section        0  stm32f4xx_hal_tim_ex.o(i.HAL_TIMEx_CommutCallback)
    i.HAL_TIMEx_MasterConfigSynchronization  0x08001b2c   Section        0  stm32f4xx_hal_tim_ex.o(i.HAL_TIMEx_MasterConfigSynchronization)
    i.HAL_TIM_Base_Init                      0x08001ba8   Section        0  stm32f4xx_hal_tim.o(i.HAL_TIM_Base_Init)
    i.HAL_TIM_Base_MspInit                   0x08001c04   Section        0  tim.o(i.HAL_TIM_Base_MspInit)
    i.HAL_TIM_Base_Start                     0x08001c68   Section        0  stm32f4xx_hal_tim.o(i.HAL_TIM_Base_Start)
    i.HAL_TIM_Base_Start_IT                  0x08001ccc   Section        0  stm32f4xx_hal_tim.o(i.HAL_TIM_Base_Start_IT)
    i.HAL_TIM_Base_Stop                      0x08001d38   Section        0  stm32f4xx_hal_tim.o(i.HAL_TIM_Base_Stop)
    i.HAL_TIM_ConfigClockSource              0x08001d5e   Section        0  stm32f4xx_hal_tim.o(i.HAL_TIM_ConfigClockSource)
    i.HAL_TIM_IC_CaptureCallback             0x08001e3a   Section        0  stm32f4xx_hal_tim.o(i.HAL_TIM_IC_CaptureCallback)
    i.HAL_TIM_IRQHandler                     0x08001e3c   Section        0  stm32f4xx_hal_tim.o(i.HAL_TIM_IRQHandler)
    i.HAL_TIM_OC_DelayElapsedCallback        0x08001f6c   Section        0  stm32f4xx_hal_tim.o(i.HAL_TIM_OC_DelayElapsedCallback)
    i.HAL_TIM_PWM_PulseFinishedCallback      0x08001f6e   Section        0  stm32f4xx_hal_tim.o(i.HAL_TIM_PWM_PulseFinishedCallback)
    i.HAL_TIM_PeriodElapsedCallback          0x08001f70   Section        0  stm32f4xx_hal_tim.o(i.HAL_TIM_PeriodElapsedCallback)
    i.HAL_TIM_TriggerCallback                0x08001f72   Section        0  stm32f4xx_hal_tim.o(i.HAL_TIM_TriggerCallback)
    i.HAL_UARTEx_RxEventCallback             0x08001f74   Section        0  stm32f4xx_hal_uart.o(i.HAL_UARTEx_RxEventCallback)
    i.HAL_UART_DMAStop                       0x08001f76   Section        0  stm32f4xx_hal_uart.o(i.HAL_UART_DMAStop)
    i.HAL_UART_ErrorCallback                 0x08001fe6   Section        0  stm32f4xx_hal_uart.o(i.HAL_UART_ErrorCallback)
    i.HAL_UART_IRQHandler                    0x08001fe8   Section        0  stm32f4xx_hal_uart.o(i.HAL_UART_IRQHandler)
    i.HAL_UART_Init                          0x08002258   Section        0  stm32f4xx_hal_uart.o(i.HAL_UART_Init)
    i.HAL_UART_MspInit                       0x080022bc   Section        0  usart.o(i.HAL_UART_MspInit)
    i.HAL_UART_Receive_DMA                   0x08002474   Section        0  stm32f4xx_hal_uart.o(i.HAL_UART_Receive_DMA)
    i.HAL_UART_RxCpltCallback                0x08002490   Section        0  stm32f4xx_hal_uart.o(i.HAL_UART_RxCpltCallback)
    i.HAL_UART_RxHalfCpltCallback            0x08002492   Section        0  stm32f4xx_hal_uart.o(i.HAL_UART_RxHalfCpltCallback)
    i.HAL_UART_Transmit                      0x08002494   Section        0  stm32f4xx_hal_uart.o(i.HAL_UART_Transmit)
    i.HAL_UART_TxCpltCallback                0x08002534   Section        0  stm32f4xx_hal_uart.o(i.HAL_UART_TxCpltCallback)
    i.HardFault_Handler                      0x08002536   Section        0  stm32f4xx_it.o(i.HardFault_Handler)
    i.I2C_IsAcknowledgeFailed                0x08002538   Section        0  stm32f4xx_hal_i2c.o(i.I2C_IsAcknowledgeFailed)
    I2C_IsAcknowledgeFailed                  0x08002539   Thumb Code    46  stm32f4xx_hal_i2c.o(i.I2C_IsAcknowledgeFailed)
    i.I2C_RequestMemoryRead                  0x08002568   Section        0  stm32f4xx_hal_i2c.o(i.I2C_RequestMemoryRead)
    I2C_RequestMemoryRead                    0x08002569   Thumb Code   246  stm32f4xx_hal_i2c.o(i.I2C_RequestMemoryRead)
    i.I2C_RequestMemoryWrite                 0x08002664   Section        0  stm32f4xx_hal_i2c.o(i.I2C_RequestMemoryWrite)
    I2C_RequestMemoryWrite                   0x08002665   Thumb Code   162  stm32f4xx_hal_i2c.o(i.I2C_RequestMemoryWrite)
    i.I2C_WaitOnBTFFlagUntilTimeout          0x0800270c   Section        0  stm32f4xx_hal_i2c.o(i.I2C_WaitOnBTFFlagUntilTimeout)
    I2C_WaitOnBTFFlagUntilTimeout            0x0800270d   Thumb Code    86  stm32f4xx_hal_i2c.o(i.I2C_WaitOnBTFFlagUntilTimeout)
    i.I2C_WaitOnFlagUntilTimeout             0x08002764   Section        0  stm32f4xx_hal_i2c.o(i.I2C_WaitOnFlagUntilTimeout)
    I2C_WaitOnFlagUntilTimeout               0x08002765   Thumb Code   144  stm32f4xx_hal_i2c.o(i.I2C_WaitOnFlagUntilTimeout)
    i.I2C_WaitOnMasterAddressFlagUntilTimeout 0x080027f4   Section        0  stm32f4xx_hal_i2c.o(i.I2C_WaitOnMasterAddressFlagUntilTimeout)
    I2C_WaitOnMasterAddressFlagUntilTimeout  0x080027f5   Thumb Code   188  stm32f4xx_hal_i2c.o(i.I2C_WaitOnMasterAddressFlagUntilTimeout)
    i.I2C_WaitOnRXNEFlagUntilTimeout         0x080028b0   Section        0  stm32f4xx_hal_i2c.o(i.I2C_WaitOnRXNEFlagUntilTimeout)
    I2C_WaitOnRXNEFlagUntilTimeout           0x080028b1   Thumb Code   112  stm32f4xx_hal_i2c.o(i.I2C_WaitOnRXNEFlagUntilTimeout)
    i.I2C_WaitOnTXEFlagUntilTimeout          0x08002920   Section        0  stm32f4xx_hal_i2c.o(i.I2C_WaitOnTXEFlagUntilTimeout)
    I2C_WaitOnTXEFlagUntilTimeout            0x08002921   Thumb Code    86  stm32f4xx_hal_i2c.o(i.I2C_WaitOnTXEFlagUntilTimeout)
    i.Key_GetNum                             0x08002978   Section        0  key.o(i.Key_GetNum)
    i.Key_GetState                           0x0800298c   Section        0  key.o(i.Key_GetState)
    i.Key_Init                               0x080029e8   Section        0  key.o(i.Key_Init)
    i.Key_Kick                               0x08002a24   Section        0  key.o(i.Key_Kick)
    i.MX_DMA_Init                            0x08002a54   Section        0  dma.o(i.MX_DMA_Init)
    i.MX_GPIO_Init                           0x08002ab0   Section        0  gpio.o(i.MX_GPIO_Init)
    i.MX_I2C3_Init                           0x08002b70   Section        0  i2c.o(i.MX_I2C3_Init)
    i.MX_SPI1_Init                           0x08002bb0   Section        0  spi.o(i.MX_SPI1_Init)
    i.MX_TIM1_Init                           0x08002bf8   Section        0  tim.o(i.MX_TIM1_Init)
    i.MX_TIM2_Init                           0x08002c60   Section        0  tim.o(i.MX_TIM2_Init)
    i.MX_USART1_UART_Init                    0x08002cc4   Section        0  usart.o(i.MX_USART1_UART_Init)
    i.MX_USART2_UART_Init                    0x08002cfc   Section        0  usart.o(i.MX_USART2_UART_Init)
    i.MX_USART6_UART_Init                    0x08002d34   Section        0  usart.o(i.MX_USART6_UART_Init)
    i.MemManage_Handler                      0x08002d6c   Section        0  stm32f4xx_it.o(i.MemManage_Handler)
    i.MyI2C_Init                             0x08002d70   Section        0  my_i2c.o(i.MyI2C_Init)
    i.MyI2C_R_SDA                            0x08002db4   Section        0  my_i2c.o(i.MyI2C_R_SDA)
    i.MyI2C_ReadAck                          0x08002dd0   Section        0  my_i2c.o(i.MyI2C_ReadAck)
    i.MyI2C_ReadByte                         0x08002dee   Section        0  my_i2c.o(i.MyI2C_ReadByte)
    i.MyI2C_SendAck                          0x08002e22   Section        0  my_i2c.o(i.MyI2C_SendAck)
    i.MyI2C_SendByte                         0x08002e38   Section        0  my_i2c.o(i.MyI2C_SendByte)
    i.MyI2C_Start                            0x08002e60   Section        0  my_i2c.o(i.MyI2C_Start)
    i.MyI2C_Stop                             0x08002e7e   Section        0  my_i2c.o(i.MyI2C_Stop)
    i.MyI2C_W_SCL                            0x08002e98   Section        0  my_i2c.o(i.MyI2C_W_SCL)
    i.MyI2C_W_SDA                            0x08002eb4   Section        0  my_i2c.o(i.MyI2C_W_SDA)
    i.NMI_Handler                            0x08002ed0   Section        0  stm32f4xx_it.o(i.NMI_Handler)
    i.OLED_Clear                             0x08002ed2   Section        0  oled.o(i.OLED_Clear)
    i.OLED_I2C_Init                          0x08002ef8   Section        0  oled.o(i.OLED_I2C_Init)
    i.OLED_I2C_SendByte                      0x08002f48   Section        0  oled.o(i.OLED_I2C_SendByte)
    i.OLED_I2C_Start                         0x08002f7e   Section        0  oled.o(i.OLED_I2C_Start)
    i.OLED_I2C_Stop                          0x08002f9c   Section        0  oled.o(i.OLED_I2C_Stop)
    i.OLED_Init                              0x08002fb4   Section        0  oled.o(i.OLED_Init)
    i.OLED_Pow                               0x08003060   Section        0  oled.o(i.OLED_Pow)
    i.OLED_SetCursor                         0x0800306e   Section        0  oled.o(i.OLED_SetCursor)
    i.OLED_ShowChar                          0x08003090   Section        0  oled.o(i.OLED_ShowChar)
    i.OLED_ShowNum                           0x080030f8   Section        0  oled.o(i.OLED_ShowNum)
    i.OLED_ShowString                        0x0800313a   Section        0  oled.o(i.OLED_ShowString)
    i.OLED_W_SCL                             0x08003160   Section        0  oled.o(i.OLED_W_SCL)
    i.OLED_W_SDA                             0x0800317c   Section        0  oled.o(i.OLED_W_SDA)
    i.OLED_WriteCommand                      0x08003198   Section        0  oled.o(i.OLED_WriteCommand)
    i.OLED_WriteData                         0x080031ba   Section        0  oled.o(i.OLED_WriteData)
    i.PendSV_Handler                         0x080031dc   Section        0  stm32f4xx_it.o(i.PendSV_Handler)
    i.SPI_EndRxTxTransaction                 0x080031e0   Section        0  stm32f4xx_hal_spi.o(i.SPI_EndRxTxTransaction)
    SPI_EndRxTxTransaction                   0x080031e1   Thumb Code    98  stm32f4xx_hal_spi.o(i.SPI_EndRxTxTransaction)
    i.SPI_WaitFlagStateUntilTimeout          0x0800324c   Section        0  stm32f4xx_hal_spi.o(i.SPI_WaitFlagStateUntilTimeout)
    SPI_WaitFlagStateUntilTimeout            0x0800324d   Thumb Code   180  stm32f4xx_hal_spi.o(i.SPI_WaitFlagStateUntilTimeout)
    i.SVC_Handler                            0x08003304   Section        0  stm32f4xx_it.o(i.SVC_Handler)
    i.Show_MaintenanceInformation            0x08003308   Section        0  main.o(i.Show_MaintenanceInformation)
    i.SysTick_Handler                        0x0800344c   Section        0  stm32f4xx_it.o(i.SysTick_Handler)
    i.SystemClock_Config                     0x08003450   Section        0  main.o(i.SystemClock_Config)
    i.SystemInit                             0x080034e0   Section        0  system_stm32f4xx.o(i.SystemInit)
    i.TCS34725_Get_RGBData                   0x080034f0   Section        0  tcs34725.o(i.TCS34725_Get_RGBData)
    i.TCS34725_Init                          0x0800355e   Section        0  tcs34725.o(i.TCS34725_Init)
    i.TCS34725_ReadReg                       0x0800358e   Section        0  tcs34725.o(i.TCS34725_ReadReg)
    i.TCS34725_WriteReg                      0x080035ce   Section        0  tcs34725.o(i.TCS34725_WriteReg)
    i.TIM1_UP_TIM10_IRQHandler               0x08003600   Section        0  stm32f4xx_it.o(i.TIM1_UP_TIM10_IRQHandler)
    i.TIM2_IRQHandler                        0x08003614   Section        0  stm32f4xx_it.o(i.TIM2_IRQHandler)
    i.TIM_Base_SetConfig                     0x08003690   Section        0  stm32f4xx_hal_tim.o(i.TIM_Base_SetConfig)
    i.TIM_ETR_SetConfig                      0x08003734   Section        0  stm32f4xx_hal_tim.o(i.TIM_ETR_SetConfig)
    i.TIM_ITRx_SetConfig                     0x08003748   Section        0  stm32f4xx_hal_tim.o(i.TIM_ITRx_SetConfig)
    TIM_ITRx_SetConfig                       0x08003749   Thumb Code    16  stm32f4xx_hal_tim.o(i.TIM_ITRx_SetConfig)
    i.TIM_TI1_ConfigInputStage               0x08003758   Section        0  stm32f4xx_hal_tim.o(i.TIM_TI1_ConfigInputStage)
    TIM_TI1_ConfigInputStage                 0x08003759   Thumb Code    34  stm32f4xx_hal_tim.o(i.TIM_TI1_ConfigInputStage)
    i.TIM_TI2_ConfigInputStage               0x0800377a   Section        0  stm32f4xx_hal_tim.o(i.TIM_TI2_ConfigInputStage)
    TIM_TI2_ConfigInputStage                 0x0800377b   Thumb Code    36  stm32f4xx_hal_tim.o(i.TIM_TI2_ConfigInputStage)
    i.UART_DMAAbortOnError                   0x0800379e   Section        0  stm32f4xx_hal_uart.o(i.UART_DMAAbortOnError)
    UART_DMAAbortOnError                     0x0800379f   Thumb Code    16  stm32f4xx_hal_uart.o(i.UART_DMAAbortOnError)
    i.UART_DMAError                          0x080037ae   Section        0  stm32f4xx_hal_uart.o(i.UART_DMAError)
    UART_DMAError                            0x080037af   Thumb Code    74  stm32f4xx_hal_uart.o(i.UART_DMAError)
    i.UART_DMAReceiveCplt                    0x080037f8   Section        0  stm32f4xx_hal_uart.o(i.UART_DMAReceiveCplt)
    UART_DMAReceiveCplt                      0x080037f9   Thumb Code   134  stm32f4xx_hal_uart.o(i.UART_DMAReceiveCplt)
    i.UART_DMARxHalfCplt                     0x0800387e   Section        0  stm32f4xx_hal_uart.o(i.UART_DMARxHalfCplt)
    UART_DMARxHalfCplt                       0x0800387f   Thumb Code    30  stm32f4xx_hal_uart.o(i.UART_DMARxHalfCplt)
    i.UART_EndRxTransfer                     0x0800389c   Section        0  stm32f4xx_hal_uart.o(i.UART_EndRxTransfer)
    UART_EndRxTransfer                       0x0800389d   Thumb Code    78  stm32f4xx_hal_uart.o(i.UART_EndRxTransfer)
    i.UART_EndTxTransfer                     0x080038ea   Section        0  stm32f4xx_hal_uart.o(i.UART_EndTxTransfer)
    UART_EndTxTransfer                       0x080038eb   Thumb Code    28  stm32f4xx_hal_uart.o(i.UART_EndTxTransfer)
    i.UART_Receive_IT                        0x08003906   Section        0  stm32f4xx_hal_uart.o(i.UART_Receive_IT)
    UART_Receive_IT                          0x08003907   Thumb Code   194  stm32f4xx_hal_uart.o(i.UART_Receive_IT)
    i.UART_SetConfig                         0x080039c8   Section        0  stm32f4xx_hal_uart.o(i.UART_SetConfig)
    UART_SetConfig                           0x080039c9   Thumb Code   258  stm32f4xx_hal_uart.o(i.UART_SetConfig)
    i.UART_Start_Receive_DMA                 0x08003ad4   Section        0  stm32f4xx_hal_uart.o(i.UART_Start_Receive_DMA)
    i.UART_WaitOnFlagUntilTimeout            0x08003b64   Section        0  stm32f4xx_hal_uart.o(i.UART_WaitOnFlagUntilTimeout)
    UART_WaitOnFlagUntilTimeout              0x08003b65   Thumb Code   114  stm32f4xx_hal_uart.o(i.UART_WaitOnFlagUntilTimeout)
    i.USART1_IRQHandler                      0x08003bd8   Section        0  stm32f4xx_it.o(i.USART1_IRQHandler)
    i.USART2_IRQHandler                      0x08003c2c   Section        0  stm32f4xx_it.o(i.USART2_IRQHandler)
    i.USART6_IRQHandler                      0x08003c38   Section        0  stm32f4xx_it.o(i.USART6_IRQHandler)
    i.UsageFault_Handler                     0x08003cb8   Section        0  stm32f4xx_it.o(i.UsageFault_Handler)
    i.VL6180X_GetID                          0x08003cba   Section        0  vl6180x.o(i.VL6180X_GetID)
    i.VL6180X_GetRange                       0x08003cd2   Section        0  vl6180x.o(i.VL6180X_GetRange)
    i.VL6180X_Init                           0x08003d36   Section        0  vl6180x.o(i.VL6180X_Init)
    i.VL6180X_ReadByte                       0x08003eac   Section        0  vl6180x.o(i.VL6180X_ReadByte)
    i.VL6180X_WriteByte                      0x08003ecc   Section        0  vl6180x.o(i.VL6180X_WriteByte)
    i.__0printf$1                            0x08003ef0   Section        0  printf1.o(i.__0printf$1)
    i.__0sprintf$1                           0x08003f10   Section        0  printf1.o(i.__0sprintf$1)
    i.__NVIC_SetPriority                     0x08003f38   Section        0  stm32f4xx_hal_cortex.o(i.__NVIC_SetPriority)
    __NVIC_SetPriority                       0x08003f39   Thumb Code    32  stm32f4xx_hal_cortex.o(i.__NVIC_SetPriority)
    i.__scatterload_copy                     0x08003f58   Section       14  handlers.o(i.__scatterload_copy)
    i.__scatterload_null                     0x08003f66   Section        2  handlers.o(i.__scatterload_null)
    i.__scatterload_zeroinit                 0x08003f68   Section       14  handlers.o(i.__scatterload_zeroinit)
    i._printf_core                           0x08003f78   Section        0  printf1.o(i._printf_core)
    _printf_core                             0x08003f79   Thumb Code   336  printf1.o(i._printf_core)
    i._sputc                                 0x080040cc   Section        0  printf1.o(i._sputc)
    _sputc                                   0x080040cd   Thumb Code    10  printf1.o(i._sputc)
    i.fputc                                  0x080040d8   Section        0  main.o(i.fputc)
    i.main                                   0x080040f8   Section        0  main.o(i.main)
    .constdata                               0x08005150   Section        8  stm32f4xx_hal_dma.o(.constdata)
    flagBitshiftOffset                       0x08005150   Data           8  stm32f4xx_hal_dma.o(.constdata)
    .constdata                               0x08005158   Section       16  system_stm32f4xx.o(.constdata)
    .constdata                               0x08005168   Section        8  system_stm32f4xx.o(.constdata)
    .constdata                               0x08005170   Section     1520  oled.o(.constdata)
    .conststring                             0x08005760   Section     2527  main.o(.conststring)
    .data                                    0x20000000   Section        2  stm32f4xx_it.o(.data)
    .data                                    0x20000004   Section       12  stm32f4xx_hal.o(.data)
    .data                                    0x20000010   Section        4  system_stm32f4xx.o(.data)
    .data                                    0x20000014   Section        4  key.o(.data)
    PreviousState                            0x20000015   Data           1  key.o(.data)
    CurrentState                             0x20000016   Data           1  key.o(.data)
    Count                                    0x20000017   Data           1  key.o(.data)
    .data                                    0x20000018   Section        4  stdout.o(.data)
    .bss                                     0x2000001c   Section       84  i2c.o(.bss)
    .bss                                     0x20000070   Section       88  spi.o(.bss)
    .bss                                     0x200000c8   Section      144  tim.o(.bss)
    .bss                                     0x20000158   Section      504  usart.o(.bss)
    .bss                                     0x20000350   Section     1536  stm32f4xx_it.o(.bss)
    STACK                                    0x20000950   Section     1024  startup_stm32f411xe.o(STACK)

    Global Symbols

    Symbol Name                              Value     Ov Type        Size  Object(Section)

    BuildAttributes$$THM_ISAv4$E$P$D$K$B$S$7EM$VFPi3$EXTD16$VFPS$VFMA$PE$A:L22UL41UL21$X:L11$S22US41US21$IEEE1$IW$USESV6$~STKCKD$USESV7$~SHL$OSPACE$ROPI$EBA8$MICROLIB$REQ8$PRES8$EABIv2 0x00000000   Number         0  anon$$obj.o ABSOLUTE
    __ARM_use_no_argv                        0x00000000   Number         0  main.o ABSOLUTE
    _printf_a                                0x00000000   Number         0  stubs.o ABSOLUTE
    _printf_c                                0x00000000   Number         0  stubs.o ABSOLUTE
    _printf_charcount                        0x00000000   Number         0  stubs.o ABSOLUTE
    _printf_d                                0x00000000   Number         0  stubs.o ABSOLUTE
    _printf_e                                0x00000000   Number         0  stubs.o ABSOLUTE
    _printf_f                                0x00000000   Number         0  stubs.o ABSOLUTE
    _printf_flags                            0x00000000   Number         0  stubs.o ABSOLUTE
    _printf_fp_dec                           0x00000000   Number         0  stubs.o ABSOLUTE
    _printf_fp_hex                           0x00000000   Number         0  stubs.o ABSOLUTE
    _printf_g                                0x00000000   Number         0  stubs.o ABSOLUTE
    _printf_i                                0x00000000   Number         0  stubs.o ABSOLUTE
    _printf_int_dec                          0x00000000   Number         0  stubs.o ABSOLUTE
    _printf_l                                0x00000000   Number         0  stubs.o ABSOLUTE
    _printf_lc                               0x00000000   Number         0  stubs.o ABSOLUTE
    _printf_ll                               0x00000000   Number         0  stubs.o ABSOLUTE
    _printf_lld                              0x00000000   Number         0  stubs.o ABSOLUTE
    _printf_lli                              0x00000000   Number         0  stubs.o ABSOLUTE
    _printf_llo                              0x00000000   Number         0  stubs.o ABSOLUTE
    _printf_llu                              0x00000000   Number         0  stubs.o ABSOLUTE
    _printf_llx                              0x00000000   Number         0  stubs.o ABSOLUTE
    _printf_longlong_dec                     0x00000000   Number         0  stubs.o ABSOLUTE
    _printf_longlong_hex                     0x00000000   Number         0  stubs.o ABSOLUTE
    _printf_longlong_oct                     0x00000000   Number         0  stubs.o ABSOLUTE
    _printf_ls                               0x00000000   Number         0  stubs.o ABSOLUTE
    _printf_mbtowc                           0x00000000   Number         0  stubs.o ABSOLUTE
    _printf_n                                0x00000000   Number         0  stubs.o ABSOLUTE
    _printf_o                                0x00000000   Number         0  stubs.o ABSOLUTE
    _printf_p                                0x00000000   Number         0  stubs.o ABSOLUTE
    _printf_percent                          0x00000000   Number         0  stubs.o ABSOLUTE
    _printf_pre_padding                      0x00000000   Number         0  stubs.o ABSOLUTE
    _printf_return_value                     0x00000000   Number         0  stubs.o ABSOLUTE
    _printf_s                                0x00000000   Number         0  stubs.o ABSOLUTE
    _printf_sizespec                         0x00000000   Number         0  stubs.o ABSOLUTE
    _printf_str                              0x00000000   Number         0  stubs.o ABSOLUTE
    _printf_truncate_signed                  0x00000000   Number         0  stubs.o ABSOLUTE
    _printf_truncate_unsigned                0x00000000   Number         0  stubs.o ABSOLUTE
    _printf_u                                0x00000000   Number         0  stubs.o ABSOLUTE
    _printf_wc                               0x00000000   Number         0  stubs.o ABSOLUTE
    _printf_wctomb                           0x00000000   Number         0  stubs.o ABSOLUTE
    _printf_widthprec                        0x00000000   Number         0  stubs.o ABSOLUTE
    _printf_x                                0x00000000   Number         0  stubs.o ABSOLUTE
    __cpp_initialize__aeabi_                  - Undefined Weak Reference
    __cxa_finalize                            - Undefined Weak Reference
    __decompress                              - Undefined Weak Reference
    _clock_init                               - Undefined Weak Reference
    _microlib_exit                            - Undefined Weak Reference
    __Vectors_Size                           0x00000198   Number         0  startup_stm32f411xe.o ABSOLUTE
    __Vectors                                0x08000000   Data           4  startup_stm32f411xe.o(RESET)
    __Vectors_End                            0x08000198   Data           0  startup_stm32f411xe.o(RESET)
    __main                                   0x08000199   Thumb Code     0  entry.o(.ARM.Collect$$$$00000000)
    _main_stk                                0x08000199   Thumb Code     0  entry2.o(.ARM.Collect$$$$00000001)
    _main_scatterload                        0x0800019d   Thumb Code     0  entry5.o(.ARM.Collect$$$$00000004)
    __main_after_scatterload                 0x080001a1   Thumb Code     0  entry5.o(.ARM.Collect$$$$00000004)
    _main_clock                              0x080001a1   Thumb Code     0  entry7b.o(.ARM.Collect$$$$00000008)
    _main_cpp_init                           0x080001a1   Thumb Code     0  entry8b.o(.ARM.Collect$$$$0000000A)
    _main_init                               0x080001a1   Thumb Code     0  entry9a.o(.ARM.Collect$$$$0000000B)
    __rt_final_cpp                           0x080001a9   Thumb Code     0  entry10a.o(.ARM.Collect$$$$0000000D)
    __rt_final_exit                          0x080001a9   Thumb Code     0  entry11a.o(.ARM.Collect$$$$0000000F)
    Reset_Handler                            0x080001ad   Thumb Code     8  startup_stm32f411xe.o(.text)
    ADC_IRQHandler                           0x080001c7   Thumb Code     0  startup_stm32f411xe.o(.text)
    DMA1_Stream0_IRQHandler                  0x080001c7   Thumb Code     0  startup_stm32f411xe.o(.text)
    DMA1_Stream1_IRQHandler                  0x080001c7   Thumb Code     0  startup_stm32f411xe.o(.text)
    DMA1_Stream2_IRQHandler                  0x080001c7   Thumb Code     0  startup_stm32f411xe.o(.text)
    DMA1_Stream3_IRQHandler                  0x080001c7   Thumb Code     0  startup_stm32f411xe.o(.text)
    DMA1_Stream4_IRQHandler                  0x080001c7   Thumb Code     0  startup_stm32f411xe.o(.text)
    DMA1_Stream6_IRQHandler                  0x080001c7   Thumb Code     0  startup_stm32f411xe.o(.text)
    DMA1_Stream7_IRQHandler                  0x080001c7   Thumb Code     0  startup_stm32f411xe.o(.text)
    DMA2_Stream0_IRQHandler                  0x080001c7   Thumb Code     0  startup_stm32f411xe.o(.text)
    DMA2_Stream3_IRQHandler                  0x080001c7   Thumb Code     0  startup_stm32f411xe.o(.text)
    DMA2_Stream4_IRQHandler                  0x080001c7   Thumb Code     0  startup_stm32f411xe.o(.text)
    DMA2_Stream5_IRQHandler                  0x080001c7   Thumb Code     0  startup_stm32f411xe.o(.text)
    DMA2_Stream6_IRQHandler                  0x080001c7   Thumb Code     0  startup_stm32f411xe.o(.text)
    DMA2_Stream7_IRQHandler                  0x080001c7   Thumb Code     0  startup_stm32f411xe.o(.text)
    EXTI0_IRQHandler                         0x080001c7   Thumb Code     0  startup_stm32f411xe.o(.text)
    EXTI15_10_IRQHandler                     0x080001c7   Thumb Code     0  startup_stm32f411xe.o(.text)
    EXTI1_IRQHandler                         0x080001c7   Thumb Code     0  startup_stm32f411xe.o(.text)
    EXTI2_IRQHandler                         0x080001c7   Thumb Code     0  startup_stm32f411xe.o(.text)
    EXTI3_IRQHandler                         0x080001c7   Thumb Code     0  startup_stm32f411xe.o(.text)
    EXTI4_IRQHandler                         0x080001c7   Thumb Code     0  startup_stm32f411xe.o(.text)
    EXTI9_5_IRQHandler                       0x080001c7   Thumb Code     0  startup_stm32f411xe.o(.text)
    FLASH_IRQHandler                         0x080001c7   Thumb Code     0  startup_stm32f411xe.o(.text)
    FPU_IRQHandler                           0x080001c7   Thumb Code     0  startup_stm32f411xe.o(.text)
    I2C1_ER_IRQHandler                       0x080001c7   Thumb Code     0  startup_stm32f411xe.o(.text)
    I2C1_EV_IRQHandler                       0x080001c7   Thumb Code     0  startup_stm32f411xe.o(.text)
    I2C2_ER_IRQHandler                       0x080001c7   Thumb Code     0  startup_stm32f411xe.o(.text)
    I2C2_EV_IRQHandler                       0x080001c7   Thumb Code     0  startup_stm32f411xe.o(.text)
    I2C3_ER_IRQHandler                       0x080001c7   Thumb Code     0  startup_stm32f411xe.o(.text)
    I2C3_EV_IRQHandler                       0x080001c7   Thumb Code     0  startup_stm32f411xe.o(.text)
    OTG_FS_IRQHandler                        0x080001c7   Thumb Code     0  startup_stm32f411xe.o(.text)
    OTG_FS_WKUP_IRQHandler                   0x080001c7   Thumb Code     0  startup_stm32f411xe.o(.text)
    PVD_IRQHandler                           0x080001c7   Thumb Code     0  startup_stm32f411xe.o(.text)
    RCC_IRQHandler                           0x080001c7   Thumb Code     0  startup_stm32f411xe.o(.text)
    RTC_Alarm_IRQHandler                     0x080001c7   Thumb Code     0  startup_stm32f411xe.o(.text)
    RTC_WKUP_IRQHandler                      0x080001c7   Thumb Code     0  startup_stm32f411xe.o(.text)
    SDIO_IRQHandler                          0x080001c7   Thumb Code     0  startup_stm32f411xe.o(.text)
    SPI1_IRQHandler                          0x080001c7   Thumb Code     0  startup_stm32f411xe.o(.text)
    SPI2_IRQHandler                          0x080001c7   Thumb Code     0  startup_stm32f411xe.o(.text)
    SPI3_IRQHandler                          0x080001c7   Thumb Code     0  startup_stm32f411xe.o(.text)
    SPI4_IRQHandler                          0x080001c7   Thumb Code     0  startup_stm32f411xe.o(.text)
    SPI5_IRQHandler                          0x080001c7   Thumb Code     0  startup_stm32f411xe.o(.text)
    TAMP_STAMP_IRQHandler                    0x080001c7   Thumb Code     0  startup_stm32f411xe.o(.text)
    TIM1_BRK_TIM9_IRQHandler                 0x080001c7   Thumb Code     0  startup_stm32f411xe.o(.text)
    TIM1_CC_IRQHandler                       0x080001c7   Thumb Code     0  startup_stm32f411xe.o(.text)
    TIM1_TRG_COM_TIM11_IRQHandler            0x080001c7   Thumb Code     0  startup_stm32f411xe.o(.text)
    TIM3_IRQHandler                          0x080001c7   Thumb Code     0  startup_stm32f411xe.o(.text)
    TIM4_IRQHandler                          0x080001c7   Thumb Code     0  startup_stm32f411xe.o(.text)
    TIM5_IRQHandler                          0x080001c7   Thumb Code     0  startup_stm32f411xe.o(.text)
    WWDG_IRQHandler                          0x080001c7   Thumb Code     0  startup_stm32f411xe.o(.text)
    __aeabi_uldivmod                         0x080001d1   Thumb Code    98  uldiv.o(.text)
    __aeabi_memset                           0x08000233   Thumb Code    14  memseta.o(.text)
    __aeabi_memset4                          0x08000233   Thumb Code     0  memseta.o(.text)
    __aeabi_memset8                          0x08000233   Thumb Code     0  memseta.o(.text)
    __aeabi_memclr                           0x08000241   Thumb Code     4  memseta.o(.text)
    __aeabi_memclr4                          0x08000241   Thumb Code     0  memseta.o(.text)
    __aeabi_memclr8                          0x08000241   Thumb Code     0  memseta.o(.text)
    _memset$wrapper                          0x08000245   Thumb Code    18  memseta.o(.text)
    strstr                                   0x08000257   Thumb Code    36  strstr.o(.text)
    strlen                                   0x0800027b   Thumb Code    14  strlen.o(.text)
    __aeabi_uidiv                            0x08000289   Thumb Code     0  uidiv.o(.text)
    __aeabi_uidivmod                         0x08000289   Thumb Code    44  uidiv.o(.text)
    __aeabi_llsl                             0x080002b5   Thumb Code    30  llshl.o(.text)
    _ll_shift_l                              0x080002b5   Thumb Code     0  llshl.o(.text)
    __aeabi_llsr                             0x080002d3   Thumb Code    32  llushr.o(.text)
    _ll_ushift_r                             0x080002d3   Thumb Code     0  llushr.o(.text)
    __scatterload                            0x080002f5   Thumb Code    28  init.o(.text)
    __scatterload_rt2                        0x080002f5   Thumb Code     0  init.o(.text)
    BusFault_Handler                         0x08000319   Thumb Code     2  stm32f4xx_it.o(i.BusFault_Handler)
    Clear_Buffer                             0x0800031d   Thumb Code    26  l610.o(i.Clear_Buffer)
    DHT11_Ack                                0x0800033d   Thumb Code    72  dht11.o(i.DHT11_Ack)
    DHT11_Init                               0x08000385   Thumb Code    54  dht11.o(i.DHT11_Init)
    DHT11_R_SDA                              0x080003c5   Thumb Code    10  dht11.o(i.DHT11_R_SDA)
    DHT11_ReadBit                            0x080003d5   Thumb Code    70  dht11.o(i.DHT11_ReadBit)
    DHT11_ReadByte                           0x0800041b   Thumb Code    26  dht11.o(i.DHT11_ReadByte)
    DHT11_ReadData                           0x08000435   Thumb Code    80  dht11.o(i.DHT11_ReadData)
    DHT11_Rst                                0x08000485   Thumb Code    30  dht11.o(i.DHT11_Rst)
    DHT11_W_SDA                              0x080004a5   Thumb Code    12  dht11.o(i.DHT11_W_SDA)
    DMA1_Stream5_IRQHandler                  0x080004b5   Thumb Code     6  stm32f4xx_it.o(i.DMA1_Stream5_IRQHandler)
    DMA2_Stream1_IRQHandler                  0x080004c1   Thumb Code     6  stm32f4xx_it.o(i.DMA2_Stream1_IRQHandler)
    DMA2_Stream2_IRQHandler                  0x080004cd   Thumb Code     6  stm32f4xx_it.o(i.DMA2_Stream2_IRQHandler)
    DebugMon_Handler                         0x0800057d   Thumb Code     2  stm32f4xx_it.o(i.DebugMon_Handler)
    Delay_ms                                 0x0800057f   Thumb Code    22  delay.o(i.Delay_ms)
    Delay_s                                  0x08000595   Thumb Code    22  delay.o(i.Delay_s)
    Delay_us                                 0x080005ab   Thumb Code    30  delay.o(i.Delay_us)
    Enter_MaintenanceMode                    0x080005c9   Thumb Code   260  main.o(i.Enter_MaintenanceMode)
    Error_Handler                            0x080006e9   Thumb Code     4  main.o(i.Error_Handler)
    HAL_DMA_Abort                            0x080006ed   Thumb Code   146  stm32f4xx_hal_dma.o(i.HAL_DMA_Abort)
    HAL_DMA_Abort_IT                         0x0800077f   Thumb Code    36  stm32f4xx_hal_dma.o(i.HAL_DMA_Abort_IT)
    HAL_DMA_IRQHandler                       0x080007a5   Thumb Code   412  stm32f4xx_hal_dma.o(i.HAL_DMA_IRQHandler)
    HAL_DMA_Init                             0x08000945   Thumb Code   206  stm32f4xx_hal_dma.o(i.HAL_DMA_Init)
    HAL_DMA_Start_IT                         0x08000a19   Thumb Code   110  stm32f4xx_hal_dma.o(i.HAL_DMA_Start_IT)
    HAL_Delay                                0x08000a89   Thumb Code    32  stm32f4xx_hal.o(i.HAL_Delay)
    HAL_GPIO_Init                            0x08000aad   Thumb Code   446  stm32f4xx_hal_gpio.o(i.HAL_GPIO_Init)
    HAL_GPIO_ReadPin                         0x08000c8d   Thumb Code    10  stm32f4xx_hal_gpio.o(i.HAL_GPIO_ReadPin)
    HAL_GPIO_WritePin                        0x08000c97   Thumb Code    10  stm32f4xx_hal_gpio.o(i.HAL_GPIO_WritePin)
    HAL_GetTick                              0x08000ca1   Thumb Code     6  stm32f4xx_hal.o(i.HAL_GetTick)
    HAL_I2C_Init                             0x08000cad   Thumb Code   376  stm32f4xx_hal_i2c.o(i.HAL_I2C_Init)
    HAL_I2C_Mem_Read                         0x08000e35   Thumb Code   502  stm32f4xx_hal_i2c.o(i.HAL_I2C_Mem_Read)
    HAL_I2C_Mem_Write                        0x08001039   Thumb Code   294  stm32f4xx_hal_i2c.o(i.HAL_I2C_Mem_Write)
    HAL_I2C_MspInit                          0x08001169   Thumb Code   130  i2c.o(i.HAL_I2C_MspInit)
    HAL_IncTick                              0x080011fd   Thumb Code    12  stm32f4xx_hal.o(i.HAL_IncTick)
    HAL_Init                                 0x0800120d   Thumb Code    48  stm32f4xx_hal.o(i.HAL_Init)
    HAL_InitTick                             0x08001241   Thumb Code    54  stm32f4xx_hal.o(i.HAL_InitTick)
    HAL_MspInit                              0x08001281   Thumb Code    48  stm32f4xx_hal_msp.o(i.HAL_MspInit)
    HAL_NVIC_EnableIRQ                       0x080012b5   Thumb Code    26  stm32f4xx_hal_cortex.o(i.HAL_NVIC_EnableIRQ)
    HAL_NVIC_SetPriority                     0x080012d1   Thumb Code    60  stm32f4xx_hal_cortex.o(i.HAL_NVIC_SetPriority)
    HAL_NVIC_SetPriorityGrouping             0x08001311   Thumb Code    26  stm32f4xx_hal_cortex.o(i.HAL_NVIC_SetPriorityGrouping)
    HAL_RCC_ClockConfig                      0x08001335   Thumb Code   288  stm32f4xx_hal_rcc.o(i.HAL_RCC_ClockConfig)
    HAL_RCC_GetPCLK1Freq                     0x08001469   Thumb Code    20  stm32f4xx_hal_rcc.o(i.HAL_RCC_GetPCLK1Freq)
    HAL_RCC_GetPCLK2Freq                     0x08001489   Thumb Code    20  stm32f4xx_hal_rcc.o(i.HAL_RCC_GetPCLK2Freq)
    HAL_RCC_GetSysClockFreq                  0x080014a9   Thumb Code    88  stm32f4xx_hal_rcc.o(i.HAL_RCC_GetSysClockFreq)
    HAL_RCC_OscConfig                        0x08001509   Thumb Code   856  stm32f4xx_hal_rcc.o(i.HAL_RCC_OscConfig)
    HAL_SPI_Init                             0x08001875   Thumb Code   188  stm32f4xx_hal_spi.o(i.HAL_SPI_Init)
    HAL_SPI_MspInit                          0x08001931   Thumb Code    92  spi.o(i.HAL_SPI_MspInit)
    HAL_SPI_Transmit                         0x08001999   Thumb Code   358  stm32f4xx_hal_spi.o(i.HAL_SPI_Transmit)
    HAL_SYSTICK_Config                       0x08001aff   Thumb Code    40  stm32f4xx_hal_cortex.o(i.HAL_SYSTICK_Config)
    HAL_TIMEx_BreakCallback                  0x08001b27   Thumb Code     2  stm32f4xx_hal_tim_ex.o(i.HAL_TIMEx_BreakCallback)
    HAL_TIMEx_CommutCallback                 0x08001b29   Thumb Code     2  stm32f4xx_hal_tim_ex.o(i.HAL_TIMEx_CommutCallback)
    HAL_TIMEx_MasterConfigSynchronization    0x08001b2d   Thumb Code   104  stm32f4xx_hal_tim_ex.o(i.HAL_TIMEx_MasterConfigSynchronization)
    HAL_TIM_Base_Init                        0x08001ba9   Thumb Code    90  stm32f4xx_hal_tim.o(i.HAL_TIM_Base_Init)
    HAL_TIM_Base_MspInit                     0x08001c05   Thumb Code    90  tim.o(i.HAL_TIM_Base_MspInit)
    HAL_TIM_Base_Start                       0x08001c69   Thumb Code    78  stm32f4xx_hal_tim.o(i.HAL_TIM_Base_Start)
    HAL_TIM_Base_Start_IT                    0x08001ccd   Thumb Code    88  stm32f4xx_hal_tim.o(i.HAL_TIM_Base_Start_IT)
    HAL_TIM_Base_Stop                        0x08001d39   Thumb Code    38  stm32f4xx_hal_tim.o(i.HAL_TIM_Base_Stop)
    HAL_TIM_ConfigClockSource                0x08001d5f   Thumb Code   220  stm32f4xx_hal_tim.o(i.HAL_TIM_ConfigClockSource)
    HAL_TIM_IC_CaptureCallback               0x08001e3b   Thumb Code     2  stm32f4xx_hal_tim.o(i.HAL_TIM_IC_CaptureCallback)
    HAL_TIM_IRQHandler                       0x08001e3d   Thumb Code   304  stm32f4xx_hal_tim.o(i.HAL_TIM_IRQHandler)
    HAL_TIM_OC_DelayElapsedCallback          0x08001f6d   Thumb Code     2  stm32f4xx_hal_tim.o(i.HAL_TIM_OC_DelayElapsedCallback)
    HAL_TIM_PWM_PulseFinishedCallback        0x08001f6f   Thumb Code     2  stm32f4xx_hal_tim.o(i.HAL_TIM_PWM_PulseFinishedCallback)
    HAL_TIM_PeriodElapsedCallback            0x08001f71   Thumb Code     2  stm32f4xx_hal_tim.o(i.HAL_TIM_PeriodElapsedCallback)
    HAL_TIM_TriggerCallback                  0x08001f73   Thumb Code     2  stm32f4xx_hal_tim.o(i.HAL_TIM_TriggerCallback)
    HAL_UARTEx_RxEventCallback               0x08001f75   Thumb Code     2  stm32f4xx_hal_uart.o(i.HAL_UARTEx_RxEventCallback)
    HAL_UART_DMAStop                         0x08001f77   Thumb Code   112  stm32f4xx_hal_uart.o(i.HAL_UART_DMAStop)
    HAL_UART_ErrorCallback                   0x08001fe7   Thumb Code     2  stm32f4xx_hal_uart.o(i.HAL_UART_ErrorCallback)
    HAL_UART_IRQHandler                      0x08001fe9   Thumb Code   618  stm32f4xx_hal_uart.o(i.HAL_UART_IRQHandler)
    HAL_UART_Init                            0x08002259   Thumb Code   100  stm32f4xx_hal_uart.o(i.HAL_UART_Init)
    HAL_UART_MspInit                         0x080022bd   Thumb Code   402  usart.o(i.HAL_UART_MspInit)
    HAL_UART_Receive_DMA                     0x08002475   Thumb Code    28  stm32f4xx_hal_uart.o(i.HAL_UART_Receive_DMA)
    HAL_UART_RxCpltCallback                  0x08002491   Thumb Code     2  stm32f4xx_hal_uart.o(i.HAL_UART_RxCpltCallback)
    HAL_UART_RxHalfCpltCallback              0x08002493   Thumb Code     2  stm32f4xx_hal_uart.o(i.HAL_UART_RxHalfCpltCallback)
    HAL_UART_Transmit                        0x08002495   Thumb Code   160  stm32f4xx_hal_uart.o(i.HAL_UART_Transmit)
    HAL_UART_TxCpltCallback                  0x08002535   Thumb Code     2  stm32f4xx_hal_uart.o(i.HAL_UART_TxCpltCallback)
    HardFault_Handler                        0x08002537   Thumb Code     2  stm32f4xx_it.o(i.HardFault_Handler)
    Key_GetNum                               0x08002979   Thumb Code    14  key.o(i.Key_GetNum)
    Key_GetState                             0x0800298d   Thumb Code    88  key.o(i.Key_GetState)
    Key_Init                                 0x080029e9   Thumb Code    50  key.o(i.Key_Init)
    Key_Kick                                 0x08002a25   Thumb Code    44  key.o(i.Key_Kick)
    MX_DMA_Init                              0x08002a55   Thumb Code    88  dma.o(i.MX_DMA_Init)
    MX_GPIO_Init                             0x08002ab1   Thumb Code   174  gpio.o(i.MX_GPIO_Init)
    MX_I2C3_Init                             0x08002b71   Thumb Code    50  i2c.o(i.MX_I2C3_Init)
    MX_SPI1_Init                             0x08002bb1   Thumb Code    62  spi.o(i.MX_SPI1_Init)
    MX_TIM1_Init                             0x08002bf9   Thumb Code    96  tim.o(i.MX_TIM1_Init)
    MX_TIM2_Init                             0x08002c61   Thumb Code    94  tim.o(i.MX_TIM2_Init)
    MX_USART1_UART_Init                      0x08002cc5   Thumb Code    48  usart.o(i.MX_USART1_UART_Init)
    MX_USART2_UART_Init                      0x08002cfd   Thumb Code    48  usart.o(i.MX_USART2_UART_Init)
    MX_USART6_UART_Init                      0x08002d35   Thumb Code    48  usart.o(i.MX_USART6_UART_Init)
    MemManage_Handler                        0x08002d6d   Thumb Code     2  stm32f4xx_it.o(i.MemManage_Handler)
    MyI2C_Init                               0x08002d71   Thumb Code    60  my_i2c.o(i.MyI2C_Init)
    MyI2C_R_SDA                              0x08002db5   Thumb Code    22  my_i2c.o(i.MyI2C_R_SDA)
    MyI2C_ReadAck                            0x08002dd1   Thumb Code    30  my_i2c.o(i.MyI2C_ReadAck)
    MyI2C_ReadByte                           0x08002def   Thumb Code    52  my_i2c.o(i.MyI2C_ReadByte)
    MyI2C_SendAck                            0x08002e23   Thumb Code    22  my_i2c.o(i.MyI2C_SendAck)
    MyI2C_SendByte                           0x08002e39   Thumb Code    40  my_i2c.o(i.MyI2C_SendByte)
    MyI2C_Start                              0x08002e61   Thumb Code    30  my_i2c.o(i.MyI2C_Start)
    MyI2C_Stop                               0x08002e7f   Thumb Code    24  my_i2c.o(i.MyI2C_Stop)
    MyI2C_W_SCL                              0x08002e99   Thumb Code    22  my_i2c.o(i.MyI2C_W_SCL)
    MyI2C_W_SDA                              0x08002eb5   Thumb Code    22  my_i2c.o(i.MyI2C_W_SDA)
    NMI_Handler                              0x08002ed1   Thumb Code     2  stm32f4xx_it.o(i.NMI_Handler)
    OLED_Clear                               0x08002ed3   Thumb Code    38  oled.o(i.OLED_Clear)
    OLED_I2C_Init                            0x08002ef9   Thumb Code    70  oled.o(i.OLED_I2C_Init)
    OLED_I2C_SendByte                        0x08002f49   Thumb Code    54  oled.o(i.OLED_I2C_SendByte)
    OLED_I2C_Start                           0x08002f7f   Thumb Code    30  oled.o(i.OLED_I2C_Start)
    OLED_I2C_Stop                            0x08002f9d   Thumb Code    24  oled.o(i.OLED_I2C_Stop)
    OLED_Init                                0x08002fb5   Thumb Code   172  oled.o(i.OLED_Init)
    OLED_Pow                                 0x08003061   Thumb Code    14  oled.o(i.OLED_Pow)
    OLED_SetCursor                           0x0800306f   Thumb Code    34  oled.o(i.OLED_SetCursor)
    OLED_ShowChar                            0x08003091   Thumb Code    98  oled.o(i.OLED_ShowChar)
    OLED_ShowNum                             0x080030f9   Thumb Code    66  oled.o(i.OLED_ShowNum)
    OLED_ShowString                          0x0800313b   Thumb Code    38  oled.o(i.OLED_ShowString)
    OLED_W_SCL                               0x08003161   Thumb Code    22  oled.o(i.OLED_W_SCL)
    OLED_W_SDA                               0x0800317d   Thumb Code    22  oled.o(i.OLED_W_SDA)
    OLED_WriteCommand                        0x08003199   Thumb Code    34  oled.o(i.OLED_WriteCommand)
    OLED_WriteData                           0x080031bb   Thumb Code    34  oled.o(i.OLED_WriteData)
    PendSV_Handler                           0x080031dd   Thumb Code     2  stm32f4xx_it.o(i.PendSV_Handler)
    SVC_Handler                              0x08003305   Thumb Code     2  stm32f4xx_it.o(i.SVC_Handler)
    Show_MaintenanceInformation              0x08003309   Thumb Code   234  main.o(i.Show_MaintenanceInformation)
    SysTick_Handler                          0x0800344d   Thumb Code     4  stm32f4xx_it.o(i.SysTick_Handler)
    SystemClock_Config                       0x08003451   Thumb Code   136  main.o(i.SystemClock_Config)
    SystemInit                               0x080034e1   Thumb Code    12  system_stm32f4xx.o(i.SystemInit)
    TCS34725_Get_RGBData                     0x080034f1   Thumb Code   110  tcs34725.o(i.TCS34725_Get_RGBData)
    TCS34725_Init                            0x0800355f   Thumb Code    48  tcs34725.o(i.TCS34725_Init)
    TCS34725_ReadReg                         0x0800358f   Thumb Code    64  tcs34725.o(i.TCS34725_ReadReg)
    TCS34725_WriteReg                        0x080035cf   Thumb Code    50  tcs34725.o(i.TCS34725_WriteReg)
    TIM1_UP_TIM10_IRQHandler                 0x08003601   Thumb Code    16  stm32f4xx_it.o(i.TIM1_UP_TIM10_IRQHandler)
    TIM2_IRQHandler                          0x08003615   Thumb Code    88  stm32f4xx_it.o(i.TIM2_IRQHandler)
    TIM_Base_SetConfig                       0x08003691   Thumb Code   136  stm32f4xx_hal_tim.o(i.TIM_Base_SetConfig)
    TIM_ETR_SetConfig                        0x08003735   Thumb Code    20  stm32f4xx_hal_tim.o(i.TIM_ETR_SetConfig)
    UART_Start_Receive_DMA                   0x08003ad5   Thumb Code   130  stm32f4xx_hal_uart.o(i.UART_Start_Receive_DMA)
    USART1_IRQHandler                        0x08003bd9   Thumb Code    70  stm32f4xx_it.o(i.USART1_IRQHandler)
    USART2_IRQHandler                        0x08003c2d   Thumb Code     6  stm32f4xx_it.o(i.USART2_IRQHandler)
    USART6_IRQHandler                        0x08003c39   Thumb Code   110  stm32f4xx_it.o(i.USART6_IRQHandler)
    UsageFault_Handler                       0x08003cb9   Thumb Code     2  stm32f4xx_it.o(i.UsageFault_Handler)
    VL6180X_GetID                            0x08003cbb   Thumb Code    24  vl6180x.o(i.VL6180X_GetID)
    VL6180X_GetRange                         0x08003cd3   Thumb Code   100  vl6180x.o(i.VL6180X_GetRange)
    VL6180X_Init                             0x08003d37   Thumb Code   372  vl6180x.o(i.VL6180X_Init)
    VL6180X_ReadByte                         0x08003ead   Thumb Code    26  vl6180x.o(i.VL6180X_ReadByte)
    VL6180X_WriteByte                        0x08003ecd   Thumb Code    30  vl6180x.o(i.VL6180X_WriteByte)
    __0printf$1                              0x08003ef1   Thumb Code    22  printf1.o(i.__0printf$1)
    __1printf$1                              0x08003ef1   Thumb Code     0  printf1.o(i.__0printf$1)
    __2printf                                0x08003ef1   Thumb Code     0  printf1.o(i.__0printf$1)
    __0sprintf$1                             0x08003f11   Thumb Code    34  printf1.o(i.__0sprintf$1)
    __1sprintf$1                             0x08003f11   Thumb Code     0  printf1.o(i.__0sprintf$1)
    __2sprintf                               0x08003f11   Thumb Code     0  printf1.o(i.__0sprintf$1)
    __scatterload_copy                       0x08003f59   Thumb Code    14  handlers.o(i.__scatterload_copy)
    __scatterload_null                       0x08003f67   Thumb Code     2  handlers.o(i.__scatterload_null)
    __scatterload_zeroinit                   0x08003f69   Thumb Code    14  handlers.o(i.__scatterload_zeroinit)
    fputc                                    0x080040d9   Thumb Code    26  main.o(i.fputc)
    main                                     0x080040f9   Thumb Code  3818  main.o(i.main)
    AHBPrescTable                            0x08005158   Data          16  system_stm32f4xx.o(.constdata)
    APBPrescTable                            0x08005168   Data           8  system_stm32f4xx.o(.constdata)
    OLED_F8x16                               0x08005170   Data        1520  oled.o(.constdata)
    Region$$Table$$Base                      0x08006140   Number         0  anon$$obj.o(Region$$Table)
    Region$$Table$$Limit                     0x08006160   Number         0  anon$$obj.o(Region$$Table)
    RxFlag                                   0x20000000   Data           1  stm32f4xx_it.o(.data)
    UART6_RxFlag                             0x20000001   Data           1  stm32f4xx_it.o(.data)
    uwTickFreq                               0x20000004   Data           1  stm32f4xx_hal.o(.data)
    uwTickPrio                               0x20000008   Data           4  stm32f4xx_hal.o(.data)
    uwTick                                   0x2000000c   Data           4  stm32f4xx_hal.o(.data)
    SystemCoreClock                          0x20000010   Data           4  system_stm32f4xx.o(.data)
    keynum                                   0x20000014   Data           1  key.o(.data)
    __stdout                                 0x20000018   Data           4  stdout.o(.data)
    hi2c3                                    0x2000001c   Data          84  i2c.o(.bss)
    hspi1                                    0x20000070   Data          88  spi.o(.bss)
    htim1                                    0x200000c8   Data          72  tim.o(.bss)
    htim2                                    0x20000110   Data          72  tim.o(.bss)
    huart1                                   0x20000158   Data          72  usart.o(.bss)
    huart2                                   0x200001a0   Data          72  usart.o(.bss)
    huart6                                   0x200001e8   Data          72  usart.o(.bss)
    hdma_usart1_rx                           0x20000230   Data          96  usart.o(.bss)
    hdma_usart2_rx                           0x20000290   Data          96  usart.o(.bss)
    hdma_usart6_rx                           0x200002f0   Data          96  usart.o(.bss)
    Rxbuf                                    0x20000350   Data        1024  stm32f4xx_it.o(.bss)
    UART6_Rxbuf                              0x20000750   Data         512  stm32f4xx_it.o(.bss)
    __initial_sp                             0x20000d50   Data           0  startup_stm32f411xe.o(STACK)



==============================================================================

Memory Map of the image

  Image Entry point : 0x08000199

  Load Region LR_IROM1 (Base: 0x08000000, Size: 0x0000617c, Max: 0x00080000, ABSOLUTE)

    Execution Region ER_IROM1 (Base: 0x08000000, Size: 0x00006160, Max: 0x00080000, ABSOLUTE)

    Base Addr    Size         Type   Attr      Idx    E Section Name        Object

    0x08000000   0x00000198   Data   RO            3    RESET               startup_stm32f411xe.o
    0x08000198   0x00000000   Code   RO         4546  * .ARM.Collect$$$$00000000  mc_w.l(entry.o)
    0x08000198   0x00000004   Code   RO         4830    .ARM.Collect$$$$00000001  mc_w.l(entry2.o)
    0x0800019c   0x00000004   Code   RO         4833    .ARM.Collect$$$$00000004  mc_w.l(entry5.o)
    0x080001a0   0x00000000   Code   RO         4835    .ARM.Collect$$$$00000008  mc_w.l(entry7b.o)
    0x080001a0   0x00000000   Code   RO         4837    .ARM.Collect$$$$0000000A  mc_w.l(entry8b.o)
    0x080001a0   0x00000008   Code   RO         4838    .ARM.Collect$$$$0000000B  mc_w.l(entry9a.o)
    0x080001a8   0x00000000   Code   RO         4840    .ARM.Collect$$$$0000000D  mc_w.l(entry10a.o)
    0x080001a8   0x00000000   Code   RO         4842    .ARM.Collect$$$$0000000F  mc_w.l(entry11a.o)
    0x080001a8   0x00000004   Code   RO         4831    .ARM.Collect$$$$00002712  mc_w.l(entry2.o)
    0x080001ac   0x00000024   Code   RO            4    .text               startup_stm32f411xe.o
    0x080001d0   0x00000062   Code   RO         4549    .text               mc_w.l(uldiv.o)
    0x08000232   0x00000024   Code   RO         4551    .text               mc_w.l(memseta.o)
    0x08000256   0x00000024   Code   RO         4553    .text               mc_w.l(strstr.o)
    0x0800027a   0x0000000e   Code   RO         4555    .text               mc_w.l(strlen.o)
    0x08000288   0x0000002c   Code   RO         4845    .text               mc_w.l(uidiv.o)
    0x080002b4   0x0000001e   Code   RO         4847    .text               mc_w.l(llshl.o)
    0x080002d2   0x00000020   Code   RO         4849    .text               mc_w.l(llushr.o)
    0x080002f2   0x00000002   PAD
    0x080002f4   0x00000024   Code   RO         4860    .text               mc_w.l(init.o)
    0x08000318   0x00000002   Code   RO          464    i.BusFault_Handler  stm32f4xx_it.o
    0x0800031a   0x00000002   PAD
    0x0800031c   0x00000020   Code   RO         4515    i.Clear_Buffer      l610.o
    0x0800033c   0x00000048   Code   RO         4217    i.DHT11_Ack         dht11.o
    0x08000384   0x00000040   Code   RO         4218    i.DHT11_Init        dht11.o
    0x080003c4   0x00000010   Code   RO         4219    i.DHT11_R_SDA       dht11.o
    0x080003d4   0x00000046   Code   RO         4220    i.DHT11_ReadBit     dht11.o
    0x0800041a   0x0000001a   Code   RO         4221    i.DHT11_ReadByte    dht11.o
    0x08000434   0x00000050   Code   RO         4222    i.DHT11_ReadData    dht11.o
    0x08000484   0x0000001e   Code   RO         4223    i.DHT11_Rst         dht11.o
    0x080004a2   0x00000002   PAD
    0x080004a4   0x00000010   Code   RO         4224    i.DHT11_W_SDA       dht11.o
    0x080004b4   0x0000000c   Code   RO          465    i.DMA1_Stream5_IRQHandler  stm32f4xx_it.o
    0x080004c0   0x0000000c   Code   RO          466    i.DMA2_Stream1_IRQHandler  stm32f4xx_it.o
    0x080004cc   0x0000000c   Code   RO          467    i.DMA2_Stream2_IRQHandler  stm32f4xx_it.o
    0x080004d8   0x00000028   Code   RO         1596    i.DMA_CalcBaseAndBitshift  stm32f4xx_hal_dma.o
    0x08000500   0x00000054   Code   RO         1597    i.DMA_CheckFifoParam  stm32f4xx_hal_dma.o
    0x08000554   0x00000028   Code   RO         1598    i.DMA_SetConfig     stm32f4xx_hal_dma.o
    0x0800057c   0x00000002   Code   RO          468    i.DebugMon_Handler  stm32f4xx_it.o
    0x0800057e   0x00000016   Code   RO         4140    i.Delay_ms          delay.o
    0x08000594   0x00000016   Code   RO         4141    i.Delay_s           delay.o
    0x080005aa   0x0000001e   Code   RO         4142    i.Delay_us          delay.o
    0x080005c8   0x00000120   Code   RO           13    i.Enter_MaintenanceMode  main.o
    0x080006e8   0x00000004   Code   RO           14    i.Error_Handler     main.o
    0x080006ec   0x00000092   Code   RO         1599    i.HAL_DMA_Abort     stm32f4xx_hal_dma.o
    0x0800077e   0x00000024   Code   RO         1600    i.HAL_DMA_Abort_IT  stm32f4xx_hal_dma.o
    0x080007a2   0x00000002   PAD
    0x080007a4   0x000001a0   Code   RO         1604    i.HAL_DMA_IRQHandler  stm32f4xx_hal_dma.o
    0x08000944   0x000000d4   Code   RO         1605    i.HAL_DMA_Init      stm32f4xx_hal_dma.o
    0x08000a18   0x0000006e   Code   RO         1609    i.HAL_DMA_Start_IT  stm32f4xx_hal_dma.o
    0x08000a86   0x00000002   PAD
    0x08000a88   0x00000024   Code   RO         2060    i.HAL_Delay         stm32f4xx_hal.o
    0x08000aac   0x000001e0   Code   RO         1492    i.HAL_GPIO_Init     stm32f4xx_hal_gpio.o
    0x08000c8c   0x0000000a   Code   RO         1494    i.HAL_GPIO_ReadPin  stm32f4xx_hal_gpio.o
    0x08000c96   0x0000000a   Code   RO         1496    i.HAL_GPIO_WritePin  stm32f4xx_hal_gpio.o
    0x08000ca0   0x0000000c   Code   RO         2066    i.HAL_GetTick       stm32f4xx_hal.o
    0x08000cac   0x00000188   Code   RO          627    i.HAL_I2C_Init      stm32f4xx_hal_i2c.o
    0x08000e34   0x00000204   Code   RO          645    i.HAL_I2C_Mem_Read  stm32f4xx_hal_i2c.o
    0x08001038   0x00000130   Code   RO          648    i.HAL_I2C_Mem_Write  stm32f4xx_hal_i2c.o
    0x08001168   0x00000094   Code   RO          279    i.HAL_I2C_MspInit   i2c.o
    0x080011fc   0x00000010   Code   RO         2072    i.HAL_IncTick       stm32f4xx_hal.o
    0x0800120c   0x00000034   Code   RO         2073    i.HAL_Init          stm32f4xx_hal.o
    0x08001240   0x00000040   Code   RO         2074    i.HAL_InitTick      stm32f4xx_hal.o
    0x08001280   0x00000034   Code   RO          592    i.HAL_MspInit       stm32f4xx_hal_msp.o
    0x080012b4   0x0000001a   Code   RO         1908    i.HAL_NVIC_EnableIRQ  stm32f4xx_hal_cortex.o
    0x080012ce   0x00000002   PAD
    0x080012d0   0x00000040   Code   RO         1914    i.HAL_NVIC_SetPriority  stm32f4xx_hal_cortex.o
    0x08001310   0x00000024   Code   RO         1915    i.HAL_NVIC_SetPriorityGrouping  stm32f4xx_hal_cortex.o
    0x08001334   0x00000134   Code   RO         1084    i.HAL_RCC_ClockConfig  stm32f4xx_hal_rcc.o
    0x08001468   0x00000020   Code   RO         1091    i.HAL_RCC_GetPCLK1Freq  stm32f4xx_hal_rcc.o
    0x08001488   0x00000020   Code   RO         1092    i.HAL_RCC_GetPCLK2Freq  stm32f4xx_hal_rcc.o
    0x080014a8   0x00000060   Code   RO         1093    i.HAL_RCC_GetSysClockFreq  stm32f4xx_hal_rcc.o
    0x08001508   0x0000036c   Code   RO         1096    i.HAL_RCC_OscConfig  stm32f4xx_hal_rcc.o
    0x08001874   0x000000bc   Code   RO         2322    i.HAL_SPI_Init      stm32f4xx_hal_spi.o
    0x08001930   0x00000068   Code   RO          321    i.HAL_SPI_MspInit   spi.o
    0x08001998   0x00000166   Code   RO         2330    i.HAL_SPI_Transmit  stm32f4xx_hal_spi.o
    0x08001afe   0x00000028   Code   RO         1919    i.HAL_SYSTICK_Config  stm32f4xx_hal_cortex.o
    0x08001b26   0x00000002   Code   RO         3339    i.HAL_TIMEx_BreakCallback  stm32f4xx_hal_tim_ex.o
    0x08001b28   0x00000002   Code   RO         3340    i.HAL_TIMEx_CommutCallback  stm32f4xx_hal_tim_ex.o
    0x08001b2a   0x00000002   PAD
    0x08001b2c   0x0000007c   Code   RO         3358    i.HAL_TIMEx_MasterConfigSynchronization  stm32f4xx_hal_tim_ex.o
    0x08001ba8   0x0000005a   Code   RO         2635    i.HAL_TIM_Base_Init  stm32f4xx_hal_tim.o
    0x08001c02   0x00000002   PAD
    0x08001c04   0x00000064   Code   RO          363    i.HAL_TIM_Base_MspInit  tim.o
    0x08001c68   0x00000064   Code   RO         2638    i.HAL_TIM_Base_Start  stm32f4xx_hal_tim.o
    0x08001ccc   0x0000006c   Code   RO         2640    i.HAL_TIM_Base_Start_IT  stm32f4xx_hal_tim.o
    0x08001d38   0x00000026   Code   RO         2641    i.HAL_TIM_Base_Stop  stm32f4xx_hal_tim.o
    0x08001d5e   0x000000dc   Code   RO         2644    i.HAL_TIM_ConfigClockSource  stm32f4xx_hal_tim.o
    0x08001e3a   0x00000002   Code   RO         2669    i.HAL_TIM_IC_CaptureCallback  stm32f4xx_hal_tim.o
    0x08001e3c   0x00000130   Code   RO         2683    i.HAL_TIM_IRQHandler  stm32f4xx_hal_tim.o
    0x08001f6c   0x00000002   Code   RO         2686    i.HAL_TIM_OC_DelayElapsedCallback  stm32f4xx_hal_tim.o
    0x08001f6e   0x00000002   Code   RO         2713    i.HAL_TIM_PWM_PulseFinishedCallback  stm32f4xx_hal_tim.o
    0x08001f70   0x00000002   Code   RO         2721    i.HAL_TIM_PeriodElapsedCallback  stm32f4xx_hal_tim.o
    0x08001f72   0x00000002   Code   RO         2726    i.HAL_TIM_TriggerCallback  stm32f4xx_hal_tim.o
    0x08001f74   0x00000002   Code   RO         3618    i.HAL_UARTEx_RxEventCallback  stm32f4xx_hal_uart.o
    0x08001f76   0x00000070   Code   RO         3630    i.HAL_UART_DMAStop  stm32f4xx_hal_uart.o
    0x08001fe6   0x00000002   Code   RO         3632    i.HAL_UART_ErrorCallback  stm32f4xx_hal_uart.o
    0x08001fe8   0x00000270   Code   RO         3635    i.HAL_UART_IRQHandler  stm32f4xx_hal_uart.o
    0x08002258   0x00000064   Code   RO         3636    i.HAL_UART_Init     stm32f4xx_hal_uart.o
    0x080022bc   0x000001b8   Code   RO          411    i.HAL_UART_MspInit  usart.o
    0x08002474   0x0000001c   Code   RO         3640    i.HAL_UART_Receive_DMA  stm32f4xx_hal_uart.o
    0x08002490   0x00000002   Code   RO         3642    i.HAL_UART_RxCpltCallback  stm32f4xx_hal_uart.o
    0x08002492   0x00000002   Code   RO         3643    i.HAL_UART_RxHalfCpltCallback  stm32f4xx_hal_uart.o
    0x08002494   0x000000a0   Code   RO         3644    i.HAL_UART_Transmit  stm32f4xx_hal_uart.o
    0x08002534   0x00000002   Code   RO         3647    i.HAL_UART_TxCpltCallback  stm32f4xx_hal_uart.o
    0x08002536   0x00000002   Code   RO          469    i.HardFault_Handler  stm32f4xx_it.o
    0x08002538   0x0000002e   Code   RO          670    i.I2C_IsAcknowledgeFailed  stm32f4xx_hal_i2c.o
    0x08002566   0x00000002   PAD
    0x08002568   0x000000fc   Code   RO          680    i.I2C_RequestMemoryRead  stm32f4xx_hal_i2c.o
    0x08002664   0x000000a8   Code   RO          681    i.I2C_RequestMemoryWrite  stm32f4xx_hal_i2c.o
    0x0800270c   0x00000056   Code   RO          685    i.I2C_WaitOnBTFFlagUntilTimeout  stm32f4xx_hal_i2c.o
    0x08002762   0x00000002   PAD
    0x08002764   0x00000090   Code   RO          686    i.I2C_WaitOnFlagUntilTimeout  stm32f4xx_hal_i2c.o
    0x080027f4   0x000000bc   Code   RO          687    i.I2C_WaitOnMasterAddressFlagUntilTimeout  stm32f4xx_hal_i2c.o
    0x080028b0   0x00000070   Code   RO          688    i.I2C_WaitOnRXNEFlagUntilTimeout  stm32f4xx_hal_i2c.o
    0x08002920   0x00000056   Code   RO          689    i.I2C_WaitOnTXEFlagUntilTimeout  stm32f4xx_hal_i2c.o
    0x08002976   0x00000002   PAD
    0x08002978   0x00000014   Code   RO         4413    i.Key_GetNum        key.o
    0x0800298c   0x0000005c   Code   RO         4414    i.Key_GetState      key.o
    0x080029e8   0x0000003c   Code   RO         4415    i.Key_Init          key.o
    0x08002a24   0x00000030   Code   RO         4416    i.Key_Kick          key.o
    0x08002a54   0x0000005c   Code   RO          254    i.MX_DMA_Init       dma.o
    0x08002ab0   0x000000c0   Code   RO          230    i.MX_GPIO_Init      gpio.o
    0x08002b70   0x00000040   Code   RO          280    i.MX_I2C3_Init      i2c.o
    0x08002bb0   0x00000048   Code   RO          322    i.MX_SPI1_Init      spi.o
    0x08002bf8   0x00000068   Code   RO          364    i.MX_TIM1_Init      tim.o
    0x08002c60   0x00000064   Code   RO          365    i.MX_TIM2_Init      tim.o
    0x08002cc4   0x00000038   Code   RO          412    i.MX_USART1_UART_Init  usart.o
    0x08002cfc   0x00000038   Code   RO          413    i.MX_USART2_UART_Init  usart.o
    0x08002d34   0x00000038   Code   RO          414    i.MX_USART6_UART_Init  usart.o
    0x08002d6c   0x00000002   Code   RO          470    i.MemManage_Handler  stm32f4xx_it.o
    0x08002d6e   0x00000002   PAD
    0x08002d70   0x00000044   Code   RO         4337    i.MyI2C_Init        my_i2c.o
    0x08002db4   0x0000001c   Code   RO         4338    i.MyI2C_R_SDA       my_i2c.o
    0x08002dd0   0x0000001e   Code   RO         4339    i.MyI2C_ReadAck     my_i2c.o
    0x08002dee   0x00000034   Code   RO         4340    i.MyI2C_ReadByte    my_i2c.o
    0x08002e22   0x00000016   Code   RO         4341    i.MyI2C_SendAck     my_i2c.o
    0x08002e38   0x00000028   Code   RO         4342    i.MyI2C_SendByte    my_i2c.o
    0x08002e60   0x0000001e   Code   RO         4343    i.MyI2C_Start       my_i2c.o
    0x08002e7e   0x00000018   Code   RO         4344    i.MyI2C_Stop        my_i2c.o
    0x08002e96   0x00000002   PAD
    0x08002e98   0x0000001c   Code   RO         4345    i.MyI2C_W_SCL       my_i2c.o
    0x08002eb4   0x0000001c   Code   RO         4346    i.MyI2C_W_SDA       my_i2c.o
    0x08002ed0   0x00000002   Code   RO          471    i.NMI_Handler       stm32f4xx_it.o
    0x08002ed2   0x00000026   Code   RO         4007    i.OLED_Clear        oled.o
    0x08002ef8   0x00000050   Code   RO         4008    i.OLED_I2C_Init     oled.o
    0x08002f48   0x00000036   Code   RO         4009    i.OLED_I2C_SendByte  oled.o
    0x08002f7e   0x0000001e   Code   RO         4010    i.OLED_I2C_Start    oled.o
    0x08002f9c   0x00000018   Code   RO         4011    i.OLED_I2C_Stop     oled.o
    0x08002fb4   0x000000ac   Code   RO         4012    i.OLED_Init         oled.o
    0x08003060   0x0000000e   Code   RO         4013    i.OLED_Pow          oled.o
    0x0800306e   0x00000022   Code   RO         4014    i.OLED_SetCursor    oled.o
    0x08003090   0x00000068   Code   RO         4016    i.OLED_ShowChar     oled.o
    0x080030f8   0x00000042   Code   RO         4019    i.OLED_ShowNum      oled.o
    0x0800313a   0x00000026   Code   RO         4021    i.OLED_ShowString   oled.o
    0x08003160   0x0000001c   Code   RO         4022    i.OLED_W_SCL        oled.o
    0x0800317c   0x0000001c   Code   RO         4023    i.OLED_W_SDA        oled.o
    0x08003198   0x00000022   Code   RO         4024    i.OLED_WriteCommand  oled.o
    0x080031ba   0x00000022   Code   RO         4025    i.OLED_WriteData    oled.o
    0x080031dc   0x00000002   Code   RO          472    i.PendSV_Handler    stm32f4xx_it.o
    0x080031de   0x00000002   PAD
    0x080031e0   0x0000006c   Code   RO         2360    i.SPI_EndRxTxTransaction  stm32f4xx_hal_spi.o
    0x0800324c   0x000000b8   Code   RO         2365    i.SPI_WaitFlagStateUntilTimeout  stm32f4xx_hal_spi.o
    0x08003304   0x00000002   Code   RO          473    i.SVC_Handler       stm32f4xx_it.o
    0x08003306   0x00000002   PAD
    0x08003308   0x00000144   Code   RO           15    i.Show_MaintenanceInformation  main.o
    0x0800344c   0x00000004   Code   RO          474    i.SysTick_Handler   stm32f4xx_it.o
    0x08003450   0x00000090   Code   RO           16    i.SystemClock_Config  main.o
    0x080034e0   0x00000010   Code   RO         3970    i.SystemInit        system_stm32f4xx.o
    0x080034f0   0x0000006e   Code   RO         4284    i.TCS34725_Get_RGBData  tcs34725.o
    0x0800355e   0x00000030   Code   RO         4285    i.TCS34725_Init     tcs34725.o
    0x0800358e   0x00000040   Code   RO         4286    i.TCS34725_ReadReg  tcs34725.o
    0x080035ce   0x00000032   Code   RO         4287    i.TCS34725_WriteReg  tcs34725.o
    0x08003600   0x00000014   Code   RO          475    i.TIM1_UP_TIM10_IRQHandler  stm32f4xx_it.o
    0x08003614   0x0000007c   Code   RO          476    i.TIM2_IRQHandler   stm32f4xx_it.o
    0x08003690   0x000000a4   Code   RO         2728    i.TIM_Base_SetConfig  stm32f4xx_hal_tim.o
    0x08003734   0x00000014   Code   RO         2739    i.TIM_ETR_SetConfig  stm32f4xx_hal_tim.o
    0x08003748   0x00000010   Code   RO         2740    i.TIM_ITRx_SetConfig  stm32f4xx_hal_tim.o
    0x08003758   0x00000022   Code   RO         2746    i.TIM_TI1_ConfigInputStage  stm32f4xx_hal_tim.o
    0x0800377a   0x00000024   Code   RO         2748    i.TIM_TI2_ConfigInputStage  stm32f4xx_hal_tim.o
    0x0800379e   0x00000010   Code   RO         3649    i.UART_DMAAbortOnError  stm32f4xx_hal_uart.o
    0x080037ae   0x0000004a   Code   RO         3650    i.UART_DMAError     stm32f4xx_hal_uart.o
    0x080037f8   0x00000086   Code   RO         3651    i.UART_DMAReceiveCplt  stm32f4xx_hal_uart.o
    0x0800387e   0x0000001e   Code   RO         3653    i.UART_DMARxHalfCplt  stm32f4xx_hal_uart.o
    0x0800389c   0x0000004e   Code   RO         3659    i.UART_EndRxTransfer  stm32f4xx_hal_uart.o
    0x080038ea   0x0000001c   Code   RO         3660    i.UART_EndTxTransfer  stm32f4xx_hal_uart.o
    0x08003906   0x000000c2   Code   RO         3661    i.UART_Receive_IT   stm32f4xx_hal_uart.o
    0x080039c8   0x0000010c   Code   RO         3662    i.UART_SetConfig    stm32f4xx_hal_uart.o
    0x08003ad4   0x00000090   Code   RO         3663    i.UART_Start_Receive_DMA  stm32f4xx_hal_uart.o
    0x08003b64   0x00000072   Code   RO         3665    i.UART_WaitOnFlagUntilTimeout  stm32f4xx_hal_uart.o
    0x08003bd6   0x00000002   PAD
    0x08003bd8   0x00000054   Code   RO          477    i.USART1_IRQHandler  stm32f4xx_it.o
    0x08003c2c   0x0000000c   Code   RO          478    i.USART2_IRQHandler  stm32f4xx_it.o
    0x08003c38   0x00000080   Code   RO          479    i.USART6_IRQHandler  stm32f4xx_it.o
    0x08003cb8   0x00000002   Code   RO          480    i.UsageFault_Handler  stm32f4xx_it.o
    0x08003cba   0x00000018   Code   RO         4461    i.VL6180X_GetID     vl6180x.o
    0x08003cd2   0x00000064   Code   RO         4462    i.VL6180X_GetRange  vl6180x.o
    0x08003d36   0x00000174   Code   RO         4463    i.VL6180X_Init      vl6180x.o
    0x08003eaa   0x00000002   PAD
    0x08003eac   0x00000020   Code   RO         4464    i.VL6180X_ReadByte  vl6180x.o
    0x08003ecc   0x00000024   Code   RO         4465    i.VL6180X_WriteByte  vl6180x.o
    0x08003ef0   0x00000020   Code   RO         4602    i.__0printf$1       mc_w.l(printf1.o)
    0x08003f10   0x00000028   Code   RO         4604    i.__0sprintf$1      mc_w.l(printf1.o)
    0x08003f38   0x00000020   Code   RO         1921    i.__NVIC_SetPriority  stm32f4xx_hal_cortex.o
    0x08003f58   0x0000000e   Code   RO         4864    i.__scatterload_copy  mc_w.l(handlers.o)
    0x08003f66   0x00000002   Code   RO         4865    i.__scatterload_null  mc_w.l(handlers.o)
    0x08003f68   0x0000000e   Code   RO         4866    i.__scatterload_zeroinit  mc_w.l(handlers.o)
    0x08003f76   0x00000002   PAD
    0x08003f78   0x00000154   Code   RO         4609    i._printf_core      mc_w.l(printf1.o)
    0x080040cc   0x0000000a   Code   RO         4611    i._sputc            mc_w.l(printf1.o)
    0x080040d6   0x00000002   PAD
    0x080040d8   0x00000020   Code   RO           18    i.fputc             main.o
    0x080040f8   0x00001058   Code   RO           19    i.main              main.o
    0x08005150   0x00000008   Data   RO         1611    .constdata          stm32f4xx_hal_dma.o
    0x08005158   0x00000010   Data   RO         3971    .constdata          system_stm32f4xx.o
    0x08005168   0x00000008   Data   RO         3972    .constdata          system_stm32f4xx.o
    0x08005170   0x000005f0   Data   RO         4026    .constdata          oled.o
    0x08005760   0x000009df   Data   RO           20    .conststring        main.o
    0x0800613f   0x00000001   PAD
    0x08006140   0x00000020   Data   RO         4862    Region$$Table       anon$$obj.o


    Execution Region RW_IRAM1 (Base: 0x20000000, Size: 0x00000d50, Max: 0x00020000, ABSOLUTE)

    Base Addr    Size         Type   Attr      Idx    E Section Name        Object

    0x20000000   0x00000002   Data   RW          482    .data               stm32f4xx_it.o
    0x20000002   0x00000002   PAD
    0x20000004   0x0000000c   Data   RW         2080    .data               stm32f4xx_hal.o
    0x20000010   0x00000004   Data   RW         3973    .data               system_stm32f4xx.o
    0x20000014   0x00000004   Data   RW         4417    .data               key.o
    0x20000018   0x00000004   Data   RW         4844    .data               mc_w.l(stdout.o)
    0x2000001c   0x00000054   Zero   RW          281    .bss                i2c.o
    0x20000070   0x00000058   Zero   RW          323    .bss                spi.o
    0x200000c8   0x00000090   Zero   RW          366    .bss                tim.o
    0x20000158   0x000001f8   Zero   RW          415    .bss                usart.o
    0x20000350   0x00000600   Zero   RW          481    .bss                stm32f4xx_it.o
    0x20000950   0x00000400   Zero   RW            1    STACK               startup_stm32f411xe.o


==============================================================================

Image component sizes


      Code (inc. data)   RO Data    RW Data    ZI Data      Debug   Object Name

        74          0          0          0          0       1722   delay.o
       374         20          0          0          0       4757   dht11.o
        92          4          0          0          0        818   dma.o
       192         18          0          0          0        975   gpio.o
       212         32          0          0         84       1677   i2c.o
       220         24          0          4          0       2755   key.o
        32          6          0          0          0        988   l610.o
      4976       1500       2527          0          0     442856   main.o
       350         26          0          0          0       5588   my_i2c.o
       778         28       1520          0          0       8907   oled.o
       176         22          0          0         88       1637   spi.o
        36          8        408          0       1024        832   startup_stm32f411xe.o
       180         28          0         12          0       9169   stm32f4xx_hal.o
       198         14          0          0          0      33439   stm32f4xx_hal_cortex.o
      1084         16          8          0          0       6518   stm32f4xx_hal_dma.o
       500         34          0          0          0       2587   stm32f4xx_hal_gpio.o
      2294         52          0          0          0      11282   stm32f4xx_hal_i2c.o
        52          4          0          0          0        858   stm32f4xx_hal_msp.o
      1344         72          0          0          0       4988   stm32f4xx_hal_rcc.o
       838         14          0          0          0       3790   stm32f4xx_hal_spi.o
      1140         70          0          0          0      11458   stm32f4xx_hal_tim.o
       128         20          0          0          0       2413   stm32f4xx_hal_tim_ex.o
      2114         30          0          0          0      14665   stm32f4xx_hal_uart.o
       424         96          0          2       1536       9337   stm32f4xx_it.o
        16          4         24          4          0       1115   system_stm32f4xx.o
       272          0          0          0          0       2702   tcs34725.o
       304         24          0          0        144       2371   tim.o
       608         62          0          0        504       3297   usart.o
       564         12          0          0          0       3355   vl6180x.o

    ----------------------------------------------------------------------
     19604       2240       4520         24       3380     596856   Object Totals
         0          0         32          0          0          0   (incl. Generated)
        32          0          1          2          0          0   (incl. Padding)

    ----------------------------------------------------------------------

      Code (inc. data)   RO Data    RW Data    ZI Data      Debug   Library Member Name

         0          0          0          0          0          0   entry.o
         0          0          0          0          0          0   entry10a.o
         0          0          0          0          0          0   entry11a.o
         8          4          0          0          0          0   entry2.o
         4          0          0          0          0          0   entry5.o
         0          0          0          0          0          0   entry7b.o
         0          0          0          0          0          0   entry8b.o
         8          4          0          0          0          0   entry9a.o
        30          0          0          0          0          0   handlers.o
        36          8          0          0          0         68   init.o
        30          0          0          0          0         68   llshl.o
        32          0          0          0          0         68   llushr.o
        36          0          0          0          0        108   memseta.o
       422         20          0          0          0        336   printf1.o
         0          0          0          4          0          0   stdout.o
        14          0          0          0          0         68   strlen.o
        36          0          0          0          0         80   strstr.o
        44          0          0          0          0         80   uidiv.o
        98          0          0          0          0         92   uldiv.o

    ----------------------------------------------------------------------
       804         36          0          4          0        968   Library Totals
         6          0          0          0          0          0   (incl. Padding)

    ----------------------------------------------------------------------

      Code (inc. data)   RO Data    RW Data    ZI Data      Debug   Library Name

       798         36          0          4          0        968   mc_w.l

    ----------------------------------------------------------------------
       804         36          0          4          0        968   Library Totals

    ----------------------------------------------------------------------

==============================================================================


      Code (inc. data)   RO Data    RW Data    ZI Data      Debug   

     20408       2276       4520         28       3380     581412   Grand Totals
     20408       2276       4520         28       3380     581412   ELF Image Totals
     20408       2276       4520         28          0          0   ROM Totals

==============================================================================

    Total RO  Size (Code + RO Data)                24928 (  24.34kB)
    Total RW  Size (RW Data + ZI Data)              3408 (   3.33kB)
    Total ROM Size (Code + RO Data + RW Data)      24956 (  24.37kB)

==============================================================================

