Component: Arm Compiler for Embedded 6.24 Tool: armlink [5f371500]

==============================================================================

Section Cross References

    startup_stm32f302xc.o(RESET) refers to startup_stm32f302xc.o(STACK) for __initial_sp
    startup_stm32f302xc.o(RESET) refers to startup_stm32f302xc.o(.text) for Reset_Handler
    startup_stm32f302xc.o(RESET) refers to stm32f3xx_it.o(.text) for NMI_Handler
    startup_stm32f302xc.o(.text) refers to system_stm32f3xx.o(.text) for SystemInit
    startup_stm32f302xc.o(.text) refers to entry.o(.ARM.Collect$$$$00000000) for __main
    voice_recieve.o(.text) refers to voice_recieve.o(.bss.A_ready) for A_ready
    voice_recieve.o(.text) refers to voice_recieve.o(.bss.B_ready) for B_ready
    voice_recieve.o(.text) refers to voice_recieve.o(.bss.writing_half) for writing_half
    voice_recieve.o(.text) refers to voice_recieve.o(.bss.write_offset) for write_offset
    voice_recieve.o(.text) refers to nrf24l01.o(.bss.NRF24L01_RxPacket) for NRF24L01_RxPacket
    voice_recieve.o(.text) refers to voice_recieve.o(.bss.intermediate_audio_buffer) for intermediate_audio_buffer
    voice_recieve.o(.text) refers to voice_recieve.o(.bss.dac_buffer) for dac_buffer
    voice_recieve.o(.text) refers to voice_recieve.o(.bss.HAL_DAC_DMAUnderrunCallbackCh1.underrun_count) for HAL_DAC_DMAUnderrunCallbackCh1.underrun_count
    voice_recieve.o(.text) refers to voice_recieve.o(.rodata.str1.1) for .L.str
    voice_recieve.o(.text) refers to printfa.o(i.__0printf) for printf
    voice_recieve.o(.text) refers to stm32f3xx_hal_dac_ex.o(.text) for HAL_DAC_Start_DMA
    voice_recieve.o(.text) refers to nrf24l01.o(.text) for NRF24L01_Receive
    voice_recieve.o(.text) refers to voice_recieve.o(.bss.silence_flag) for silence_flag
    voice_recieve.o(.text) refers to dac.o(.bss.hdac) for hdac
    voice_recieve.o(.text) refers to voice_recieve.o(.bss.receiving_state_handler.timeout) for receiving_state_handler.timeout
    voice_recieve.o(.text) refers to stm32f3xx_hal_dac.o(.text) for HAL_DAC_Stop
    voice_recieve.o(.text) refers to tim.o(.bss.htim2) for htim2
    voice_recieve.o(.text) refers to stm32f3xx_hal_tim.o(.text) for HAL_TIM_Base_Start
    voice_recieve.o(.text) refers to voice_recieve.o(.bss.current_rx_state) for current_rx_state
    voice_recieve.o(.ARM.exidx) refers to voice_recieve.o(.text) for [Anonymous Symbol]
    voice_send.o(.text) refers to usart.o(.bss.huart1) for huart1
    voice_send.o(.text) refers to stm32f3xx_hal_uart.o(.text) for HAL_UART_Transmit
    voice_send.o(.text) refers to nrf24l01.o(.text) for NRF24L01_Init
    voice_send.o(.text) refers to voice_send.o(.bss.arr1) for arr1
    voice_send.o(.text) refers to voice_send.o(.bss.arr2) for arr2
    voice_send.o(.text) refers to adc.o(.bss.hadc1) for hadc1
    voice_send.o(.text) refers to stm32f3xx_hal_adc_ex.o(.text) for HAL_ADC_Start_DMA
    voice_send.o(.text) refers to tim.o(.bss.htim2) for htim2
    voice_send.o(.text) refers to stm32f3xx_hal_tim.o(.text) for HAL_TIM_Base_Start_IT
    voice_send.o(.text) refers to voice_send.o(.data.current_dma_buffer) for current_dma_buffer
    voice_send.o(.text) refers to voice_send.o(.bss.ready_buffer) for ready_buffer
    voice_send.o(.text) refers to voice_send.o(.bss.packets_remaining) for packets_remaining
    voice_send.o(.text) refers to voice_send.o(.bss.buffer_ready) for buffer_ready
    voice_send.o(.text) refers to voice_send.o(.bss.sample_read_index) for sample_read_index
    voice_send.o(.text) refers to nrf24l01.o(.bss.NRF24L01_TxPacket) for NRF24L01_TxPacket
    voice_send.o(.text) refers to voice_send.o(.bss.prepare_nrf_packet.overflow_count) for prepare_nrf_packet.overflow_count
    voice_send.o(.text) refers to voice_send.o(.bss.prepare_nrf_packet.packet_cnt) for prepare_nrf_packet.packet_cnt
    voice_send.o(.text) refers to voice_send.o(.bss.is_packet_prepared) for is_packet_prepared
    voice_send.o(.ARM.exidx) refers to voice_send.o(.text) for [Anonymous Symbol]
    voice_send.o(.data.current_dma_buffer) refers to voice_send.o(.bss.arr1) for arr1
    main.o(.text) refers to stm32f3xx_hal.o(.text) for HAL_Init
    main.o(.text) refers to gpio.o(.text) for MX_GPIO_Init
    main.o(.text) refers to dma.o(.text) for MX_DMA_Init
    main.o(.text) refers to adc.o(.text) for MX_ADC1_Init
    main.o(.text) refers to dac.o(.text) for MX_DAC_Init
    main.o(.text) refers to tim.o(.text) for MX_TIM2_Init
    main.o(.text) refers to usart.o(.text) for MX_USART1_UART_Init
    main.o(.text) refers to oled.o(.text) for OLED_Init
    main.o(.text) refers to key.o(.text) for Key_Init
    main.o(.text) refers to tim.o(.bss.htim3) for htim3
    main.o(.text) refers to stm32f3xx_hal_tim.o(.text) for HAL_TIM_Base_Start_IT
    main.o(.text) refers to tim.o(.bss.htim2) for htim2
    main.o(.text) refers to stm32f3xx_hal_gpio.o(.text) for HAL_GPIO_Init
    main.o(.text) refers to voice_send.o(.text) for Voice_Device_Tx_Init
[...]
    __NVIC_SystemReset                       0x08007c71   Thumb Code    38  stm32f3xx_hal_cortex.o(.text)
    SysTick_Config                           0x08007ca9   Thumb Code    82  stm32f3xx_hal_cortex.o(.text)
    NVIC_DecodePriority                      0x08007e39   Thumb Code   118  stm32f3xx_hal_cortex.o(.text)
    __NVIC_GetPriority                       0x08007eb1   Thumb Code    66  stm32f3xx_hal_cortex.o(.text)
    __NVIC_SetPendingIRQ                     0x08007f09   Thumb Code    48  stm32f3xx_hal_cortex.o(.text)
    __NVIC_GetPendingIRQ                     0x08007f4d   Thumb Code    64  stm32f3xx_hal_cortex.o(.text)
    __NVIC_ClearPendingIRQ                   0x08007fa1   Thumb Code    48  stm32f3xx_hal_cortex.o(.text)
    __NVIC_GetActive                         0x08007fe5   Thumb Code    64  stm32f3xx_hal_cortex.o(.text)
    [Anonymous Symbol]                       0x08008064   Section        0  stm32f3xx_hal_dac.o(.text)
    [Anonymous Symbol]                       0x08008228   Section        0  stm32f3xx_hal_dac_ex.o(.text)
    DAC_DMAConvCpltCh1                       0x080083c5   Thumb Code    28  stm32f3xx_hal_dac_ex.o(.text)
    DAC_DMAHalfConvCpltCh1                   0x080083e1   Thumb Code    22  stm32f3xx_hal_dac_ex.o(.text)
    DAC_DMAErrorCh1                          0x080083f9   Thumb Code    38  stm32f3xx_hal_dac_ex.o(.text)
    [Anonymous Symbol]                       0x08008618   Section        0  stm32f3xx_hal_tim.o(.text)
    TIM_DMAPeriodElapsedCplt                 0x08008c6d   Thumb Code    42  stm32f3xx_hal_tim.o(.text)
    TIM_DMAPeriodElapsedHalfCplt             0x08008c99   Thumb Code    22  stm32f3xx_hal_tim.o(.text)
    TIM_DMADelayPulseCplt                    0x08009be9   Thumb Code   188  stm32f3xx_hal_tim.o(.text)
    TIM_OC1_SetConfig                        0x0800d5b1   Thumb Code   308  stm32f3xx_hal_tim.o(.text)
    TIM_OC3_SetConfig                        0x0800d835   Thumb Code   334  stm32f3xx_hal_tim.o(.text)
    TIM_OC4_SetConfig                        0x0800d985   Thumb Code   204  stm32f3xx_hal_tim.o(.text)
    TIM_OC5_SetConfig                        0x0800da51   Thumb Code   194  stm32f3xx_hal_tim.o(.text)
    TIM_OC6_SetConfig                        0x0800db15   Thumb Code   196  stm32f3xx_hal_tim.o(.text)
    TIM_TI2_SetConfig                        0x0800dde5   Thumb Code   108  stm32f3xx_hal_tim.o(.text)
    TIM_TI3_SetConfig                        0x0800de51   Thumb Code   106  stm32f3xx_hal_tim.o(.text)
    TIM_TI4_SetConfig                        0x0800debd   Thumb Code   108  stm32f3xx_hal_tim.o(.text)
    TIM_DMATriggerCplt                       0x0800e591   Thumb Code    42  stm32f3xx_hal_tim.o(.text)
    TIM_DMATriggerHalfCplt                   0x0800e5bd   Thumb Code    22  stm32f3xx_hal_tim.o(.text)
    TIM_TI1_ConfigInputStage                 0x0800eea5   Thumb Code    80  stm32f3xx_hal_tim.o(.text)
    TIM_ITRx_SetConfig                       0x0800eef5   Thumb Code    42  stm32f3xx_hal_tim.o(.text)
    TIM_TI2_ConfigInputStage                 0x0800ef21   Thumb Code    82  stm32f3xx_hal_tim.o(.text)
    TIM_SlaveTimer_SetConfig                 0x0800f039   Thumb Code   302  stm32f3xx_hal_tim.o(.text)
    [Anonymous Symbol]                       0x0800f38c   Section        0  stm32f3xx_hal_tim_ex.o(.text)
    TIM_CCxNChannelCmd                       0x0800fbd9   Thumb Code    54  stm32f3xx_hal_tim_ex.o(.text)
    TIM_DMADelayPulseNCplt                   0x0801032d   Thumb Code   148  stm32f3xx_hal_tim_ex.o(.text)
    TIM_DMAErrorCCxN                         0x080103c1   Thumb Code   116  stm32f3xx_hal_tim_ex.o(.text)
    [Anonymous Symbol]                       0x08011860   Section        0  stm32f3xx_hal_uart.o(.text)
    UART_TxISR_16BIT                         0x08012705   Thumb Code   150  stm32f3xx_hal_uart.o(.text)
    UART_TxISR_8BIT                          0x0801279d   Thumb Code   140  stm32f3xx_hal_uart.o(.text)
    UART_DMATransmitCplt                     0x08012b09   Thumb Code   120  stm32f3xx_hal_uart.o(.text)
    UART_DMATxHalfCplt                       0x08012b81   Thumb Code    22  stm32f3xx_hal_uart.o(.text)
    UART_DMAError                            0x08012b99   Thumb Code   126  stm32f3xx_hal_uart.o(.text)
    UART_EndTxTransfer                       0x08013091   Thumb Code    52  stm32f3xx_hal_uart.o(.text)
    UART_EndRxTransfer                       0x080130c5   Thumb Code   152  stm32f3xx_hal_uart.o(.text)
    UART_DMATxAbortCallback                  0x080136fd   Thumb Code    98  stm32f3xx_hal_uart.o(.text)
    UART_DMARxAbortCallback                  0x08013761   Thumb Code   110  stm32f3xx_hal_uart.o(.text)
    UART_DMATxOnlyAbortCallback              0x080138a5   Thumb Code    36  stm32f3xx_hal_uart.o(.text)
    UART_DMARxOnlyAbortCallback              0x08013a1d   Thumb Code    62  stm32f3xx_hal_uart.o(.text)
    UART_DMAAbortOnError                     0x08013f41   Thumb Code    36  stm32f3xx_hal_uart.o(.text)
    UART_EndTransmit_IT                      0x08013f79   Thumb Code    66  stm32f3xx_hal_uart.o(.text)
    UART_RxISR_16BIT                         0x08014389   Thumb Code   368  stm32f3xx_hal_uart.o(.text)
    UART_RxISR_8BIT                          0x080144f9   Thumb Code   364  stm32f3xx_hal_uart.o(.text)
    UART_DMAReceiveCplt                      0x08014665   Thumb Code   244  stm32f3xx_hal_uart.o(.text)
    UART_DMARxHalfCplt                       0x08014759   Thumb Code    54  stm32f3xx_hal_uart.o(.text)
    [Anonymous Symbol]                       0x08014790   Section        0  stm32f3xx_hal_uart_ex.o(.text)
    UARTEx_Wakeup_AddressConfig              0x08014985   Thumb Code    58  stm32f3xx_hal_uart_ex.o(.text)
    [Anonymous Symbol]                       0x08014df8   Section        0  system_stm32f3xx.o(.text)
    [Anonymous Symbol]                       0x08014f1c   Section        0  delay.o(.text)
    [Anonymous Symbol]                       0x08014fb0   Section        0  key.o(.text)
    [Anonymous Symbol]                       0x080150e0   Section        0  nrf24l01.o(.text)
    [Anonymous Symbol]                       0x08015788   Section        0  oled.o(.text)
    .text                                    0x08015f8e   Section        0  uldiv.o(.text)
    .text                                    0x08015ff0   Section        0  memseta.o(.text)
    .text                                    0x08016014   Section        0  dadd.o(.text)
    .text                                    0x08016162   Section        0  dmul.o(.text)
    .text                                    0x08016246   Section        0  dcmplt.o(.text)
    .text                                    0x0801627c   Section        0  dfltui.o(.text)
    .text                                    0x08016296   Section        0  dfixui.o(.text)
    .text                                    0x080162c8   Section        0  uidiv.o(.text)
    .text                                    0x080162f4   Section        0  llshl.o(.text)
    .text                                    0x08016312   Section        0  llushr.o(.text)
    .text                                    0x08016332   Section        0  llsshr.o(.text)
    .text                                    0x08016356   Section        0  iusefp.o(.text)
    .text                                    0x08016356   Section        0  depilogue.o(.text)
    .text                                    0x08016410   Section        0  ddiv.o(.text)
    .text                                    0x080164ee   Section        0  dfixul.o(.text)
    .text                                    0x08016520   Section       48  cdrcmple.o(.text)
    .text                                    0x08016550   Section       48  init.o(.text)
    i.__0printf                              0x08016580   Section        0  printfa.o(i.__0printf)
    i.__scatterload_copy                     0x080165a0   Section       14  handlers.o(i.__scatterload_copy)
    i.__scatterload_null                     0x080165ae   Section        2  handlers.o(i.__scatterload_null)
    i.__scatterload_zeroinit                 0x080165b0   Section       14  handlers.o(i.__scatterload_zeroinit)
    _fp_digits                               0x080165c1   Thumb Code   366  printfa.o(i._fp_digits)
    i._fp_digits                             0x080165c0   Section        0  printfa.o(i._fp_digits)
    _printf_core                             0x08016745   Thumb Code  1744  printfa.o(i._printf_core)
    i._printf_core                           0x08016744   Section        0  printfa.o(i._printf_core)
    _printf_post_padding                     0x08016e21   Thumb Code    36  printfa.o(i._printf_post_padding)
    i._printf_post_padding                   0x08016e20   Section        0  printfa.o(i._printf_post_padding)
    _printf_pre_padding                      0x08016e45   Thumb Code    46  printfa.o(i._printf_pre_padding)
    i._printf_pre_padding                    0x08016e44   Section        0  printfa.o(i._printf_pre_padding)
    HAL_RCCEx_GetPeriphCLKFreq.adc_pll_prediv_table 0x08016e8a   Data          32  stm32f3xx_hal_rcc_ex.o(.rodata.HAL_RCCEx_GetPeriphCLKFreq.adc_pll_prediv_table)
    [Anonymous Symbol]                       0x08016e8a   Section        0  stm32f3xx_hal_rcc_ex.o(.rodata.HAL_RCCEx_GetPeriphCLKFreq.adc_pll_prediv_table)
    aPLLMULFactorTable                       0x0801749a   Data          16  stm32f3xx_hal_rcc.o(.rodata.aPLLMULFactorTable)
    [Anonymous Symbol]                       0x0801749a   Section        0  stm32f3xx_hal_rcc.o(.rodata.aPLLMULFactorTable)
    aPredivFactorTable                       0x080174aa   Data          16  stm32f3xx_hal_rcc.o(.rodata.aPredivFactorTable)
    [Anonymous Symbol]                       0x080174aa   Section        0  stm32f3xx_hal_rcc.o(.rodata.aPredivFactorTable)
    .L.str.1                                 0x080174ba   Data          30  voice_recieve.o(.rodata.str1.1)
    [Anonymous Symbol]                       0x080174ba   Section        0  voice_recieve.o(.rodata.str1.1)
    .L.str                                   0x080174d8   Data          23  voice_recieve.o(.rodata.str1.1)
    .L.str                                   0x080174ef   Data           4  main.o(.rodata.str1.1)
    [Anonymous Symbol]                       0x080174ef   Section        0  main.o(.rodata.str1.1)
    .data                                    0x20000000   Section        4  stdout.o(.data)
    A_ready                                  0x20000020   Data           2  voice_recieve.o(.bss.A_ready)
    [Anonymous Symbol]                       0x20000020   Section        0  voice_recieve.o(.bss.A_ready)
    B_ready                                  0x20000022   Data           2  voice_recieve.o(.bss.B_ready)
    [Anonymous Symbol]                       0x20000022   Section        0  voice_recieve.o(.bss.B_ready)
    HAL_DAC_DMAUnderrunCallbackCh1.underrun_count 0x20000024   Data           4  voice_recieve.o(.bss.HAL_DAC_DMAUnderrunCallbackCh1.underrun_count)
    [Anonymous Symbol]                       0x20000024   Section        0  voice_recieve.o(.bss.HAL_DAC_DMAUnderrunCallbackCh1.underrun_count)
    Key_Kick.Count                           0x20000028   Data           1  key.o(.bss.Key_Kick.Count)
    [Anonymous Symbol]                       0x20000028   Section        0  key.o(.bss.Key_Kick.Count)
    Key_Kick.CurrentState                    0x20000029   Data           1  key.o(.bss.Key_Kick.CurrentState)
    [Anonymous Symbol]                       0x20000029   Section        0  key.o(.bss.Key_Kick.CurrentState)
    Key_Kick.PreviousState                   0x2000002a   Data           1  key.o(.bss.Key_Kick.PreviousState)
    [Anonymous Symbol]                       0x2000002a   Section        0  key.o(.bss.Key_Kick.PreviousState)
    intermediate_audio_buffer                0x20000ac8   Data        1024  voice_recieve.o(.bss.intermediate_audio_buffer)
    [Anonymous Symbol]                       0x20000ac8   Section        0  voice_recieve.o(.bss.intermediate_audio_buffer)
    is_packet_prepared                       0x20000ec8   Data           1  voice_send.o(.bss.is_packet_prepared)
    [Anonymous Symbol]                       0x20000ec8   Section        0  voice_send.o(.bss.is_packet_prepared)
    prepare_nrf_packet.overflow_count        0x20000ecc   Data           4  voice_send.o(.bss.prepare_nrf_packet.overflow_count)
    [Anonymous Symbol]                       0x20000ecc   Section        0  voice_send.o(.bss.prepare_nrf_packet.overflow_count)
    prepare_nrf_packet.packet_cnt            0x20000ed0   Data           2  voice_send.o(.bss.prepare_nrf_packet.packet_cnt)
    [Anonymous Symbol]                       0x20000ed0   Section        0  voice_send.o(.bss.prepare_nrf_packet.packet_cnt)
    receiving_state_handler.timeout          0x20000ed8   Data           2  voice_recieve.o(.bss.receiving_state_handler.timeout)
    [Anonymous Symbol]                       0x20000ed8   Section        0  voice_recieve.o(.bss.receiving_state_handler.timeout)
    silence_flag                             0x20000edc   Data           1  voice_recieve.o(.bss.silence_flag)
    [Anonymous Symbol]                       0x20000edc   Section        0  voice_recieve.o(.bss.silence_flag)
    write_offset                             0x20000ee4   Data           2  voice_recieve.o(.bss.write_offset)
    [Anonymous Symbol]                       0x20000ee4   Section        0  voice_recieve.o(.bss.write_offset)
    writing_half                             0x20000ee6   Data           1  voice_recieve.o(.bss.writing_half)
    [Anonymous Symbol]                       0x20000ee6   Section        0  voice_recieve.o(.bss.writing_half)
    STACK                                    0x20000ee8   Section     1024  startup_stm32f302xc.o(STACK)

    Global Symbols

    Symbol Name                              Value     Ov Type        Size  Object(Section)

    BuildAttributes$$THM_ISAv4$E$P$D$K$B$S$7EM$VFPi3$EXTD16$VFPS$VFMA$PE$A:L22UL41UL21$X:L11$S22US41US21$IEEE1$IW$~IW$USESV6$~STKCKD$USESV7$~SHL$OSPACE$ROPI$EBA8$MICROLIB$REQ8$PRES8$EABIv2 0x00000000   Number         0  anon$$obj.o ABSOLUTE
    __cpp_initialize__aeabi_                  - Undefined Weak Reference
    __cxa_finalize                            - Undefined Weak Reference
    __decompress                              - Undefined Weak Reference
    _clock_init                               - Undefined Weak Reference
    _microlib_exit                            - Undefined Weak Reference
    __Vectors_Size                           0x00000188   Number         0  startup_stm32f302xc.o ABSOLUTE
    __Vectors                                0x08000000   Data           4  startup_stm32f302xc.o(RESET)
    __Vectors_End                            0x08000188   Data           0  startup_stm32f302xc.o(RESET)
    __main                                   0x08000189   Thumb Code     0  entry.o(.ARM.Collect$$$$00000000)
    _main_stk                                0x08000189   Thumb Code     0  entry2.o(.ARM.Collect$$$$00000001)
    _main_scatterload                        0x0800018d   Thumb Code     0  entry5.o(.ARM.Collect$$$$00000004)
    __main_after_scatterload                 0x08000191   Thumb Code     0  entry5.o(.ARM.Collect$$$$00000004)
    _main_clock                              0x08000191   Thumb Code     0  entry7b.o(.ARM.Collect$$$$00000008)
    _main_cpp_init                           0x08000191   Thumb Code     0  entry8b.o(.ARM.Collect$$$$0000000A)
    _main_init                               0x08000191   Thumb Code     0  entry9a.o(.ARM.Collect$$$$0000000B)
    __rt_final_cpp                           0x08000199   Thumb Code     0  entry10a.o(.ARM.Collect$$$$0000000D)
    __rt_final_exit                          0x08000199   Thumb Code     0  entry11a.o(.ARM.Collect$$$$0000000F)
    Reset_Handler                            0x0800019d   Thumb Code     8  startup_stm32f302xc.o(.text)
    ADC1_2_IRQHandler                        0x080001b7   Thumb Code     0  startup_stm32f302xc.o(.text)
    CAN_RX1_IRQHandler                       0x080001b7   Thumb Code     0  startup_stm32f302xc.o(.text)
    CAN_SCE_IRQHandler                       0x080001b7   Thumb Code     0  startup_stm32f302xc.o(.text)
    COMP1_2_IRQHandler                       0x080001b7   Thumb Code     0  startup_stm32f302xc.o(.text)
    COMP4_6_IRQHandler                       0x080001b7   Thumb Code     0  startup_stm32f302xc.o(.text)
    DMA1_Channel2_IRQHandler                 0x080001b7   Thumb Code     0  startup_stm32f302xc.o(.text)
    DMA1_Channel4_IRQHandler                 0x080001b7   Thumb Code     0  startup_stm32f302xc.o(.text)
    DMA1_Channel5_IRQHandler                 0x080001b7   Thumb Code     0  startup_stm32f302xc.o(.text)
    DMA1_Channel6_IRQHandler                 0x080001b7   Thumb Code     0  startup_stm32f302xc.o(.text)
    DMA1_Channel7_IRQHandler                 0x080001b7   Thumb Code     0  startup_stm32f302xc.o(.text)
    DMA2_Channel1_IRQHandler                 0x080001b7   Thumb Code     0  startup_stm32f302xc.o(.text)
    DMA2_Channel2_IRQHandler                 0x080001b7   Thumb Code     0  startup_stm32f302xc.o(.text)
    DMA2_Channel3_IRQHandler                 0x080001b7   Thumb Code     0  startup_stm32f302xc.o(.text)
    DMA2_Channel4_IRQHandler                 0x080001b7   Thumb Code     0  startup_stm32f302xc.o(.text)
    DMA2_Channel5_IRQHandler                 0x080001b7   Thumb Code     0  startup_stm32f302xc.o(.text)
    EXTI0_IRQHandler                         0x080001b7   Thumb Code     0  startup_stm32f302xc.o(.text)
    EXTI15_10_IRQHandler                     0x080001b7   Thumb Code     0  startup_stm32f302xc.o(.text)
    EXTI1_IRQHandler                         0x080001b7   Thumb Code     0  startup_stm32f302xc.o(.text)
    EXTI2_TSC_IRQHandler                     0x080001b7   Thumb Code     0  startup_stm32f302xc.o(.text)
    EXTI3_IRQHandler                         0x080001b7   Thumb Code     0  startup_stm32f302xc.o(.text)
    EXTI4_IRQHandler                         0x080001b7   Thumb Code     0  startup_stm32f302xc.o(.text)
    EXTI9_5_IRQHandler                       0x080001b7   Thumb Code     0  startup_stm32f302xc.o(.text)
    FLASH_IRQHandler                         0x080001b7   Thumb Code     0  startup_stm32f302xc.o(.text)
    FPU_IRQHandler                           0x080001b7   Thumb Code     0  startup_stm32f302xc.o(.text)
    I2C1_ER_IRQHandler                       0x080001b7   Thumb Code     0  startup_stm32f302xc.o(.text)
    I2C1_EV_IRQHandler                       0x080001b7   Thumb Code     0  startup_stm32f302xc.o(.text)
    I2C2_ER_IRQHandler                       0x080001b7   Thumb Code     0  startup_stm32f302xc.o(.text)
    I2C2_EV_IRQHandler                       0x080001b7   Thumb Code     0  startup_stm32f302xc.o(.text)
    PVD_IRQHandler                           0x080001b7   Thumb Code     0  startup_stm32f302xc.o(.text)
    RCC_IRQHandler                           0x080001b7   Thumb Code     0  startup_stm32f302xc.o(.text)
    RTC_Alarm_IRQHandler                     0x080001b7   Thumb Code     0  startup_stm32f302xc.o(.text)
    RTC_WKUP_IRQHandler                      0x080001b7   Thumb Code     0  startup_stm32f302xc.o(.text)
    SPI1_IRQHandler                          0x080001b7   Thumb Code     0  startup_stm32f302xc.o(.text)
    SPI2_IRQHandler                          0x080001b7   Thumb Code     0  startup_stm32f302xc.o(.text)
    SPI3_IRQHandler                          0x080001b7   Thumb Code     0  startup_stm32f302xc.o(.text)
    TAMP_STAMP_IRQHandler                    0x080001b7   Thumb Code     0  startup_stm32f302xc.o(.text)
    TIM1_BRK_TIM15_IRQHandler                0x080001b7   Thumb Code     0  startup_stm32f302xc.o(.text)
    TIM1_CC_IRQHandler                       0x080001b7   Thumb Code     0  startup_stm32f302xc.o(.text)
    TIM1_TRG_COM_TIM17_IRQHandler            0x080001b7   Thumb Code     0  startup_stm32f302xc.o(.text)
    TIM1_UP_TIM16_IRQHandler                 0x080001b7   Thumb Code     0  startup_stm32f302xc.o(.text)
    TIM2_IRQHandler                          0x080001b7   Thumb Code     0  startup_stm32f302xc.o(.text)
    TIM4_IRQHandler                          0x080001b7   Thumb Code     0  startup_stm32f302xc.o(.text)
    TIM6_DAC_IRQHandler                      0x080001b7   Thumb Code     0  startup_stm32f302xc.o(.text)
    UART4_IRQHandler                         0x080001b7   Thumb Code     0  startup_stm32f302xc.o(.text)
    UART5_IRQHandler                         0x080001b7   Thumb Code     0  startup_stm32f302xc.o(.text)
    USART1_IRQHandler                        0x080001b7   Thumb Code     0  startup_stm32f302xc.o(.text)
    USART2_IRQHandler                        0x080001b7   Thumb Code     0  startup_stm32f302xc.o(.text)
    USART3_IRQHandler                        0x080001b7   Thumb Code     0  startup_stm32f302xc.o(.text)
    USBWakeUp_IRQHandler                     0x080001b7   Thumb Code     0  startup_stm32f302xc.o(.text)
    USBWakeUp_RMP_IRQHandler                 0x080001b7   Thumb Code     0  startup_stm32f302xc.o(.text)
    USB_HP_CAN_TX_IRQHandler                 0x080001b7   Thumb Code     0  startup_stm32f302xc.o(.text)
    USB_HP_IRQHandler                        0x080001b7   Thumb Code     0  startup_stm32f302xc.o(.text)
    USB_LP_CAN_RX0_IRQHandler                0x080001b7   Thumb Code     0  startup_stm32f302xc.o(.text)
    USB_LP_IRQHandler                        0x080001b7   Thumb Code     0  startup_stm32f302xc.o(.text)
    WWDG_IRQHandler                          0x080001b7   Thumb Code     0  startup_stm32f302xc.o(.text)
    parse_nrf_packet_into_intermediate_buffer 0x080001c1   Thumb Code   274  voice_recieve.o(.text)
    fill_dac_buffer_from_intermediate        0x080002d5   Thumb Code   204  voice_recieve.o(.text)
    HAL_DAC_ConvHalfCpltCallbackCh1          0x080003a1   Thumb Code    22  voice_recieve.o(.text)
    HAL_DAC_ConvCpltCallbackCh1              0x080003b9   Thumb Code    26  voice_recieve.o(.text)
    HAL_DAC_DMAUnderrunCallbackCh1           0x080003d5   Thumb Code   108  voice_recieve.o(.text)
    receiving_state_handler                  0x08000441   Thumb Code   152  voice_recieve.o(.text)
    Voice_Device_RX_Init                     0x080004d9   Thumb Code   122  voice_recieve.o(.text)
    fputc                                    0x08000555   Thumb Code    42  voice_send.o(.text)
    fgetc                                    0x08000581   Thumb Code    36  voice_send.o(.text)
    Voice_Device_Tx_Init                     0x080005a5   Thumb Code   104  voice_send.o(.text)
    HAL_ADC_ConvCpltCallback                 0x0800060d   Thumb Code   164  voice_send.o(.text)
    prepare_nrf_packet                       0x080006b1   Thumb Code   276  voice_send.o(.text)
    transmitting_state_handler               0x080007c5   Thumb Code   166  voice_send.o(.text)
    prepare_silence_packet                   0x0800086d   Thumb Code    56  voice_send.o(.text)
    main                                     0x080008a5   Thumb Code   382  main.o(.text)
    SystemClock_Config                       0x08000a25   Thumb Code   150  main.o(.text)
    Error_Handler                            0x08000abd   Thumb Code    14  main.o(.text)
    MX_GPIO_Init                             0x08000acd   Thumb Code   252  gpio.o(.text)
    MX_ADC1_Init                             0x08000bc9   Thumb Code   170  adc.o(.text)
    HAL_ADC_MspInit                          0x08000c75   Thumb Code   198  adc.o(.text)
    HAL_ADC_MspDeInit                        0x08000d3d   Thumb Code    58  adc.o(.text)
    MX_DAC_Init                              0x08000d79   Thumb Code    80  dac.o(.text)
    HAL_DAC_MspInit                          0x08000dc9   Thumb Code   228  dac.o(.text)
    HAL_DAC_MspDeInit                        0x08000ead   Thumb Code    64  dac.o(.text)
    MX_DMA_Init                              0x08000eed   Thumb Code    76  dma.o(.text)
    MX_TIM2_Init                             0x08000f39   Thumb Code   130  tim.o(.text)
    MX_TIM3_Init                             0x08000fbd   Thumb Code   134  tim.o(.text)
    MX_TIM4_Init                             0x08001045   Thumb Code   132  tim.o(.text)
    HAL_TIM_Base_MspInit                     0x080010c9   Thumb Code   176  tim.o(.text)
    HAL_TIM_Base_MspDeInit                   0x08001179   Thumb Code   122  tim.o(.text)
    MX_USART1_UART_Init                      0x080011f5   Thumb Code    68  usart.o(.text)
    HAL_UART_MspInit                         0x08001239   Thumb Code   134  usart.o(.text)
    HAL_UART_MspDeInit                       0x080012c1   Thumb Code    58  usart.o(.text)
    NMI_Handler                              0x080012fd   Thumb Code     4  stm32f3xx_it.o(.text)
    HardFault_Handler                        0x08001301   Thumb Code     4  stm32f3xx_it.o(.text)
    MemManage_Handler                        0x08001305   Thumb Code     4  stm32f3xx_it.o(.text)
    BusFault_Handler                         0x08001309   Thumb Code     4  stm32f3xx_it.o(.text)
    UsageFault_Handler                       0x0800130d   Thumb Code     4  stm32f3xx_it.o(.text)
    SVC_Handler                              0x08001311   Thumb Code     2  stm32f3xx_it.o(.text)
    DebugMon_Handler                         0x08001315   Thumb Code     2  stm32f3xx_it.o(.text)
    PendSV_Handler                           0x08001319   Thumb Code     2  stm32f3xx_it.o(.text)
    SysTick_Handler                          0x0800131d   Thumb Code     8  stm32f3xx_it.o(.text)
    DMA1_Channel1_IRQHandler                 0x08001325   Thumb Code    16  stm32f3xx_it.o(.text)
    DMA1_Channel3_IRQHandler                 0x08001335   Thumb Code    16  stm32f3xx_it.o(.text)
    TIM3_IRQHandler                          0x08001345   Thumb Code    20  stm32f3xx_it.o(.text)
    HAL_MspInit                              0x08001359   Thumb Code    66  stm32f3xx_hal_msp.o(.text)
    HAL_ADC_ConvHalfCpltCallback             0x0800144d   Thumb Code     8  stm32f3xx_hal_adc.o(.text)
    HAL_ADC_LevelOutOfWindowCallback         0x08001455   Thumb Code     8  stm32f3xx_hal_adc.o(.text)
    HAL_ADC_ErrorCallback                    0x0800145d   Thumb Code     8  stm32f3xx_hal_adc.o(.text)
    HAL_ADC_GetState                         0x0800147d   Thumb Code    12  stm32f3xx_hal_adc.o(.text)
    HAL_ADC_GetError                         0x08001489   Thumb Code    12  stm32f3xx_hal_adc.o(.text)
    HAL_ADC_Init                             0x08001495   Thumb Code   830  stm32f3xx_hal_adc_ex.o(.text)
    HAL_ADC_DeInit                           0x080018ad   Thumb Code   596  stm32f3xx_hal_adc_ex.o(.text)
    HAL_ADC_Start                            0x08001c99   Thumb Code   438  stm32f3xx_hal_adc_ex.o(.text)
    HAL_ADC_Stop                             0x08001f1d   Thumb Code   134  stm32f3xx_hal_adc_ex.o(.text)
    HAL_ADC_PollForConversion                0x08001fa5   Thumb Code   464  stm32f3xx_hal_adc_ex.o(.text)
    HAL_ADC_PollForEvent                     0x08002175   Thumb Code   310  stm32f3xx_hal_adc_ex.o(.text)
    HAL_ADC_Start_IT                         0x080022ad   Thumb Code   512  stm32f3xx_hal_adc_ex.o(.text)
    HAL_ADC_Stop_IT                          0x080024ad   Thumb Code   146  stm32f3xx_hal_adc_ex.o(.text)
    HAL_ADC_Start_DMA                        0x08002541   Thumb Code   496  stm32f3xx_hal_adc_ex.o(.text)
    HAL_ADC_Stop_DMA                         0x080027e9   Thumb Code   226  stm32f3xx_hal_adc_ex.o(.text)
    HAL_ADC_GetValue                         0x080028cd   Thumb Code    14  stm32f3xx_hal_adc_ex.o(.text)
    HAL_ADC_IRQHandler                       0x080028dd   Thumb Code  1140  stm32f3xx_hal_adc_ex.o(.text)
    HAL_ADCEx_InjectedConvCpltCallback       0x08002d51   Thumb Code     8  stm32f3xx_hal_adc_ex.o(.text)
    HAL_ADCEx_LevelOutOfWindow2Callback      0x08002d59   Thumb Code     8  stm32f3xx_hal_adc_ex.o(.text)
    HAL_ADCEx_LevelOutOfWindow3Callback      0x08002d61   Thumb Code     8  stm32f3xx_hal_adc_ex.o(.text)
    HAL_ADCEx_InjectedQueueOverflowCallback  0x08002d69   Thumb Code     8  stm32f3xx_hal_adc_ex.o(.text)
    HAL_ADCEx_Calibration_Start              0x08002d71   Thumb Code   254  stm32f3xx_hal_adc_ex.o(.text)
    HAL_ADCEx_Calibration_GetValue           0x08002e71   Thumb Code    50  stm32f3xx_hal_adc_ex.o(.text)
    HAL_ADCEx_Calibration_SetValue           0x08002ea5   Thumb Code   216  stm32f3xx_hal_adc_ex.o(.text)
    HAL_ADCEx_InjectedStart                  0x08002f7d   Thumb Code   336  stm32f3xx_hal_adc_ex.o(.text)
    HAL_ADCEx_InjectedStop                   0x080030cd   Thumb Code   214  stm32f3xx_hal_adc_ex.o(.text)
    HAL_ADCEx_InjectedPollForConversion      0x080031a5   Thumb Code   322  stm32f3xx_hal_adc_ex.o(.text)
    HAL_ADCEx_InjectedStart_IT               0x080032e9   Thumb Code   416  stm32f3xx_hal_adc_ex.o(.text)
    HAL_ADCEx_InjectedStop_IT                0x08003489   Thumb Code   226  stm32f3xx_hal_adc_ex.o(.text)
    HAL_ADCEx_MultiModeStart_DMA             0x0800356d   Thumb Code   398  stm32f3xx_hal_adc_ex.o(.text)
    HAL_ADCEx_MultiModeStop_DMA              0x080036fd   Thumb Code   458  stm32f3xx_hal_adc_ex.o(.text)
    HAL_ADCEx_MultiModeGetValue              0x080038c9   Thumb Code    22  stm32f3xx_hal_adc_ex.o(.text)
    HAL_ADCEx_InjectedGetValue               0x080038e1   Thumb Code    88  stm32f3xx_hal_adc_ex.o(.text)
    HAL_ADCEx_RegularStop                    0x08003939   Thumb Code   170  stm32f3xx_hal_adc_ex.o(.text)
    HAL_ADCEx_RegularStop_IT                 0x080039e5   Thumb Code   182  stm32f3xx_hal_adc_ex.o(.text)
    HAL_ADCEx_RegularStop_DMA                0x08003a9d   Thumb Code   244  stm32f3xx_hal_adc_ex.o(.text)
    HAL_ADCEx_RegularMultiModeStop_DMA       0x08003b91   Thumb Code   494  stm32f3xx_hal_adc_ex.o(.text)
    HAL_ADC_ConfigChannel                    0x08003d81   Thumb Code  1324  stm32f3xx_hal_adc_ex.o(.text)
    HAL_ADCEx_InjectedConfigChannel          0x080042ad   Thumb Code  1580  stm32f3xx_hal_adc_ex.o(.text)
    HAL_ADC_AnalogWDGConfig                  0x080048d9   Thumb Code   678  stm32f3xx_hal_adc_ex.o(.text)
    HAL_ADCEx_MultiModeConfigChannel         0x08004b81   Thumb Code   438  stm32f3xx_hal_adc_ex.o(.text)
    HAL_Init                                 0x08004d39   Thumb Code    38  stm32f3xx_hal.o(.text)
    HAL_InitTick                             0x08004d61   Thumb Code   112  stm32f3xx_hal.o(.text)
    HAL_DeInit                               0x08004dd5   Thumb Code    58  stm32f3xx_hal.o(.text)
    HAL_MspDeInit                            0x08004e11   Thumb Code     2  stm32f3xx_hal.o(.text)
    HAL_IncTick                              0x08004e15   Thumb Code    26  stm32f3xx_hal.o(.text)
    HAL_GetTick                              0x08004e31   Thumb Code    12  stm32f3xx_hal.o(.text)
    HAL_GetTickPrio                          0x08004e3d   Thumb Code    12  stm32f3xx_hal.o(.text)
    HAL_SetTickFreq                          0x08004e49   Thumb Code   106  stm32f3xx_hal.o(.text)
    HAL_GetTickFreq                          0x08004eb5   Thumb Code    12  stm32f3xx_hal.o(.text)
    HAL_Delay                                0x08004ec1   Thumb Code    66  stm32f3xx_hal.o(.text)
    HAL_SuspendTick                          0x08004f05   Thumb Code    18  stm32f3xx_hal.o(.text)
    HAL_ResumeTick                           0x08004f19   Thumb Code    18  stm32f3xx_hal.o(.text)
    HAL_GetHalVersion                        0x08004f2d   Thumb Code    10  stm32f3xx_hal.o(.text)
    HAL_GetREVID                             0x08004f39   Thumb Code    14  stm32f3xx_hal.o(.text)
    HAL_GetDEVID                             0x08004f49   Thumb Code    16  stm32f3xx_hal.o(.text)
    HAL_GetUIDw0                             0x08004f59   Thumb Code    12  stm32f3xx_hal.o(.text)
    HAL_GetUIDw1                             0x08004f65   Thumb Code    12  stm32f3xx_hal.o(.text)
    HAL_GetUIDw2                             0x08004f71   Thumb Code    12  stm32f3xx_hal.o(.text)
    HAL_DBGMCU_EnableDBGSleepMode            0x08004f7d   Thumb Code    18  stm32f3xx_hal.o(.text)
    HAL_DBGMCU_DisableDBGSleepMode           0x08004f91   Thumb Code    18  stm32f3xx_hal.o(.text)
    HAL_DBGMCU_EnableDBGStopMode             0x08004fa5   Thumb Code    18  stm32f3xx_hal.o(.text)
    HAL_DBGMCU_DisableDBGStopMode            0x08004fb9   Thumb Code    18  stm32f3xx_hal.o(.text)
    HAL_DBGMCU_EnableDBGStandbyMode          0x08004fcd   Thumb Code    18  stm32f3xx_hal.o(.text)
    HAL_DBGMCU_DisableDBGStandbyMode         0x08004fe1   Thumb Code    18  stm32f3xx_hal.o(.text)
    HAL_RCC_DeInit                           0x08004ff5   Thumb Code   368  stm32f3xx_hal_rcc.o(.text)
    HAL_RCC_OscConfig                        0x08005165   Thumb Code  2670  stm32f3xx_hal_rcc.o(.text)
    HAL_RCC_ClockConfig                      0x08005bd5   Thumb Code   778  stm32f3xx_hal_rcc.o(.text)
    HAL_RCC_GetSysClockFreq                  0x08005ee1   Thumb Code   194  stm32f3xx_hal_rcc.o(.text)
    HAL_RCC_MCOConfig                        0x08005fa5   Thumb Code    94  stm32f3xx_hal_rcc.o(.text)
    HAL_RCC_EnableCSS                        0x08006005   Thumb Code    12  stm32f3xx_hal_rcc.o(.text)
    HAL_RCC_DisableCSS                       0x08006011   Thumb Code    12  stm32f3xx_hal_rcc.o(.text)
    HAL_RCC_GetHCLKFreq                      0x0800601d   Thumb Code    12  stm32f3xx_hal_rcc.o(.text)
    HAL_RCC_GetPCLK1Freq                     0x08006029   Thumb Code    34  stm32f3xx_hal_rcc.o(.text)
    HAL_RCC_GetPCLK2Freq                     0x0800604d   Thumb Code    34  stm32f3xx_hal_rcc.o(.text)
    HAL_RCC_GetOscConfig                     0x08006071   Thumb Code   302  stm32f3xx_hal_rcc.o(.text)
    HAL_RCC_GetClockConfig                   0x080061a1   Thumb Code    84  stm32f3xx_hal_rcc.o(.text)
    HAL_RCC_NMI_IRQHandler                   0x080061f5   Thumb Code    40  stm32f3xx_hal_rcc.o(.text)
    HAL_RCC_CSSCallback                      0x0800621d   Thumb Code     2  stm32f3xx_hal_rcc.o(.text)
    HAL_RCCEx_PeriphCLKConfig                0x08006221   Thumb Code   858  stm32f3xx_hal_rcc_ex.o(.text)
    HAL_RCCEx_GetPeriphCLKConfig             0x0800657d   Thumb Code   230  stm32f3xx_hal_rcc_ex.o(.text)
    HAL_RCCEx_GetPeriphCLKFreq               0x08006665   Thumb Code  1368  stm32f3xx_hal_rcc_ex.o(.text)
    HAL_GPIO_Init                            0x08006c31   Thumb Code   844  stm32f3xx_hal_gpio.o(.text)
    HAL_GPIO_DeInit                          0x08006f7d   Thumb Code   444  stm32f3xx_hal_gpio.o(.text)
    HAL_GPIO_ReadPin                         0x08007139   Thumb Code    46  stm32f3xx_hal_gpio.o(.text)
    HAL_GPIO_WritePin                        0x08007169   Thumb Code    44  stm32f3xx_hal_gpio.o(.text)
    HAL_GPIO_TogglePin                       0x08007195   Thumb Code    38  stm32f3xx_hal_gpio.o(.text)
    HAL_GPIO_LockPin                         0x080071bd   Thumb Code    86  stm32f3xx_hal_gpio.o(.text)
    HAL_GPIO_EXTI_IRQHandler                 0x08007215   Thumb Code    56  stm32f3xx_hal_gpio.o(.text)
    HAL_GPIO_EXTI_Callback                   0x0800724d   Thumb Code    10  stm32f3xx_hal_gpio.o(.text)
    HAL_DMA_Init                             0x08007259   Thumb Code   136  stm32f3xx_hal_dma.o(.text)
    HAL_DMA_DeInit                           0x0800735d   Thumb Code   134  stm32f3xx_hal_dma.o(.text)
    HAL_DMA_Start                            0x080073e5   Thumb Code   154  stm32f3xx_hal_dma.o(.text)
    HAL_DMA_Start_IT                         0x080074d1   Thumb Code   202  stm32f3xx_hal_dma.o(.text)
    HAL_DMA_Abort                            0x0800759d   Thumb Code   130  stm32f3xx_hal_dma.o(.text)
    HAL_DMA_Abort_IT                         0x08007621   Thumb Code   120  stm32f3xx_hal_dma.o(.text)
    HAL_DMA_PollForTransfer                  0x08007699   Thumb Code   336  stm32f3xx_hal_dma.o(.text)
    HAL_DMA_IRQHandler                       0x080077e9   Thumb Code   316  stm32f3xx_hal_dma.o(.text)
    HAL_DMA_RegisterCallback                 0x08007925   Thumb Code   164  stm32f3xx_hal_dma.o(.text)
    HAL_DMA_UnRegisterCallback               0x080079c9   Thumb Code   184  stm32f3xx_hal_dma.o(.text)
    HAL_DMA_GetState                         0x08007a81   Thumb Code    14  stm32f3xx_hal_dma.o(.text)
    HAL_DMA_GetError                         0x08007a91   Thumb Code    12  stm32f3xx_hal_dma.o(.text)
    HAL_NVIC_SetPriorityGrouping             0x08007a9d   Thumb Code    16  stm32f3xx_hal_cortex.o(.text)
    HAL_NVIC_SetPriority                     0x08007ae9   Thumb Code    50  stm32f3xx_hal_cortex.o(.text)
    HAL_NVIC_EnableIRQ                       0x08007bdd   Thumb Code    20  stm32f3xx_hal_cortex.o(.text)
    HAL_NVIC_DisableIRQ                      0x08007c21   Thumb Code    20  stm32f3xx_hal_cortex.o(.text)
    HAL_NVIC_SystemReset                     0x08007c6d   Thumb Code     4  stm32f3xx_hal_cortex.o(.text)
    HAL_SYSTICK_Config                       0x08007c99   Thumb Code    16  stm32f3xx_hal_cortex.o(.text)
    HAL_MPU_Disable                          0x08007cfd   Thumb Code    30  stm32f3xx_hal_cortex.o(.text)
    HAL_MPU_Enable                           0x08007d1d   Thumb Code    40  stm32f3xx_hal_cortex.o(.text)
    HAL_MPU_EnableRegion                     0x08007d45   Thumb Code    36  stm32f3xx_hal_cortex.o(.text)
    HAL_MPU_DisableRegion                    0x08007d69   Thumb Code    36  stm32f3xx_hal_cortex.o(.text)
    HAL_MPU_ConfigRegion                     0x08007d8d   Thumb Code   128  stm32f3xx_hal_cortex.o(.text)
    HAL_NVIC_GetPriorityGrouping             0x08007e0d   Thumb Code     8  stm32f3xx_hal_cortex.o(.text)
    HAL_NVIC_GetPriority                     0x08007e15   Thumb Code    36  stm32f3xx_hal_cortex.o(.text)
    HAL_NVIC_SetPendingIRQ                   0x08007ef5   Thumb Code    20  stm32f3xx_hal_cortex.o(.text)
    HAL_NVIC_GetPendingIRQ                   0x08007f39   Thumb Code    20  stm32f3xx_hal_cortex.o(.text)
    HAL_NVIC_ClearPendingIRQ                 0x08007f8d   Thumb Code    20  stm32f3xx_hal_cortex.o(.text)
    HAL_NVIC_GetActive                       0x08007fd1   Thumb Code    20  stm32f3xx_hal_cortex.o(.text)
    HAL_SYSTICK_CLKSourceConfig              0x08008025   Thumb Code    52  stm32f3xx_hal_cortex.o(.text)
    HAL_SYSTICK_IRQHandler                   0x08008059   Thumb Code     8  stm32f3xx_hal_cortex.o(.text)
    HAL_SYSTICK_Callback                     0x08008061   Thumb Code     2  stm32f3xx_hal_cortex.o(.text)
    HAL_DAC_Init                             0x08008065   Thumb Code    74  stm32f3xx_hal_dac.o(.text)
    HAL_DAC_DeInit                           0x080080b9   Thumb Code    68  stm32f3xx_hal_dac.o(.text)
    HAL_DAC_Stop                             0x08008111   Thumb Code    34  stm32f3xx_hal_dac.o(.text)
    HAL_DAC_Stop_DMA                         0x08008135   Thumb Code   116  stm32f3xx_hal_dac.o(.text)
    HAL_DACEx_DualSetValue                   0x080081e1   Thumb Code    16  stm32f3xx_hal_dac.o(.text)
    HAL_DAC_GetState                         0x080081f1   Thumb Code    12  stm32f3xx_hal_dac.o(.text)
    HAL_DAC_GetError                         0x080081fd   Thumb Code    12  stm32f3xx_hal_dac.o(.text)
    HAL_DAC_ErrorCallbackCh1                 0x08008219   Thumb Code     8  stm32f3xx_hal_dac.o(.text)
    HAL_DAC_SetValue                         0x08008229   Thumb Code    50  stm32f3xx_hal_dac_ex.o(.text)
    HAL_DAC_Start                            0x0800825d   Thumb Code   122  stm32f3xx_hal_dac_ex.o(.text)
    HAL_DAC_Start_DMA                        0x080082d9   Thumb Code   236  stm32f3xx_hal_dac_ex.o(.text)
    HAL_DAC_GetValue                         0x08008421   Thumb Code    16  stm32f3xx_hal_dac_ex.o(.text)
    HAL_DACEx_DualGetValue                   0x08008431   Thumb Code    26  stm32f3xx_hal_dac_ex.o(.text)
    HAL_DAC_IRQHandler                       0x0800844d   Thumb Code    86  stm32f3xx_hal_dac_ex.o(.text)
    HAL_DAC_ConfigChannel                    0x080084a5   Thumb Code   156  stm32f3xx_hal_dac_ex.o(.text)
    HAL_DACEx_TriangleWaveGenerate           0x08008541   Thumb Code   108  stm32f3xx_hal_dac_ex.o(.text)
    HAL_DACEx_NoiseWaveGenerate              0x080085ad   Thumb Code   108  stm32f3xx_hal_dac_ex.o(.text)
    HAL_TIM_Base_Init                        0x08008619   Thumb Code   168  stm32f3xx_hal_tim.o(.text)
    TIM_Base_SetConfig                       0x080086c9   Thumb Code   358  stm32f3xx_hal_tim.o(.text)
    HAL_TIM_Base_DeInit                      0x08008831   Thumb Code   178  stm32f3xx_hal_tim.o(.text)
    HAL_TIM_Base_Start                       0x080088ed   Thumb Code   196  stm32f3xx_hal_tim.o(.text)
    HAL_TIM_Base_Stop                        0x080089b1   Thumb Code    70  stm32f3xx_hal_tim.o(.text)
    HAL_TIM_Base_Start_IT                    0x080089f9   Thumb Code   208  stm32f3xx_hal_tim.o(.text)
    HAL_TIM_Base_Stop_IT                     0x08008ac9   Thumb Code    82  stm32f3xx_hal_tim.o(.text)
    HAL_TIM_Base_Start_DMA                   0x08008b1d   Thumb Code   336  stm32f3xx_hal_tim.o(.text)
    TIM_DMAError                             0x08008cb1   Thumb Code   154  stm32f3xx_hal_tim.o(.text)
    HAL_TIM_Base_Stop_DMA                    0x08008d4d   Thumb Code    92  stm32f3xx_hal_tim.o(.text)
    HAL_TIM_OC_Init                          0x08008da9   Thumb Code   168  stm32f3xx_hal_tim.o(.text)
    HAL_TIM_OC_MspInit                       0x08008e51   Thumb Code     8  stm32f3xx_hal_tim.o(.text)
    HAL_TIM_OC_DeInit                        0x08008e59   Thumb Code   178  stm32f3xx_hal_tim.o(.text)
    HAL_TIM_OC_MspDeInit                     0x08008f0d   Thumb Code     8  stm32f3xx_hal_tim.o(.text)
    HAL_TIM_OC_Start                         0x08008f15   Thumb Code   566  stm32f3xx_hal_tim.o(.text)
    TIM_CCxChannelCmd                        0x0800914d   Thumb Code    54  stm32f3xx_hal_tim.o(.text)
    HAL_TIM_OC_Stop                          0x08009185   Thumb Code   360  stm32f3xx_hal_tim.o(.text)
    HAL_TIM_OC_Start_IT                      0x080092ed   Thumb Code   680  stm32f3xx_hal_tim.o(.text)
    HAL_TIM_OC_Stop_IT                       0x08009595   Thumb Code   474  stm32f3xx_hal_tim.o(.text)
    HAL_TIM_OC_Start_DMA                     0x08009771   Thumb Code  1142  stm32f3xx_hal_tim.o(.text)
    TIM_DMADelayPulseHalfCplt                0x08009ca5   Thumb Code   116  stm32f3xx_hal_tim.o(.text)
    HAL_TIM_OC_Stop_DMA                      0x08009d19   Thumb Code   506  stm32f3xx_hal_tim.o(.text)
    HAL_TIM_PWM_Init                         0x08009f15   Thumb Code   168  stm32f3xx_hal_tim.o(.text)
    HAL_TIM_PWM_MspInit                      0x08009fbd   Thumb Code     8  stm32f3xx_hal_tim.o(.text)
    HAL_TIM_PWM_DeInit                       0x08009fc5   Thumb Code   178  stm32f3xx_hal_tim.o(.text)
    HAL_TIM_PWM_MspDeInit                    0x0800a079   Thumb Code     8  stm32f3xx_hal_tim.o(.text)
    HAL_TIM_PWM_Start                        0x0800a081   Thumb Code   566  stm32f3xx_hal_tim.o(.text)
    HAL_TIM_PWM_Stop                         0x0800a2b9   Thumb Code   360  stm32f3xx_hal_tim.o(.text)
    HAL_TIM_PWM_Start_IT                     0x0800a421   Thumb Code   680  stm32f3xx_hal_tim.o(.text)
    HAL_TIM_PWM_Stop_IT                      0x0800a6c9   Thumb Code   474  stm32f3xx_hal_tim.o(.text)
    HAL_TIM_PWM_Start_DMA                    0x0800a8a5   Thumb Code  1142  stm32f3xx_hal_tim.o(.text)
    HAL_TIM_PWM_Stop_DMA                     0x0800ad1d   Thumb Code   506  stm32f3xx_hal_tim.o(.text)
    HAL_TIM_IC_Init                          0x0800af19   Thumb Code   168  stm32f3xx_hal_tim.o(.text)
    HAL_TIM_IC_MspInit                       0x0800afc1   Thumb Code     8  stm32f3xx_hal_tim.o(.text)
    HAL_TIM_IC_DeInit                        0x0800afc9   Thumb Code   178  stm32f3xx_hal_tim.o(.text)
    HAL_TIM_IC_MspDeInit                     0x0800b07d   Thumb Code     8  stm32f3xx_hal_tim.o(.text)
    HAL_TIM_IC_Start                         0x0800b085   Thumb Code   628  stm32f3xx_hal_tim.o(.text)
    HAL_TIM_IC_Stop                          0x0800b2f9   Thumb Code   286  stm32f3xx_hal_tim.o(.text)
    HAL_TIM_IC_Start_IT                      0x0800b419   Thumb Code   740  stm32f3xx_hal_tim.o(.text)
    HAL_TIM_IC_Stop_IT                       0x0800b6fd   Thumb Code   400  stm32f3xx_hal_tim.o(.text)
    HAL_TIM_IC_Start_DMA                     0x0800b88d   Thumb Code  1080  stm32f3xx_hal_tim.o(.text)
    TIM_DMACaptureCplt                       0x0800bcc5   Thumb Code   212  stm32f3xx_hal_tim.o(.text)
    TIM_DMACaptureHalfCplt                   0x0800bd99   Thumb Code   116  stm32f3xx_hal_tim.o(.text)
    HAL_TIM_IC_Stop_DMA                      0x0800be0d   Thumb Code   430  stm32f3xx_hal_tim.o(.text)
    HAL_TIM_OnePulse_Init                    0x0800bfbd   Thumb Code   144  stm32f3xx_hal_tim.o(.text)
    HAL_TIM_OnePulse_MspInit                 0x0800c04d   Thumb Code     8  stm32f3xx_hal_tim.o(.text)
    HAL_TIM_OnePulse_DeInit                  0x0800c055   Thumb Code   128  stm32f3xx_hal_tim.o(.text)
    HAL_TIM_OnePulse_MspDeInit               0x0800c0d5   Thumb Code     8  stm32f3xx_hal_tim.o(.text)
    HAL_TIM_OnePulse_Start                   0x0800c0dd   Thumb Code   276  stm32f3xx_hal_tim.o(.text)
    HAL_TIM_OnePulse_Stop                    0x0800c1f1   Thumb Code   270  stm32f3xx_hal_tim.o(.text)
    HAL_TIM_OnePulse_Start_IT                0x0800c301   Thumb Code   300  stm32f3xx_hal_tim.o(.text)
    HAL_TIM_OnePulse_Stop_IT                 0x0800c42d   Thumb Code   294  stm32f3xx_hal_tim.o(.text)
    HAL_TIM_Encoder_Init                     0x0800c555   Thumb Code   308  stm32f3xx_hal_tim.o(.text)
    HAL_TIM_Encoder_MspInit                  0x0800c689   Thumb Code     8  stm32f3xx_hal_tim.o(.text)
    HAL_TIM_Encoder_DeInit                   0x0800c691   Thumb Code   128  stm32f3xx_hal_tim.o(.text)
    HAL_TIM_Encoder_MspDeInit                0x0800c711   Thumb Code     8  stm32f3xx_hal_tim.o(.text)
    HAL_TIM_Encoder_Start                    0x0800c719   Thumb Code   334  stm32f3xx_hal_tim.o(.text)
    HAL_TIM_Encoder_Stop                     0x0800c869   Thumb Code   390  stm32f3xx_hal_tim.o(.text)
    HAL_TIM_Encoder_Start_IT                 0x0800c9f1   Thumb Code   382  stm32f3xx_hal_tim.o(.text)
    HAL_TIM_Encoder_Stop_IT                  0x0800cb71   Thumb Code   438  stm32f3xx_hal_tim.o(.text)
    HAL_TIM_Encoder_Start_DMA                0x0800cd29   Thumb Code   896  stm32f3xx_hal_tim.o(.text)
    HAL_TIM_Encoder_Stop_DMA                 0x0800d0a9   Thumb Code   470  stm32f3xx_hal_tim.o(.text)
    HAL_TIM_IRQHandler                       0x0800d281   Thumb Code   580  stm32f3xx_hal_tim.o(.text)
    HAL_TIM_IC_CaptureCallback               0x0800d4c5   Thumb Code     8  stm32f3xx_hal_tim.o(.text)
    HAL_TIM_OC_DelayElapsedCallback          0x0800d4cd   Thumb Code     8  stm32f3xx_hal_tim.o(.text)
    HAL_TIM_PWM_PulseFinishedCallback        0x0800d4d5   Thumb Code     8  stm32f3xx_hal_tim.o(.text)
    HAL_TIM_PeriodElapsedCallback            0x0800d4dd   Thumb Code     8  stm32f3xx_hal_tim.o(.text)
    HAL_TIM_TriggerCallback                  0x0800d4e5   Thumb Code     8  stm32f3xx_hal_tim.o(.text)
    HAL_TIM_OC_ConfigChannel                 0x0800d4ed   Thumb Code   196  stm32f3xx_hal_tim.o(.text)
    TIM_OC2_SetConfig                        0x0800d6e5   Thumb Code   336  stm32f3xx_hal_tim.o(.text)
    HAL_TIM_IC_ConfigChannel                 0x0800dbd9   Thumb Code   304  stm32f3xx_hal_tim.o(.text)
    TIM_TI1_SetConfig                        0x0800dd09   Thumb Code   220  stm32f3xx_hal_tim.o(.text)
    HAL_TIM_PWM_ConfigChannel                0x0800df29   Thumb Code   432  stm32f3xx_hal_tim.o(.text)
    HAL_TIM_OnePulse_ConfigChannel           0x0800e0d9   Thumb Code   406  stm32f3xx_hal_tim.o(.text)
    HAL_TIM_DMABurst_WriteStart              0x0800e271   Thumb Code    62  stm32f3xx_hal_tim.o(.text)
    HAL_TIM_DMABurst_MultiWriteStart         0x0800e2b1   Thumb Code   736  stm32f3xx_hal_tim.o(.text)
    HAL_TIM_DMABurst_WriteStop               0x0800e5d5   Thumb Code   202  stm32f3xx_hal_tim.o(.text)
    HAL_TIM_DMABurst_ReadStart               0x0800e6a1   Thumb Code    62  stm32f3xx_hal_tim.o(.text)
    HAL_TIM_DMABurst_MultiReadStart          0x0800e6e1   Thumb Code   736  stm32f3xx_hal_tim.o(.text)
    HAL_TIM_DMABurst_ReadStop                0x0800e9c1   Thumb Code   202  stm32f3xx_hal_tim.o(.text)
    HAL_TIM_GenerateEvent                    0x0800ea8d   Thumb Code    92  stm32f3xx_hal_tim.o(.text)
    HAL_TIM_ConfigOCrefClear                 0x0800eae9   Thumb Code   508  stm32f3xx_hal_tim.o(.text)
    TIM_ETR_SetConfig                        0x0800ece5   Thumb Code    52  stm32f3xx_hal_tim.o(.text)
    HAL_TIM_ConfigClockSource                0x0800ed19   Thumb Code   394  stm32f3xx_hal_tim.o(.text)
    HAL_TIM_ConfigTI1Input                   0x0800ef75   Thumb Code    44  stm32f3xx_hal_tim.o(.text)
    HAL_TIM_SlaveConfigSynchro               0x0800efa1   Thumb Code   150  stm32f3xx_hal_tim.o(.text)
    HAL_TIM_SlaveConfigSynchro_IT            0x0800f169   Thumb Code   150  stm32f3xx_hal_tim.o(.text)
    HAL_TIM_ReadCapturedValue                0x0800f201   Thumb Code    86  stm32f3xx_hal_tim.o(.text)
    HAL_TIM_PeriodElapsedHalfCpltCallback    0x0800f259   Thumb Code     8  stm32f3xx_hal_tim.o(.text)
    HAL_TIM_IC_CaptureHalfCpltCallback       0x0800f261   Thumb Code     8  stm32f3xx_hal_tim.o(.text)
    HAL_TIM_PWM_PulseFinishedHalfCpltCallback 0x0800f269   Thumb Code     8  stm32f3xx_hal_tim.o(.text)
    HAL_TIM_TriggerHalfCpltCallback          0x0800f271   Thumb Code     8  stm32f3xx_hal_tim.o(.text)
    HAL_TIM_ErrorCallback                    0x0800f279   Thumb Code     8  stm32f3xx_hal_tim.o(.text)
    HAL_TIM_Base_GetState                    0x0800f281   Thumb Code    14  stm32f3xx_hal_tim.o(.text)
    HAL_TIM_OC_GetState                      0x0800f291   Thumb Code    14  stm32f3xx_hal_tim.o(.text)
    HAL_TIM_PWM_GetState                     0x0800f2a1   Thumb Code    14  stm32f3xx_hal_tim.o(.text)
    HAL_TIM_IC_GetState                      0x0800f2b1   Thumb Code    14  stm32f3xx_hal_tim.o(.text)
    HAL_TIM_OnePulse_GetState                0x0800f2c1   Thumb Code    14  stm32f3xx_hal_tim.o(.text)
    HAL_TIM_Encoder_GetState                 0x0800f2d1   Thumb Code    14  stm32f3xx_hal_tim.o(.text)
    HAL_TIM_GetActiveChannel                 0x0800f2e1   Thumb Code    12  stm32f3xx_hal_tim.o(.text)
    HAL_TIM_GetChannelState                  0x0800f2ed   Thumb Code   142  stm32f3xx_hal_tim.o(.text)
    HAL_TIM_DMABurstState                    0x0800f37d   Thumb Code    14  stm32f3xx_hal_tim.o(.text)
    HAL_TIMEx_HallSensor_Init                0x0800f38d   Thumb Code   286  stm32f3xx_hal_tim_ex.o(.text)
    HAL_TIMEx_HallSensor_MspInit             0x0800f4ad   Thumb Code     8  stm32f3xx_hal_tim_ex.o(.text)
    HAL_TIMEx_HallSensor_DeInit              0x0800f4b5   Thumb Code   128  stm32f3xx_hal_tim_ex.o(.text)
    HAL_TIMEx_HallSensor_MspDeInit           0x0800f535   Thumb Code     8  stm32f3xx_hal_tim_ex.o(.text)
    HAL_TIMEx_HallSensor_Start               0x0800f53d   Thumb Code   296  stm32f3xx_hal_tim_ex.o(.text)
    HAL_TIMEx_HallSensor_Stop                0x0800f665   Thumb Code   102  stm32f3xx_hal_tim_ex.o(.text)
    HAL_TIMEx_HallSensor_Start_IT            0x0800f6cd   Thumb Code   308  stm32f3xx_hal_tim_ex.o(.text)
    HAL_TIMEx_HallSensor_Stop_IT             0x0800f801   Thumb Code   114  stm32f3xx_hal_tim_ex.o(.text)
    HAL_TIMEx_HallSensor_Start_DMA           0x0800f875   Thumb Code   390  stm32f3xx_hal_tim_ex.o(.text)
    HAL_TIMEx_HallSensor_Stop_DMA            0x0800f9fd   Thumb Code   110  stm32f3xx_hal_tim_ex.o(.text)
    HAL_TIMEx_OCN_Start                      0x0800fa6d   Thumb Code   364  stm32f3xx_hal_tim_ex.o(.text)
    HAL_TIMEx_OCN_Stop                       0x0800fc11   Thumb Code   208  stm32f3xx_hal_tim_ex.o(.text)
    HAL_TIMEx_OCN_Start_IT                   0x0800fce1   Thumb Code   470  stm32f3xx_hal_tim_ex.o(.text)
    HAL_TIMEx_OCN_Stop_IT                    0x0800feb9   Thumb Code   338  stm32f3xx_hal_tim_ex.o(.text)
    HAL_TIMEx_OCN_Start_DMA                  0x0801000d   Thumb Code   798  stm32f3xx_hal_tim_ex.o(.text)
    HAL_TIMEx_OCN_Stop_DMA                   0x08010435   Thumb Code   326  stm32f3xx_hal_tim_ex.o(.text)
    HAL_TIMEx_PWMN_Start                     0x0801057d   Thumb Code   364  stm32f3xx_hal_tim_ex.o(.text)
    HAL_TIMEx_PWMN_Stop                      0x080106e9   Thumb Code   208  stm32f3xx_hal_tim_ex.o(.text)
    HAL_TIMEx_PWMN_Start_IT                  0x080107b9   Thumb Code   470  stm32f3xx_hal_tim_ex.o(.text)
    HAL_TIMEx_PWMN_Stop_IT                   0x08010991   Thumb Code   338  stm32f3xx_hal_tim_ex.o(.text)
    HAL_TIMEx_PWMN_Start_DMA                 0x08010ae5   Thumb Code   798  stm32f3xx_hal_tim_ex.o(.text)
    HAL_TIMEx_PWMN_Stop_DMA                  0x08010e05   Thumb Code   326  stm32f3xx_hal_tim_ex.o(.text)
    HAL_TIMEx_OnePulseN_Start                0x08010f4d   Thumb Code   186  stm32f3xx_hal_tim_ex.o(.text)
    HAL_TIMEx_OnePulseN_Stop                 0x08011009   Thumb Code   182  stm32f3xx_hal_tim_ex.o(.text)
    HAL_TIMEx_OnePulseN_Start_IT             0x080110c1   Thumb Code   210  stm32f3xx_hal_tim_ex.o(.text)
    HAL_TIMEx_OnePulseN_Stop_IT              0x08011195   Thumb Code   206  stm32f3xx_hal_tim_ex.o(.text)
    HAL_TIMEx_ConfigCommutEvent              0x08011265   Thumb Code   186  stm32f3xx_hal_tim_ex.o(.text)
    HAL_TIMEx_ConfigCommutEvent_IT           0x08011321   Thumb Code   186  stm32f3xx_hal_tim_ex.o(.text)
    HAL_TIMEx_ConfigCommutEvent_DMA          0x080113dd   Thumb Code   228  stm32f3xx_hal_tim_ex.o(.text)
    TIMEx_DMACommutationCplt                 0x080114c1   Thumb Code    30  stm32f3xx_hal_tim_ex.o(.text)
    TIMEx_DMACommutationHalfCplt             0x080114e1   Thumb Code    30  stm32f3xx_hal_tim_ex.o(.text)
    HAL_TIMEx_MasterConfigSynchronization    0x08011501   Thumb Code   276  stm32f3xx_hal_tim_ex.o(.text)
    HAL_TIMEx_ConfigBreakDeadTime            0x08011615   Thumb Code   258  stm32f3xx_hal_tim_ex.o(.text)
    HAL_TIMEx_RemapConfig                    0x08011719   Thumb Code    76  stm32f3xx_hal_tim_ex.o(.text)
    HAL_TIMEx_GroupChannel5                  0x08011765   Thumb Code   108  stm32f3xx_hal_tim_ex.o(.text)
    HAL_TIMEx_CommutCallback                 0x080117d1   Thumb Code     8  stm32f3xx_hal_tim_ex.o(.text)
    HAL_TIMEx_CommutHalfCpltCallback         0x080117d9   Thumb Code     8  stm32f3xx_hal_tim_ex.o(.text)
    HAL_TIMEx_BreakCallback                  0x080117e1   Thumb Code     8  stm32f3xx_hal_tim_ex.o(.text)
    HAL_TIMEx_Break2Callback                 0x080117e9   Thumb Code     8  stm32f3xx_hal_tim_ex.o(.text)
    HAL_TIMEx_HallSensor_GetState            0x080117f1   Thumb Code    14  stm32f3xx_hal_tim_ex.o(.text)
    HAL_TIMEx_GetChannelNState               0x08011801   Thumb Code    94  stm32f3xx_hal_tim_ex.o(.text)
    HAL_UART_Init                            0x08011861   Thumb Code   166  stm32f3xx_hal_uart.o(.text)
    UART_AdvFeatureConfig                    0x08011911   Thumb Code   328  stm32f3xx_hal_uart.o(.text)
    UART_SetConfig                           0x08011a59   Thumb Code  1020  stm32f3xx_hal_uart.o(.text)
    UART_CheckIdleState                      0x08011e55   Thumb Code   322  stm32f3xx_hal_uart.o(.text)
    HAL_HalfDuplex_Init                      0x08011f99   Thumb Code   166  stm32f3xx_hal_uart.o(.text)
    HAL_LIN_Init                             0x08012041   Thumb Code   224  stm32f3xx_hal_uart.o(.text)
    HAL_MultiProcessor_Init                  0x08012121   Thumb Code   216  stm32f3xx_hal_uart.o(.text)
    HAL_UART_DeInit                          0x080121f9   Thumb Code   120  stm32f3xx_hal_uart.o(.text)
    HAL_UART_Transmit                        0x08012279   Thumb Code   302  stm32f3xx_hal_uart.o(.text)
    UART_WaitOnFlagUntilTimeout              0x080123a9   Thumb Code   268  stm32f3xx_hal_uart.o(.text)
    HAL_UART_Receive                         0x080124b5   Thumb Code   394  stm32f3xx_hal_uart.o(.text)
    HAL_UART_Transmit_IT                     0x08012641   Thumb Code   196  stm32f3xx_hal_uart.o(.text)
    HAL_UART_Receive_IT                      0x08012829   Thumb Code   140  stm32f3xx_hal_uart.o(.text)
    UART_Start_Receive_IT                    0x080128b5   Thumb Code   336  stm32f3xx_hal_uart.o(.text)
    HAL_UART_Transmit_DMA                    0x08012a05   Thumb Code   258  stm32f3xx_hal_uart.o(.text)
    HAL_UART_Receive_DMA                     0x08012c19   Thumb Code   140  stm32f3xx_hal_uart.o(.text)
    UART_Start_Receive_DMA                   0x08012ca5   Thumb Code   290  stm32f3xx_hal_uart.o(.text)
    HAL_UART_DMAPause                        0x08012dc9   Thumb Code   224  stm32f3xx_hal_uart.o(.text)
    HAL_UART_DMAResume                       0x08012ea9   Thumb Code   206  stm32f3xx_hal_uart.o(.text)
    HAL_UART_DMAStop                         0x08012f79   Thumb Code   280  stm32f3xx_hal_uart.o(.text)
    HAL_UART_Abort                           0x0801315d   Thumb Code   434  stm32f3xx_hal_uart.o(.text)
    HAL_UART_AbortTransmit                   0x08013311   Thumb Code   188  stm32f3xx_hal_uart.o(.text)
    HAL_UART_AbortReceive                    0x080133cd   Thumb Code   302  stm32f3xx_hal_uart.o(.text)
    HAL_UART_Abort_IT                        0x080134fd   Thumb Code   510  stm32f3xx_hal_uart.o(.text)
    HAL_UART_AbortCpltCallback               0x080137d1   Thumb Code     8  stm32f3xx_hal_uart.o(.text)
    HAL_UART_AbortTransmit_IT                0x080137d9   Thumb Code   202  stm32f3xx_hal_uart.o(.text)
    HAL_UART_AbortTransmitCpltCallback       0x080138c9   Thumb Code     8  stm32f3xx_hal_uart.o(.text)
    HAL_UART_AbortReceive_IT                 0x080138d1   Thumb Code   330  stm32f3xx_hal_uart.o(.text)
    HAL_UART_AbortReceiveCpltCallback        0x08013a5d   Thumb Code     8  stm32f3xx_hal_uart.o(.text)
    HAL_UART_IRQHandler                      0x08013a65   Thumb Code  1244  stm32f3xx_hal_uart.o(.text)
    HAL_UART_ErrorCallback                   0x08013f65   Thumb Code     8  stm32f3xx_hal_uart.o(.text)
    HAL_UARTEx_RxEventCallback               0x08013f6d   Thumb Code    12  stm32f3xx_hal_uart.o(.text)
    HAL_UART_TxCpltCallback                  0x08013fbd   Thumb Code     8  stm32f3xx_hal_uart.o(.text)
    HAL_UART_TxHalfCpltCallback              0x08013fc5   Thumb Code     8  stm32f3xx_hal_uart.o(.text)
    HAL_UART_RxCpltCallback                  0x08013fcd   Thumb Code     8  stm32f3xx_hal_uart.o(.text)
    HAL_UART_RxHalfCpltCallback              0x08013fd5   Thumb Code     8  stm32f3xx_hal_uart.o(.text)
    HAL_UART_ReceiverTimeout_Config          0x08013fdd   Thumb Code    30  stm32f3xx_hal_uart.o(.text)
    HAL_UART_EnableReceiverTimeout           0x08013ffd   Thumb Code   108  stm32f3xx_hal_uart.o(.text)
    HAL_UART_DisableReceiverTimeout          0x08014069   Thumb Code   108  stm32f3xx_hal_uart.o(.text)
    HAL_MultiProcessor_EnableMuteMode        0x080140d5   Thumb Code   110  stm32f3xx_hal_uart.o(.text)
    HAL_MultiProcessor_DisableMuteMode       0x08014145   Thumb Code   110  stm32f3xx_hal_uart.o(.text)
    HAL_MultiProcessor_EnterMuteMode         0x080141b5   Thumb Code    20  stm32f3xx_hal_uart.o(.text)
    HAL_HalfDuplex_EnableTransmitter         0x080141c9   Thumb Code   154  stm32f3xx_hal_uart.o(.text)
    HAL_HalfDuplex_EnableReceiver            0x08014265   Thumb Code   154  stm32f3xx_hal_uart.o(.text)
    HAL_LIN_SendBreak                        0x08014301   Thumb Code    90  stm32f3xx_hal_uart.o(.text)
    HAL_UART_GetState                        0x0801435d   Thumb Code    28  stm32f3xx_hal_uart.o(.text)
    HAL_UART_GetError                        0x08014379   Thumb Code    14  stm32f3xx_hal_uart.o(.text)
    HAL_RS485Ex_Init                         0x08014791   Thumb Code   204  stm32f3xx_hal_uart_ex.o(.text)
    HAL_UARTEx_WakeupCallback                0x0801485d   Thumb Code     8  stm32f3xx_hal_uart_ex.o(.text)
    HAL_MultiProcessorEx_AddressLength_Set   0x08014865   Thumb Code    92  stm32f3xx_hal_uart_ex.o(.text)
    HAL_UARTEx_StopModeWakeUpSourceConfig    0x080148c1   Thumb Code   196  stm32f3xx_hal_uart_ex.o(.text)
    HAL_UARTEx_EnableStopMode                0x080149c1   Thumb Code   104  stm32f3xx_hal_uart_ex.o(.text)
    HAL_UARTEx_DisableStopMode               0x08014a29   Thumb Code   104  stm32f3xx_hal_uart_ex.o(.text)
    HAL_UARTEx_ReceiveToIdle                 0x08014a91   Thumb Code   516  stm32f3xx_hal_uart_ex.o(.text)
    HAL_UARTEx_ReceiveToIdle_IT              0x08014c95   Thumb Code   168  stm32f3xx_hal_uart_ex.o(.text)
    HAL_UARTEx_ReceiveToIdle_DMA             0x08014d3d   Thumb Code   176  stm32f3xx_hal_uart_ex.o(.text)
    HAL_UARTEx_GetRxEventType                0x08014ded   Thumb Code    12  stm32f3xx_hal_uart_ex.o(.text)
    SystemInit                               0x08014df9   Thumb Code    18  system_stm32f3xx.o(.text)
    SystemCoreClockUpdate                    0x08014e0d   Thumb Code   272  system_stm32f3xx.o(.text)
    Delay_us                                 0x08014f1d   Thumb Code    84  delay.o(.text)
    Delay_ms                                 0x08014f71   Thumb Code    32  delay.o(.text)
    Delay_s                                  0x08014f91   Thumb Code    32  delay.o(.text)
    Key_Init                                 0x08014fb1   Thumb Code    68  key.o(.text)
    Key_GetNum                               0x08014ff5   Thumb Code    66  key.o(.text)
    Key_GetState                             0x08015039   Thumb Code    48  key.o(.text)
    Key_Kick                                 0x08015069   Thumb Code   118  key.o(.text)
    NRF24L01_W_CE                            0x080150e1   Thumb Code    26  nrf24l01.o(.text)
    NRF24L01_W_CSN                           0x080150fd   Thumb Code    26  nrf24l01.o(.text)
    NRF24L01_W_SCK                           0x08015119   Thumb Code    26  nrf24l01.o(.text)
    NRF24L01_W_MOSI                          0x08015135   Thumb Code    26  nrf24l01.o(.text)
    NRF24L01_R_MISO                          0x08015151   Thumb Code    14  nrf24l01.o(.text)
    NRF24L01_GPIO_Init                       0x08015161   Thumb Code   114  nrf24l01.o(.text)
    NRF24L01_SPI_SwapByte                    0x080151d5   Thumb Code   160  nrf24l01.o(.text)
    NRF24L01_ReadReg                         0x08015275   Thumb Code    46  nrf24l01.o(.text)
    NRF24L01_ReadRegs                        0x080152a5   Thumb Code    90  nrf24l01.o(.text)
    NRF24L01_WriteReg                        0x08015301   Thumb Code    48  nrf24l01.o(.text)
    NRF24L01_WriteRegs                       0x08015331   Thumb Code    92  nrf24l01.o(.text)
    NRF24L01_ReadRxPayload                   0x0801538d   Thumb Code    84  nrf24l01.o(.text)
    NRF24L01_WriteTxPayload                  0x080153e1   Thumb Code    82  nrf24l01.o(.text)
    NRF24L01_FlushTx                         0x08015435   Thumb Code    22  nrf24l01.o(.text)
    NRF24L01_FlushRx                         0x0801544d   Thumb Code    22  nrf24l01.o(.text)
    NRF24L01_ReadStatus                      0x08015465   Thumb Code    34  nrf24l01.o(.text)
    NRF24L01_PowerDown                       0x08015489   Thumb Code    62  nrf24l01.o(.text)
    NRF24L01_StandbyI                        0x080154c9   Thumb Code    62  nrf24l01.o(.text)
    NRF24L01_Rx                              0x08015509   Thumb Code    68  nrf24l01.o(.text)
    NRF24L01_Tx                              0x0801554d   Thumb Code    80  nrf24l01.o(.text)
    NRF24L01_Init                            0x0801559d   Thumb Code   120  nrf24l01.o(.text)
    NRF24L01_Send                            0x08015615   Thumb Code   208  nrf24l01.o(.text)
    NRF24L01_Receive                         0x080156e5   Thumb Code   138  nrf24l01.o(.text)
    NRF24L01_UpdateRxAddress                 0x08015771   Thumb Code    20  nrf24l01.o(.text)
    OLED_W_SCL                               0x08015789   Thumb Code    38  oled.o(.text)
    OLED_W_SDA                               0x080157b1   Thumb Code    38  oled.o(.text)
    OLED_I2C_Init                            0x080157d9   Thumb Code    98  oled.o(.text)
    OLED_I2C_Start                           0x0801583d   Thumb Code    36  oled.o(.text)
    OLED_I2C_Stop                            0x08015861   Thumb Code    28  oled.o(.text)
    OLED_I2C_SendByte                        0x0801587d   Thumb Code    86  oled.o(.text)
    OLED_WriteCommand                        0x080158d5   Thumb Code    40  oled.o(.text)
    OLED_WriteData                           0x080158fd   Thumb Code    40  oled.o(.text)
    OLED_SetCursor                           0x08015925   Thumb Code    52  oled.o(.text)
    OLED_Clear                               0x08015959   Thumb Code    90  oled.o(.text)
    OLED_ShowChar                            0x080159b5   Thumb Code   220  oled.o(.text)
    OLED_ShowString                          0x08015a91   Thumb Code    76  oled.o(.text)
    OLED_Pow                                 0x08015add   Thumb Code    38  oled.o(.text)
    OLED_ShowNum                             0x08015b05   Thumb Code   138  oled.o(.text)
    OLED_ShowSignedNum                       0x08015b91   Thumb Code   190  oled.o(.text)
    OLED_ShowHexNum                          0x08015c51   Thumb Code   166  oled.o(.text)
    OLED_ShowFloatNum                        0x08015cf9   Thumb Code   328  oled.o(.text)
    OLED_ShowBinNum                          0x08015e49   Thumb Code   118  oled.o(.text)
    OLED_Init                                0x08015ec1   Thumb Code   206  oled.o(.text)
    __aeabi_uldivmod                         0x08015f8f   Thumb Code    98  uldiv.o(.text)
    __aeabi_memset                           0x08015ff1   Thumb Code    14  memseta.o(.text)
    __aeabi_memset4                          0x08015ff1   Thumb Code     0  memseta.o(.text)
    __aeabi_memset8                          0x08015ff1   Thumb Code     0  memseta.o(.text)
    __aeabi_memclr                           0x08015fff   Thumb Code     4  memseta.o(.text)
    __aeabi_memclr4                          0x08015fff   Thumb Code     0  memseta.o(.text)
    __aeabi_memclr8                          0x08015fff   Thumb Code     0  memseta.o(.text)
    _memset$wrapper                          0x08016003   Thumb Code    18  memseta.o(.text)
    __aeabi_dadd                             0x08016015   Thumb Code   322  dadd.o(.text)
    __aeabi_dsub                             0x08016157   Thumb Code     6  dadd.o(.text)
    __aeabi_drsub                            0x0801615d   Thumb Code     6  dadd.o(.text)
    __aeabi_dmul                             0x08016163   Thumb Code   228  dmul.o(.text)
    __aeabi_dcmplt                           0x08016247   Thumb Code    54  dcmplt.o(.text)
    __aeabi_ui2d                             0x0801627d   Thumb Code    26  dfltui.o(.text)
    __aeabi_d2uiz                            0x08016297   Thumb Code    50  dfixui.o(.text)
    __aeabi_uidiv                            0x080162c9   Thumb Code     0  uidiv.o(.text)
    __aeabi_uidivmod                         0x080162c9   Thumb Code    44  uidiv.o(.text)
    __aeabi_llsl                             0x080162f5   Thumb Code    30  llshl.o(.text)
    _ll_shift_l                              0x080162f5   Thumb Code     0  llshl.o(.text)
    __aeabi_llsr                             0x08016313   Thumb Code    32  llushr.o(.text)
    _ll_ushift_r                             0x08016313   Thumb Code     0  llushr.o(.text)
    __aeabi_lasr                             0x08016333   Thumb Code    36  llsshr.o(.text)
    _ll_sshift_r                             0x08016333   Thumb Code     0  llsshr.o(.text)
    __I$use$fp                               0x08016357   Thumb Code     0  iusefp.o(.text)
    _double_round                            0x08016357   Thumb Code    30  depilogue.o(.text)
    _double_epilogue                         0x08016375   Thumb Code   156  depilogue.o(.text)
    __aeabi_ddiv                             0x08016411   Thumb Code   222  ddiv.o(.text)
    __aeabi_d2ulz                            0x080164ef   Thumb Code    48  dfixul.o(.text)
    __aeabi_cdrcmple                         0x08016521   Thumb Code    48  cdrcmple.o(.text)
    __scatterload                            0x08016551   Thumb Code    38  init.o(.text)
    __scatterload_rt2                        0x08016551   Thumb Code     0  init.o(.text)
    __0printf                                0x08016581   Thumb Code    22  printfa.o(i.__0printf)
    __1printf                                0x08016581   Thumb Code     0  printfa.o(i.__0printf)
    __2printf                                0x08016581   Thumb Code     0  printfa.o(i.__0printf)
    __c89printf                              0x08016581   Thumb Code     0  printfa.o(i.__0printf)
    printf                                   0x08016581   Thumb Code     0  printfa.o(i.__0printf)
    __scatterload_copy                       0x080165a1   Thumb Code    14  handlers.o(i.__scatterload_copy)
    __scatterload_null                       0x080165af   Thumb Code     2  handlers.o(i.__scatterload_null)
    __scatterload_zeroinit                   0x080165b1   Thumb Code    14  handlers.o(i.__scatterload_zeroinit)
    AHBPrescTable                            0x08016e72   Data          16  system_stm32f3xx.o(.rodata.AHBPrescTable)
    APBPrescTable                            0x08016e82   Data           8  system_stm32f3xx.o(.rodata.APBPrescTable)
    OLED_F8x16                               0x08016eaa   Data        1520  oled.o(.rodata.OLED_F8x16)
    Region$$Table$$Base                      0x080174f4   Number         0  anon$$obj.o(Region$$Table)
    Region$$Table$$Limit                     0x08017514   Number         0  anon$$obj.o(Region$$Table)
    __stdout                                 0x20000000   Data           4  stdout.o(.data)
    NRF24L01_RxAddress                       0x20000004   Data           5  nrf24l01.o(.data.NRF24L01_RxAddress)
    NRF24L01_TxAddress                       0x20000009   Data           5  nrf24l01.o(.data.NRF24L01_TxAddress)
    SystemCoreClock                          0x20000010   Data           4  system_stm32f3xx.o(.data.SystemCoreClock)
    current_dma_buffer                       0x20000014   Data           4  voice_send.o(.data.current_dma_buffer)
    uwTickFreq                               0x20000018   Data           1  stm32f3xx_hal.o(.data.uwTickFreq)
    uwTickPrio                               0x2000001c   Data           4  stm32f3xx_hal.o(.data.uwTickPrio)
    NRF24L01_RxPacket                        0x2000002b   Data          32  nrf24l01.o(.bss.NRF24L01_RxPacket)
    NRF24L01_TxPacket                        0x2000004b   Data          32  nrf24l01.o(.bss.NRF24L01_TxPacket)
    arr1                                     0x2000006c   Data         512  voice_send.o(.bss.arr1)
    arr2                                     0x2000026c   Data         512  voice_send.o(.bss.arr2)
    buffer_ready                             0x2000046c   Data           1  voice_send.o(.bss.buffer_ready)
    current_rx_state                         0x2000046d   Data           1  voice_recieve.o(.bss.current_rx_state)
    dac_buffer                               0x2000046e   Data        1024  voice_recieve.o(.bss.dac_buffer)
    hadc1                                    0x20000870   Data          80  adc.o(.bss.hadc1)
    hdac                                     0x200008c0   Data          20  dac.o(.bss.hdac)
    hdma_adc1                                0x200008d4   Data          68  adc.o(.bss.hdma_adc1)
    hdma_dac_ch1                             0x20000918   Data          68  dac.o(.bss.hdma_dac_ch1)
    htim2                                    0x2000095c   Data          76  tim.o(.bss.htim2)
    htim3                                    0x200009a8   Data          76  tim.o(.bss.htim3)
    htim4                                    0x200009f4   Data          76  tim.o(.bss.htim4)
    huart1                                   0x20000a40   Data         136  usart.o(.bss.huart1)
    keynum                                   0x20000ec9   Data           1  key.o(.bss.keynum)
    packets_remaining                        0x20000eca   Data           1  voice_send.o(.bss.packets_remaining)
    ready_buffer                             0x20000ed4   Data           4  voice_send.o(.bss.ready_buffer)
    sample_read_index                        0x20000eda   Data           2  voice_send.o(.bss.sample_read_index)
    state                                    0x20000ede   Data           2  main.o(.bss.state)
    uwTick                                   0x20000ee0   Data           4  stm32f3xx_hal.o(.bss.uwTick)
    __initial_sp                             0x200012e8   Data           0  startup_stm32f302xc.o(STACK)



==============================================================================

Memory Map of the image

  Image Entry point : 0x08000189

  Load Region LR_IROM1 (Base: 0x08000000, Size: 0x00017538, Max: 0x00020000, ABSOLUTE)

    Execution Region ER_IROM1 (Exec base: 0x08000000, Load base: 0x08000000, Size: 0x00017514, Max: 0x00020000, ABSOLUTE)

    Exec Addr    Load Addr    Size         Type   Attr      Idx    E Section Name        Object

    0x08000000   0x08000000   0x00000188   Data   RO            3    RESET               startup_stm32f302xc.o
    0x08000188   0x08000188   0x00000000   Code   RO          321  * .ARM.Collect$$$$00000000  mc_w.l(entry.o)
    0x08000188   0x08000188   0x00000004   Code   RO          366    .ARM.Collect$$$$00000001  mc_w.l(entry2.o)
    0x0800018c   0x0800018c   0x00000004   Code   RO          369    .ARM.Collect$$$$00000004  mc_w.l(entry5.o)
    0x08000190   0x08000190   0x00000000   Code   RO          371    .ARM.Collect$$$$00000008  mc_w.l(entry7b.o)
    0x08000190   0x08000190   0x00000000   Code   RO          373    .ARM.Collect$$$$0000000A  mc_w.l(entry8b.o)
    0x08000190   0x08000190   0x00000008   Code   RO          374    .ARM.Collect$$$$0000000B  mc_w.l(entry9a.o)
    0x08000198   0x08000198   0x00000000   Code   RO          376    .ARM.Collect$$$$0000000D  mc_w.l(entry10a.o)
    0x08000198   0x08000198   0x00000000   Code   RO          378    .ARM.Collect$$$$0000000F  mc_w.l(entry11a.o)
    0x08000198   0x08000198   0x00000004   Code   RO          367    .ARM.Collect$$$$00002712  mc_w.l(entry2.o)
    0x0800019c   0x0800019c   0x00000024   Code   RO            4    .text               startup_stm32f302xc.o
    0x080001c0   0x080001c0   0x00000392   Code   RO           10    .text               voice_recieve.o
    0x08000552   0x08000552   0x00000002   PAD
    0x08000554   0x08000554   0x00000350   Code   RO           28    .text               voice_send.o
    0x080008a4   0x080008a4   0x00000226   Code   RO           46    .text               main.o
    0x08000aca   0x08000aca   0x00000002   PAD
    0x08000acc   0x08000acc   0x000000fc   Code   RO           56    .text               gpio.o
    0x08000bc8   0x08000bc8   0x000001ae   Code   RO           63    .text               adc.o
    0x08000d76   0x08000d76   0x00000002   PAD
    0x08000d78   0x08000d78   0x00000174   Code   RO           72    .text               dac.o
    0x08000eec   0x08000eec   0x0000004c   Code   RO           81    .text               dma.o
    0x08000f38   0x08000f38   0x000002ba   Code   RO           88    .text               tim.o
    0x080011f2   0x080011f2   0x00000002   PAD
    0x080011f4   0x080011f4   0x00000106   Code   RO           98    .text               usart.o
    0x080012fa   0x080012fa   0x00000002   PAD
    0x080012fc   0x080012fc   0x0000005c   Code   RO          106    .text               stm32f3xx_it.o
    0x08001358   0x08001358   0x00000042   Code   RO          113    .text               stm32f3xx_hal_msp.o
    0x0800139a   0x0800139a   0x00000002   PAD
    0x0800139c   0x0800139c   0x000000f8   Code   RO          120    .text               stm32f3xx_hal_adc.o
    0x08001494   0x08001494   0x000038a2   Code   RO          127    .text               stm32f3xx_hal_adc_ex.o
    0x08004d36   0x08004d36   0x00000002   PAD
    0x08004d38   0x08004d38   0x000002ba   Code   RO          134    .text               stm32f3xx_hal.o
    0x08004ff2   0x08004ff2   0x00000002   PAD
    0x08004ff4   0x08004ff4   0x0000122a   Code   RO          144    .text               stm32f3xx_hal_rcc.o
    0x0800621e   0x0800621e   0x00000002   PAD
    0x08006220   0x08006220   0x00000a0e   Code   RO          153    .text               stm32f3xx_hal_rcc_ex.o
    0x08006c2e   0x08006c2e   0x00000002   PAD
    0x08006c30   0x08006c30   0x00000626   Code   RO          161    .text               stm32f3xx_hal_gpio.o
    0x08007256   0x08007256   0x00000002   PAD
    0x08007258   0x08007258   0x00000844   Code   RO          168    .text               stm32f3xx_hal_dma.o
    0x08007a9c   0x08007a9c   0x000005c6   Code   RO          175    .text               stm32f3xx_hal_cortex.o
    0x08008062   0x08008062   0x00000002   PAD
    0x08008064   0x08008064   0x000001c4   Code   RO          232    .text               stm32f3xx_hal_dac.o
    0x08008228   0x08008228   0x000003f0   Code   RO          239    .text               stm32f3xx_hal_dac_ex.o
    0x08008618   0x08008618   0x00006d72   Code   RO          246    .text               stm32f3xx_hal_tim.o
    0x0800f38a   0x0800f38a   0x00000002   PAD
    0x0800f38c   0x0800f38c   0x000024d2   Code   RO          253    .text               stm32f3xx_hal_tim_ex.o
    0x0801185e   0x0801185e   0x00000002   PAD
    0x08011860   0x08011860   0x00002f2e   Code   RO          260    .text               stm32f3xx_hal_uart.o
    0x0801478e   0x0801478e   0x00000002   PAD
    0x08014790   0x08014790   0x00000668   Code   RO          267    .text               stm32f3xx_hal_uart_ex.o
    0x08014df8   0x08014df8   0x00000124   Code   RO          274    .text               system_stm32f3xx.o
    0x08014f1c   0x08014f1c   0x00000094   Code   RO          284    .text               delay.o
    0x08014fb0   0x08014fb0   0x0000012e   Code   RO          291    .text               key.o
    0x080150de   0x080150de   0x00000002   PAD
    0x080150e0   0x080150e0   0x000006a4   Code   RO          302    .text               nrf24l01.o
    0x08015784   0x08015784   0x00000004   PAD
    0x08015788   0x08015788   0x00000806   Code   RO          313    .text               oled.o
    0x08015f8e   0x08015f8e   0x00000062   Code   RO          324    .text               mc_w.l(uldiv.o)
    0x08015ff0   0x08015ff0   0x00000024   Code   RO          326    .text               mc_w.l(memseta.o)
    0x08016014   0x08016014   0x0000014e   Code   RO          356    .text               mf_w.l(dadd.o)
    0x08016162   0x08016162   0x000000e4   Code   RO          358    .text               mf_w.l(dmul.o)
    0x08016246   0x08016246   0x00000036   Code   RO          360    .text               mf_w.l(dcmplt.o)
    0x0801627c   0x0801627c   0x0000001a   Code   RO          362    .text               mf_w.l(dfltui.o)
    0x08016296   0x08016296   0x00000032   Code   RO          364    .text               mf_w.l(dfixui.o)
    0x080162c8   0x080162c8   0x0000002c   Code   RO          390    .text               mc_w.l(uidiv.o)
    0x080162f4   0x080162f4   0x0000001e   Code   RO          392    .text               mc_w.l(llshl.o)
    0x08016312   0x08016312   0x00000020   Code   RO          394    .text               mc_w.l(llushr.o)
    0x08016332   0x08016332   0x00000024   Code   RO          396    .text               mc_w.l(llsshr.o)
    0x08016356   0x08016356   0x00000000   Code   RO          398    .text               mc_w.l(iusefp.o)
    0x08016356   0x08016356   0x000000ba   Code   RO          399    .text               mf_w.l(depilogue.o)
    0x08016410   0x08016410   0x000000de   Code   RO          401    .text               mf_w.l(ddiv.o)
    0x080164ee   0x080164ee   0x00000030   Code   RO          403    .text               mf_w.l(dfixul.o)
    0x0801651e   0x0801651e   0x00000002   PAD
    0x08016520   0x08016520   0x00000030   Code   RO          405    .text               mf_w.l(cdrcmple.o)
    0x08016550   0x08016550   0x00000030   Code   RO          407    .text               mc_w.l(init.o)
    0x08016580   0x08016580   0x00000020   Code   RO          329    i.__0printf         mc_w.l(printfa.o)
    0x080165a0   0x080165a0   0x0000000e   Code   RO          411    i.__scatterload_copy  mc_w.l(handlers.o)
    0x080165ae   0x080165ae   0x00000002   Code   RO          412    i.__scatterload_null  mc_w.l(handlers.o)
    0x080165b0   0x080165b0   0x0000000e   Code   RO          413    i.__scatterload_zeroinit  mc_w.l(handlers.o)
    0x080165be   0x080165be   0x00000002   PAD
    0x080165c0   0x080165c0   0x00000184   Code   RO          336    i._fp_digits        mc_w.l(printfa.o)
    0x08016744   0x08016744   0x000006dc   Code   RO          337    i._printf_core      mc_w.l(printfa.o)
    0x08016e20   0x08016e20   0x00000024   Code   RO          338    i._printf_post_padding  mc_w.l(printfa.o)
    0x08016e44   0x08016e44   0x0000002e   Code   RO          339    i._printf_pre_padding  mc_w.l(printfa.o)
    0x08016e72   0x08016e72   0x00000010   Data   RO          277    .rodata.AHBPrescTable  system_stm32f3xx.o
    0x08016e82   0x08016e82   0x00000008   Data   RO          278    .rodata.APBPrescTable  system_stm32f3xx.o
    0x08016e8a   0x08016e8a   0x00000020   Data   RO          155    .rodata.HAL_RCCEx_GetPeriphCLKFreq.adc_pll_prediv_table  stm32f3xx_hal_rcc_ex.o
    0x08016eaa   0x08016eaa   0x000005f0   Data   RO          315    .rodata.OLED_F8x16  oled.o
    0x0801749a   0x0801749a   0x00000010   Data   RO          146    .rodata.aPLLMULFactorTable  stm32f3xx_hal_rcc.o
    0x080174aa   0x080174aa   0x00000010   Data   RO          147    .rodata.aPredivFactorTable  stm32f3xx_hal_rcc.o
    0x080174ba   0x080174ba   0x00000035   Data   RO           20    .rodata.str1.1      voice_recieve.o
    0x080174ef   0x080174ef   0x00000004   Data   RO           49    .rodata.str1.1      main.o
    0x080174f3   0x080174f3   0x00000001   PAD
    0x080174f4   0x080174f4   0x00000020   Data   RO          410    Region$$Table       anon$$obj.o


    Execution Region RW_IRAM1 (Exec base: 0x20000000, Load base: 0x08017518, Size: 0x000012e8, Max: 0x00008000, ABSOLUTE)

    Exec Addr    Load Addr    Size         Type   Attr      Idx    E Section Name        Object

    0x20000000   0x08017518   0x00000004   Data   RW          380    .data               mc_w.l(stdout.o)
    0x20000004   0x0801751c   0x00000005   Data   RW          305    .data.NRF24L01_RxAddress  nrf24l01.o
    0x20000009   0x08017521   0x00000005   Data   RW          304    .data.NRF24L01_TxAddress  nrf24l01.o
    0x2000000e   0x08017526   0x00000002   PAD
    0x20000010   0x08017528   0x00000004   Data   RW          276    .data.SystemCoreClock  system_stm32f3xx.o
    0x20000014   0x0801752c   0x00000004   Data   RW           33    .data.current_dma_buffer  voice_send.o
    0x20000018   0x08017530   0x00000001   Data   RW          137    .data.uwTickFreq    stm32f3xx_hal.o
    0x20000019   0x08017531   0x00000003   PAD
    0x2000001c   0x08017534   0x00000004   Data   RW          136    .data.uwTickPrio    stm32f3xx_hal.o
    0x20000020        -       0x00000002   Zero   RW           13    .bss.A_ready        voice_recieve.o
    0x20000022        -       0x00000002   Zero   RW           14    .bss.B_ready        voice_recieve.o
    0x20000024        -       0x00000004   Zero   RW           19    .bss.HAL_DAC_DMAUnderrunCallbackCh1.underrun_count  voice_recieve.o
    0x20000028        -       0x00000001   Zero   RW          296    .bss.Key_Kick.Count  key.o
    0x20000029        -       0x00000001   Zero   RW          295    .bss.Key_Kick.CurrentState  key.o
    0x2000002a        -       0x00000001   Zero   RW          294    .bss.Key_Kick.PreviousState  key.o
    0x2000002b        -       0x00000020   Zero   RW          307    .bss.NRF24L01_RxPacket  nrf24l01.o
    0x2000004b        -       0x00000020   Zero   RW          306    .bss.NRF24L01_TxPacket  nrf24l01.o
    0x2000006b   0x08017538   0x00000001   PAD
    0x2000006c        -       0x00000200   Zero   RW           32    .bss.arr1           voice_send.o
    0x2000026c        -       0x00000200   Zero   RW           37    .bss.arr2           voice_send.o
    0x2000046c        -       0x00000001   Zero   RW           31    .bss.buffer_ready   voice_send.o
    0x2000046d        -       0x00000001   Zero   RW           12    .bss.current_rx_state  voice_recieve.o
    0x2000046e        -       0x00000400   Zero   RW           18    .bss.dac_buffer     voice_recieve.o
    0x2000086e   0x08017538   0x00000002   PAD
    0x20000870        -       0x00000050   Zero   RW           65    .bss.hadc1          adc.o
    0x200008c0        -       0x00000014   Zero   RW           74    .bss.hdac           dac.o
    0x200008d4        -       0x00000044   Zero   RW           66    .bss.hdma_adc1      adc.o
    0x20000918        -       0x00000044   Zero   RW           75    .bss.hdma_dac_ch1   dac.o
    0x2000095c        -       0x0000004c   Zero   RW           90    .bss.htim2          tim.o
    0x200009a8        -       0x0000004c   Zero   RW           91    .bss.htim3          tim.o
    0x200009f4        -       0x0000004c   Zero   RW           92    .bss.htim4          tim.o
    0x20000a40        -       0x00000088   Zero   RW          100    .bss.huart1         usart.o
    0x20000ac8        -       0x00000400   Zero   RW           17    .bss.intermediate_audio_buffer  voice_recieve.o
    0x20000ec8        -       0x00000001   Zero   RW           40    .bss.is_packet_prepared  voice_send.o
    0x20000ec9        -       0x00000001   Zero   RW          293    .bss.keynum         key.o
    0x20000eca        -       0x00000001   Zero   RW           36    .bss.packets_remaining  voice_send.o
    0x20000ecb   0x08017538   0x00000001   PAD
    0x20000ecc        -       0x00000004   Zero   RW           38    .bss.prepare_nrf_packet.overflow_count  voice_send.o
    0x20000ed0        -       0x00000002   Zero   RW           39    .bss.prepare_nrf_packet.packet_cnt  voice_send.o
    0x20000ed2   0x08017538   0x00000002   PAD
    0x20000ed4        -       0x00000004   Zero   RW           34    .bss.ready_buffer   voice_send.o
    0x20000ed8        -       0x00000002   Zero   RW           21    .bss.receiving_state_handler.timeout  voice_recieve.o
    0x20000eda        -       0x00000002   Zero   RW           35    .bss.sample_read_index  voice_send.o
    0x20000edc        -       0x00000001   Zero   RW           22    .bss.silence_flag   voice_recieve.o
    0x20000edd   0x08017538   0x00000001   PAD
    0x20000ede        -       0x00000002   Zero   RW           48    .bss.state          main.o
    0x20000ee0        -       0x00000004   Zero   RW          138    .bss.uwTick         stm32f3xx_hal.o
    0x20000ee4        -       0x00000002   Zero   RW           16    .bss.write_offset   voice_recieve.o
    0x20000ee6        -       0x00000001   Zero   RW           15    .bss.writing_half   voice_recieve.o
    0x20000ee7   0x08017538   0x00000001   PAD
    0x20000ee8        -       0x00000400   Zero   RW            1    STACK               startup_stm32f302xc.o


==============================================================================

Image component sizes


      Code (inc. data)   RO Data    RW Data    ZI Data      Debug   Object Name

       430          0          0          0        148       5083   adc.o
       372          0          0          0         88       4105   dac.o
       148          0          0          0          0        987   delay.o
        76          0          0          0          0       2412   dma.o
       252          0          0          0          0       1785   gpio.o
       302          0          0          0          4       2108   key.o
       550          0          4          0          2       3463   main.o
      1700          0          0         10         64       5317   nrf24l01.o
      2054          8       1520          0          0       5079   oled.o
        36          8        392          0       1024        852   startup_stm32f302xc.o
       698          0          0          5          4       5464   stm32f3xx_hal.o
       248          0          0          0          0       5972   stm32f3xx_hal_adc.o
     14498         12          0          0          0      18733   stm32f3xx_hal_adc_ex.o
      1478          0          0          0          0       8546   stm32f3xx_hal_cortex.o
       452          0          0          0          0       4820   stm32f3xx_hal_dac.o
      1008          0          0          0          0       5027   stm32f3xx_hal_dac_ex.o
      2116         10          0          0          0       6048   stm32f3xx_hal_dma.o
      1574          0          0          0          0       4491   stm32f3xx_hal_gpio.o
        66          0          0          0          0       1033   stm32f3xx_hal_msp.o
      4650          0         32          0          0       7817   stm32f3xx_hal_rcc.o
      2574          0         32          0          0       4909   stm32f3xx_hal_rcc_ex.o
     28018        248          0          0          0      34425   stm32f3xx_hal_tim.o
      9426          0          0          0          0      14839   stm32f3xx_hal_tim_ex.o
     12078         24          0          0          0      21379   stm32f3xx_hal_uart.o
      1640          0          0          0          0       6459   stm32f3xx_hal_uart_ex.o
        92          0          0          0          0       1061   stm32f3xx_it.o
       292          0         24          4          0       2080   system_stm32f3xx.o
       698          0          0          0        228       6647   tim.o
       262          0          0          0        136       4554   usart.o
       914          0         53          0       2063       4485   voice_recieve.o
       848          0          0          4       1039       5405   voice_send.o

    ----------------------------------------------------------------------
     89586        310       2090         28       4808     205385   Object Totals
         0          0         32          0          0          0   (incl. Generated)
        36          0          1          5          8          0   (incl. Padding)

    ----------------------------------------------------------------------

      Code (inc. data)   RO Data    RW Data    ZI Data      Debug   Library Member Name

         0          0          0          0          0          0   entry.o
         0          0          0          0          0          0   entry10a.o
         0          0          0          0          0          0   entry11a.o
         8          4          0          0          0          0   entry2.o
         4          0          0          0          0          0   entry5.o
         0          0          0          0          0          0   entry7b.o
         0          0          0          0          0          0   entry8b.o
         8          4          0          0          0          0   entry9a.o
        30          0          0          0          0          0   handlers.o
        48         10          0          0          0         68   init.o
         0          0          0          0          0          0   iusefp.o
        30          0          0          0          0         68   llshl.o
        36          0          0          0          0         68   llsshr.o
        32          0          0          0          0         68   llushr.o
        36          0          0          0          0        108   memseta.o
      2258         90          0          0          0        452   printfa.o
         0          0          0          4          0          0   stdout.o
        44          0          0          0          0         80   uidiv.o
        98          0          0          0          0         92   uldiv.o
        48          0          0          0          0         68   cdrcmple.o
       334          0          0          0          0        148   dadd.o
        54          0          0          0          0         80   dcmplt.o
       222          0          0          0          0        100   ddiv.o
       186          0          0          0          0        176   depilogue.o
        50          0          0          0          0         76   dfixui.o
        48          0          0          0          0         68   dfixul.o
        26          0          0          0          0         76   dfltui.o
       228          0          0          0          0         96   dmul.o

    ----------------------------------------------------------------------
      3832        108          0          4          0       1892   Library Totals
         4          0          0          0          0          0   (incl. Padding)

    ----------------------------------------------------------------------

      Code (inc. data)   RO Data    RW Data    ZI Data      Debug   Library Name

      2632        108          0          4          0       1004   mc_w.l
      1196          0          0          0          0        888   mf_w.l

    ----------------------------------------------------------------------
      3832        108          0          4          0       1892   Library Totals

    ----------------------------------------------------------------------

==============================================================================


      Code (inc. data)   RO Data    RW Data    ZI Data      Debug   

     93418        418       2090         32       4808     205913   Grand Totals
     93418        418       2090         32       4808     205913   ELF Image Totals
     93418        418       2090         32          0          0   ROM Totals

==============================================================================

    Total RO  Size (Code + RO Data)                95508 (  93.27kB)
    Total RW  Size (RW Data + ZI Data)              4840 (   4.73kB)
    Total ROM Size (Code + RO Data + RW Data)      95540 (  93.30kB)

==============================================================================

